2026-03-09 17:48:42,394 INFO     [input_parser.py:67] <constructor> Coordinate file './output.h5' parsed successfully.
2026-03-09 17:48:42,456 WARNING  [config.py:515] <_parse_type_lj> Ignoring LJ_type_param entries with unknown particle names not present in the current coordinates: Br, CB, CC, CD, CI, CE, CK, CM, ...
2026-03-09 17:48:43,527 INFO     [config.py:939] <get_config> Config file './options.toml' parse successfully.
2026-03-09 17:48:43,527 INFO     [input_parser.py:81] <constructor> Amber-like atomistic mode enabled (ensemble=NVT, combining_rule=lorentz-berthelot, coulomb14_scale=0.8333333333, lj14_scale=0.5, constrain_xh_bonds=False).
2026-03-09 17:48:43,653 INFO     [topology.py:63] <get_topol> Topology file './topol.toml' parsed successfully.
2026-03-09 17:48:43,654 INFO     [mdrun.py:139] <main> 

	Simulation parameters: 
	--------------------------------------------------
	box_size: [30.37 30.37 30.37]
	volume: 28011.375
	volume_per_cell: 0.1296822875738144
	n_steps: 1000
	n_particles: 21
	n_types: 11
	dielectric_const: 1.0
	particle_per_type: {np.int32(0): 1, np.int32(1): 3, np.int32(2): 6, np.int32(3): 2, np.int32(4): 1, np.int32(5): 1, np.int32(6): 2, np.int32(7): 2, np.int32(8): 1, np.int32(9): 1, np.int32(10): 1}
	range_types: [ 0  1  2  3  4  5  6  7  8  9 10]
	unique_types: (np.int32(0), np.int32(1), np.int32(2), np.int32(3), np.int32(4), np.int32(5), np.int32(6), np.int32(7), np.int32(8), np.int32(9), np.int32(10))
	inner_ts: 0.001
	outer_ts: 0.001
	n_mesh_cells: 216000
	fft_shape: (60, 60, 31)
	self_energy: 331.90509033203125
	mesh_size: [60 60 60]
	rho0: 8.86
	kappa: 0.05
	sigma: 0.5
	rv: 1.1
	rc: 0.9
	rlj: 0.9
	ns_nlist: 10
	nrexcl: 3
	epsilon_rf: 80
	skin: 0.2
	ff_family: amber_like
	combining_rule: lorentz-berthelot
	lj_input_source: mixing
	coulomb14_scale: 0.8333333333
	lj14_scale: 0.5
	constrain_xh_bonds: False
	unwrap_output: True
	ensemble: NVT
	thermostat: v-rescale
	respa_inner: 1
	n_print: 10
	n_flush: 1
	R: 0.00831446261815324
	mass: [[12.01 ]
 [ 1.008]
 [ 1.008]
 [ 1.008]
 [12.01 ]
 [ 1.008]
 [12.01 ]
 [ 1.008]
 [12.01 ]
 [ 1.008]
 [12.01 ]
 [ 1.008]
 [12.01 ]
 [16.   ]
 [16.   ]
 [12.01 ]
 [12.01 ]
 [12.01 ]
 [16.   ]
 [16.   ]
 [ 1.008]]
	cancel_com_momentum: True
	coulombtype: 1
	elec_conversion: 138.935458
	tau_t: 0.5
	start_temperature: 0
	target_temperature: 300.0
	a: 9.21
	pressure: False
	barostat: 0
	barostat_type: None
	tau_p: None
	n_b: 1
	beta: 3.6e-05
	target_pressure: None
	p_conv: 16.605390666
	LJ parameters:
		0	0	0.3398	0.451
		0	1	0.291	0.19808331580423424
		0	2	0.33565	0.43179092162758587
		0	3	0.30115000000000003	0.17434850157084805
		0	4	0.29669999999999996	0.17434850157084805
		0	5	0.29225	0.17434850157084805
		0	6	0.33565	0.43179092162758587
		0	7	0.32230000000000003	0.5254113626483539
		0	8	0.3277	0.37015375183834087
		0	9	0.33204999999999996	0.4189082238390648
		0	10	0.1968	0.0942586866023498
		1	1	0.2422	0.087
		1	2	0.28685	0.1896465132819478
		1	3	0.25235	0.07657545298592755
		1	4	0.2479	0.07657545298592755
		1	5	0.24345	0.07657545298592755
		1	6	0.28685	0.1896465132819478
		1	7	0.2735	0.2307654653538956
		1	8	0.2789	0.16257490581267453
		1	9	0.28325	0.18398831484635103
		1	10	0.148	0.04139927535597694
		2	2	0.3315	0.4134
		2	3	0.29700000000000004	0.16692261680191814
		2	4	0.29255	0.16692261680191814
		2	5	0.2881	0.16692261680191814
		2	6	0.3315	0.4134
		2	7	0.31815000000000004	0.5030329412672693
		2	8	0.32355	0.35438809235074475
		2	9	0.32789999999999997	0.40106600454289315
		2	10	0.19265000000000002	0.09024400257080799
		3	3	0.2625	0.0674
		3	4	0.25805	0.0674
		3	5	0.2536	0.0674
		3	6	0.29700000000000004	0.16692261680191814
		3	7	0.28365	0.20311459819520605
		3	8	0.28905000000000003	0.1430947937557478
		3	9	0.2934	0.16194239716639988
		3	10	0.15815	0.03643871567440323
		4	4	0.2536	0.0674
		4	5	0.24914999999999998	0.0674
		4	6	0.29255	0.16692261680191814
		4	7	0.2792	0.20311459819520605
		4	8	0.28459999999999996	0.1430947937557478
		4	9	0.28895	0.16194239716639988
		4	10	0.1537	0.03643871567440323
		5	5	0.2447	0.0674
		5	6	0.2881	0.16692261680191814
		5	7	0.27475	0.20311459819520605
		5	8	0.28015	0.1430947937557478
		5	9	0.2845	0.16194239716639988
		5	10	0.14925	0.03643871567440323
		6	6	0.3315	0.4134
		6	7	0.31815000000000004	0.5030329412672693
		6	8	0.32355	0.35438809235074475
		6	9	0.32789999999999997	0.40106600454289315
		6	10	0.19265000000000002	0.09024400257080799
		7	7	0.3048	0.6121
		7	8	0.31020000000000003	0.4312261355715815
		7	9	0.31455	0.4880247022436467
		7	10	0.17930000000000001	0.10981060968777105
		8	8	0.3156	0.3038
		8	9	0.31994999999999996	0.34381474662963485
		8	10	0.1847	0.07736187691621758
		9	9	0.3243	0.3891
		9	10	0.18905	0.08755152768512951
		10	10	0.0538	0.0197

2026-03-09 17:48:47,914 INFO     [file_io.py:572] <store_static> Whole-molecule unwrapping enabled for output (0 small + 1 large molecules, 21 bonds).
2026-03-09 17:48:47,950 INFO     [file_io.py:759] <store_data> 
         step         time         temp        tot E        kin E        pot E         LJ E       Elec E       bond E        ang E        dih E           Px           Py           Pz
            0            0            0       222.39            0       222.39       28.992      -438.47       14.195       40.913       576.76            0            0            0
2026-03-09 17:48:56,334 INFO     [file_io.py:759] <store_data> 
         step         time         temp        tot E        kin E        pot E         LJ E       Elec E       bond E        ang E        dih E           Px           Py           Pz
           10         0.01       309.79       225.51       81.135       144.37       25.824      -444.19       6.9177       26.571       529.25  -8.4937e-07  -8.9407e-07   4.7684e-07
2026-03-09 17:48:56,334 INFO     [mdrun.py:1002] <main> Step       10/1000     | Elapsed 0-00:00:07 |    0.125 ns/day |  192.582 h/ns |    1.442 step/s
2026-03-09 17:48:56,334 INFO     [mdrun.py:1003] <main> Thermo | T=  309.7856 K | P=    0.0000 bar | Ekin=   81.134575 | Eb=    6.917699 | Ea=   26.570644 | Ed=  529.254028 | ELJ=   25.823536 | Eelec= -444.193085
2026-03-09 17:49:03,808 INFO     [file_io.py:759] <store_data> 
         step         time         temp        tot E        kin E        pot E         LJ E       Elec E       bond E        ang E        dih E           Px           Py           Pz
           20         0.02       448.53       225.68       117.47       108.21       23.565      -442.06        15.42       43.972       467.31  -3.5763e-07  -1.4901e-08  -1.4305e-06
2026-03-09 17:49:03,809 INFO     [mdrun.py:1002] <main> Step       20/1000     | Elapsed 0-00:00:15 |    0.120 ns/day |  200.334 h/ns |    1.387 step/s
2026-03-09 17:49:03,809 INFO     [mdrun.py:1003] <main> Thermo | T=  448.5321 K | P=    0.0000 bar | Ekin=  117.473045 | Eb=   15.419530 | Ea=   43.972023 | Ed=  467.305115 | ELJ=   23.565311 | Eelec= -442.055023
2026-03-09 17:49:11,249 INFO     [file_io.py:759] <store_data> 
         step         time         temp        tot E        kin E        pot E         LJ E       Elec E       bond E        ang E        dih E           Px           Py           Pz
           30         0.03       273.31       222.48       71.582        150.9       27.444      -452.31       20.615       127.91       427.24  -7.1526e-07  -1.5497e-06   1.1921e-07
2026-03-09 17:49:11,249 INFO     [mdrun.py:1002] <main> Step       30/1000     | Elapsed 0-00:00:22 |    0.119 ns/day |  202.354 h/ns |    1.373 step/s
2026-03-09 17:49:11,249 INFO     [mdrun.py:1003] <main> Thermo | T=  273.3120 K | P=    0.0000 bar | Ekin=   71.581932 | Eb=   20.614651 | Ea=  127.911102 | Ed=  427.239868 | ELJ=   27.443920 | Eelec= -452.312469
2026-03-09 17:49:18,896 INFO     [file_io.py:759] <store_data> 
         step         time         temp        tot E        kin E        pot E         LJ E       Elec E       bond E        ang E        dih E           Px           Py           Pz
           40         0.04       271.84       221.29       71.197       150.09       32.768      -465.65        25.47       125.05       432.45  -1.0729e-06   1.4454e-06            0
2026-03-09 17:49:18,896 INFO     [mdrun.py:1002] <main> Step       40/1000     | Elapsed 0-00:00:30 |    0.117 ns/day |  204.619 h/ns |    1.358 step/s
2026-03-09 17:49:18,896 INFO     [mdrun.py:1003] <main> Thermo | T=  271.8404 K | P=    0.0000 bar | Ekin=   71.196518 | Eb=   25.470499 | Ea=  125.054314 | Ed=  432.446533 | ELJ=   32.768497 | Eelec= -465.650391
2026-03-09 17:49:27,338 INFO     [file_io.py:759] <store_data> 
         step         time         temp        tot E        kin E        pot E         LJ E       Elec E       bond E        ang E        dih E           Px           Py           Pz
           50         0.05       321.47       225.84       84.193       141.64       41.101      -463.94       44.971       70.124       449.38  -1.5497e-06   4.6492e-06  -1.1921e-07
2026-03-09 17:49:27,339 INFO     [mdrun.py:1002] <main> Step       50/1000     | Elapsed 0-00:00:38 |    0.114 ns/day |  210.224 h/ns |    1.321 step/s
2026-03-09 17:49:27,339 INFO     [mdrun.py:1003] <main> Thermo | T=  321.4651 K | P=    0.0000 bar | Ekin=   84.193497 | Eb=   44.970791 | Ea=   70.124374 | Ed=  449.382996 | ELJ=   41.100792 | Eelec= -463.936310
2026-03-09 17:49:35,069 INFO     [file_io.py:759] <store_data> 
         step         time         temp        tot E        kin E        pot E         LJ E       Elec E       bond E        ang E        dih E           Px           Py           Pz
           60         0.06       287.03        223.3       75.174       148.12       59.536      -465.21       18.056       89.715       446.02     4.53e-06  -9.5367e-07   1.1921e-07
2026-03-09 17:49:35,069 INFO     [mdrun.py:1002] <main> Step       60/1000     | Elapsed 0-00:00:46 |    0.114 ns/day |  211.094 h/ns |    1.316 step/s
2026-03-09 17:49:35,069 INFO     [mdrun.py:1003] <main> Thermo | T=  287.0275 K | P=    0.0000 bar | Ekin=   75.174103 | Eb=   18.056122 | Ea=   89.715248 | Ed=  446.023346 | ELJ=   59.535851 | Eelec= -465.206177
2026-03-09 17:49:42,826 INFO     [file_io.py:759] <store_data> 
         step         time         temp        tot E        kin E        pot E         LJ E       Elec E       bond E        ang E        dih E           Px           Py           Pz
           70         0.07       309.79        222.2       81.137       141.06       57.783      -453.24       20.799       55.576       460.14  -1.2517e-06  -3.5763e-07  -2.3842e-07
2026-03-09 17:49:42,826 INFO     [mdrun.py:1002] <main> Step       70/1000     | Elapsed 0-00:00:54 |    0.113 ns/day |  211.626 h/ns |    1.313 step/s
2026-03-09 17:49:42,827 INFO     [mdrun.py:1003] <main> Thermo | T=  309.7932 K | P=    0.0000 bar | Ekin=   81.136551 | Eb=   20.798622 | Ea=   55.576042 | Ed=  460.144653 | ELJ=   57.782574 | Eelec= -453.238098
2026-03-09 17:49:50,723 INFO     [file_io.py:759] <store_data> 
         step         time         temp        tot E        kin E        pot E         LJ E       Elec E       bond E        ang E        dih E           Px           Py           Pz
           80         0.08       333.24        217.6       87.278       130.32       27.726      -434.57       22.996       34.848       479.32  -6.1095e-07  -1.4305e-06   1.1921e-06
2026-03-09 17:49:50,724 INFO     [mdrun.py:1002] <main> Step       80/1000     | Elapsed 0-00:01:02 |    0.113 ns/day |  212.665 h/ns |    1.306 step/s
2026-03-09 17:49:50,724 INFO     [mdrun.py:1003] <main> Thermo | T=  333.2440 K | P=    0.0000 bar | Ekin=   87.278442 | Eb=   22.996401 | Ea=   34.848030 | Ed=  479.316895 | ELJ=   27.725582 | Eelec= -434.566101
2026-03-09 17:49:58,501 INFO     [file_io.py:759] <store_data> 
         step         time         temp        tot E        kin E        pot E         LJ E       Elec E       bond E        ang E        dih E           Px           Py           Pz
           90         0.09       316.18       220.06       82.808       137.26       17.384      -440.94       30.736       57.287       472.79   7.1526e-07   -2.861e-06  -5.9605e-08
2026-03-09 17:49:58,502 INFO     [mdrun.py:1002] <main> Step       90/1000     | Elapsed 0-00:01:09 |    0.113 ns/day |  212.964 h/ns |    1.304 step/s
2026-03-09 17:49:58,502 INFO     [mdrun.py:1003] <main> Thermo | T=  316.1761 K | P=    0.0000 bar | Ekin=   82.808281 | Eb=   30.735659 | Ea=   57.286774 | Ed=  472.787689 | ELJ=   17.383675 | Eelec= -440.938629
2026-03-09 17:50:06,349 INFO     [file_io.py:759] <store_data> 
         step         time         temp        tot E        kin E        pot E         LJ E       Elec E       bond E        ang E        dih E           Px           Py           Pz
          100          0.1        222.7       220.66       58.326       162.34       11.721      -436.16       43.034        85.85       457.89   5.9605e-07            0  -1.3132e-06
2026-03-09 17:50:06,349 INFO     [mdrun.py:1002] <main> Step      100/1000     | Elapsed 0-00:01:17 |    0.112 ns/day |  213.532 h/ns |    1.301 step/s
2026-03-09 17:50:06,350 INFO     [mdrun.py:1003] <main> Thermo | T=  222.6991 K | P=    0.0000 bar | Ekin=   58.326122 | Eb=   43.033520 | Ea=   85.849586 | Ed=  457.894836 | ELJ=   11.721236 | Eelec= -436.160858
2026-03-09 17:50:14,111 INFO     [file_io.py:759] <store_data> 
         step         time         temp        tot E        kin E        pot E         LJ E       Elec E       bond E        ang E        dih E           Px           Py           Pz
          110         0.11       270.71       221.87         70.9       150.97       15.503      -429.25       19.261       84.279       461.18  -1.5497e-06   5.3644e-07   6.5565e-07
2026-03-09 17:50:14,111 INFO     [mdrun.py:1002] <main> Step      110/1000     | Elapsed 0-00:01:25 |    0.112 ns/day |  213.729 h/ns |    1.300 step/s
2026-03-09 17:50:14,112 INFO     [mdrun.py:1003] <main> Thermo | T=  270.7080 K | P=    0.0000 bar | Ekin=   70.899940 | Eb=   19.261475 | Ea=   84.278595 | Ed=  461.176178 | ELJ=   15.502514 | Eelec= -429.245331
2026-03-09 17:50:21,819 INFO     [file_io.py:759] <store_data> 
         step         time         temp        tot E        kin E        pot E         LJ E       Elec E       bond E        ang E        dih E           Px           Py           Pz
          120         0.12       276.75        223.3       72.482       150.82       18.806      -435.42       29.921       64.021       473.49   8.3447e-07  -1.4305e-06   1.1325e-06
2026-03-09 17:50:21,819 INFO     [mdrun.py:1002] <main> Step      120/1000     | Elapsed 0-00:01:33 |    0.112 ns/day |  213.780 h/ns |    1.299 step/s
2026-03-09 17:50:21,819 INFO     [mdrun.py:1003] <main> Thermo | T=  276.7474 K | P=    0.0000 bar | Ekin=   72.481674 | Eb=   29.920582 | Ea=   64.021179 | Ed=  473.485413 | ELJ=   18.806410 | Eelec= -435.416534
2026-03-09 17:50:29,251 INFO     [file_io.py:759] <store_data> 
         step         time         temp        tot E        kin E        pot E         LJ E       Elec E       bond E        ang E        dih E           Px           Py           Pz
          130         0.13       334.12       225.89       87.507       138.39       22.095      -450.08       26.045       70.863       469.46  -3.0994e-06  -1.1921e-06  -7.3016e-07
2026-03-09 17:50:29,251 INFO     [mdrun.py:1002] <main> Step      130/1000     | Elapsed 0-00:01:40 |    0.113 ns/day |  213.225 h/ns |    1.303 step/s
2026-03-09 17:50:29,251 INFO     [mdrun.py:1003] <main> Thermo | T=  334.1156 K | P=    0.0000 bar | Ekin=   87.506737 | Eb=   26.044991 | Ea=   70.862762 | Ed=  469.464294 | ELJ=   22.094574 | Eelec= -450.078949
2026-03-09 17:50:36,857 INFO     [file_io.py:759] <store_data> 
         step         time         temp        tot E        kin E        pot E         LJ E       Elec E       bond E        ang E        dih E           Px           Py           Pz
          140         0.14       338.97       230.97       88.779       142.19       38.526      -466.89       44.481       65.027       461.04  -2.1458e-06   2.5034e-06   4.3213e-07
2026-03-09 17:50:36,858 INFO     [mdrun.py:1002] <main> Step      140/1000     | Elapsed 0-00:01:48 |    0.113 ns/day |  213.025 h/ns |    1.304 step/s
2026-03-09 17:50:36,858 INFO     [mdrun.py:1003] <main> Thermo | T=  338.9743 K | P=    0.0000 bar | Ekin=   88.779259 | Eb=   44.481083 | Ea=   65.026855 | Ed=  461.042572 | ELJ=   38.525616 | Eelec= -466.888336
2026-03-09 17:50:44,330 INFO     [file_io.py:759] <store_data> 
         step         time         temp        tot E        kin E        pot E         LJ E       Elec E       bond E        ang E        dih E           Px           Py           Pz
          150         0.15        365.9       229.12       95.832       133.29       52.911      -465.68       15.892       70.524       459.64   1.4305e-06  -5.8413e-06  -1.2023e-06
2026-03-09 17:50:44,331 INFO     [mdrun.py:1002] <main> Step      150/1000     | Elapsed 0-00:01:55 |    0.113 ns/day |  212.701 h/ns |    1.306 step/s
2026-03-09 17:50:44,331 INFO     [mdrun.py:1003] <main> Thermo | T=  365.9018 K | P=    0.0000 bar | Ekin=   95.831711 | Eb=   15.892092 | Ea=   70.524078 | Ed=  459.638275 | ELJ=   52.911495 | Eelec= -465.677429
2026-03-09 17:50:51,872 INFO     [file_io.py:759] <store_data> 
         step         time         temp        tot E        kin E        pot E         LJ E       Elec E       bond E        ang E        dih E           Px           Py           Pz
          160         0.16       288.82       223.44       75.643       147.79       57.901      -458.12        16.88        83.66       447.47   2.3842e-07   1.4901e-07    2.861e-06
2026-03-09 17:50:51,872 INFO     [mdrun.py:1002] <main> Step      160/1000     | Elapsed 0-00:02:03 |    0.113 ns/day |  212.478 h/ns |    1.307 step/s
2026-03-09 17:50:51,872 INFO     [mdrun.py:1003] <main> Thermo | T=  288.8177 K | P=    0.0000 bar | Ekin=   75.642952 | Eb=   16.880337 | Ea=   83.659782 | Ed=  447.474548 | ELJ=   57.901253 | Eelec= -458.123169
2026-03-09 17:50:59,388 INFO     [file_io.py:759] <store_data> 
         step         time         temp        tot E        kin E        pot E         LJ E       Elec E       bond E        ang E        dih E           Px           Py           Pz
          170         0.17       294.36       219.93       77.095       142.83       46.668      -458.97       15.724       101.69       437.72   3.0994e-06  -2.2352e-08   1.5013e-06
2026-03-09 17:50:59,388 INFO     [mdrun.py:1002] <main> Step      170/1000     | Elapsed 0-00:02:10 |    0.113 ns/day |  212.285 h/ns |    1.309 step/s
2026-03-09 17:50:59,388 INFO     [mdrun.py:1003] <main> Thermo | T=  294.3634 K | P=    0.0000 bar | Ekin=   77.095406 | Eb=   15.724132 | Ea=  101.688164 | Ed=  437.719421 | ELJ=   46.667645 | Eelec= -458.965454
