2026-05-13 17:40:55,044 ERROR    [input_parser.py:275] <constructor> Unable to parse coordinate file './output.h5'.
Traceback (most recent call last):
  File "/home/orlandi/miniconda3/lib/python3.13/site-packages/diff_md/input_parser.py", line 57, in constructor
    with h5py.File(f"{coord_path}", "r", driver=None) as in_file:
         ~~~~~~~~~^^^^^^^^^^^^^^^^^^^^^^^^^^^^^^^^^^^
  File "/home/orlandi/miniconda3/lib/python3.13/site-packages/h5py/_hl/files.py", line 555, in __init__
    fid = make_fid(name, mode, userblock_size, fapl, fcpl, swmr=swmr)
  File "/home/orlandi/miniconda3/lib/python3.13/site-packages/h5py/_hl/files.py", line 232, in make_fid
    fid = h5f.open(name, flags, fapl=fapl)
  File "h5py/_objects.pyx", line 54, in h5py._objects.with_phil.wrapper
  File "h5py/_objects.pyx", line 55, in h5py._objects.with_phil.wrapper
  File "h5py/h5f.pyx", line 106, in h5py.h5f.open
FileNotFoundError: [Errno 2] Unable to synchronously open file (unable to open file: name = './output.h5', errno = 2, error message = 'No such file or directory', flags = 0, o_flags = 0)
2026-05-13 17:41:01,927 INFO     [input_parser.py:285] <constructor> Coordinate file './input.h5' parsed successfully.
2026-05-13 17:41:02,354 INFO     [config.py:806] <get_config> LJ parameters | combining_rule=pairtable | lj_input_source=auto | n_types=6
    type_i    type_j  id_i  id_j    sigma_ij  epsilon_ij
        Q1        Q1     0     0    0.470000    3.980000
        Q1        Q5     0     1    0.470000    3.790000
        Q1      SN4a     0     2    0.430000    4.236000
        Q1       N4a     0     3    0.470000    4.726000
        Q1        C1     0     4    0.485000    2.578000
        Q1         W     0     5    0.465000    5.220000
        Q5        Q5     1     1    0.470000    6.450000
        Q5      SN4a     1     2    0.430000    4.386000
        Q5       N4a     1     3    0.470000    4.887000
        Q5        C1     1     4    0.620000    2.046000
        Q5         W     1     5    0.465000    6.340000
      SN4a      SN4a     2     2    0.410000    2.600000
      SN4a       N4a     2     3    0.430000    2.930000
      SN4a        C1     2     4    0.430000    2.160000
      SN4a         W     2     5    0.425000    3.000000
       N4a       N4a     3     3    0.470000    3.390000
       N4a        C1     3     4    0.470000    2.790000
       N4a         W     3     5    0.465000    3.500000
        C1        C1     4     4    0.470000    3.390000
        C1         W     4     5    0.470000    2.060000
         W         W     5     5    0.470000    4.650000
2026-05-13 17:41:03,182 INFO     [config.py:1294] <get_config> Config file './options.toml' parse successfully.
2026-05-13 17:41:03,313 INFO     [topology.py:82] <get_topol> Topology file './topol.toml' parsed successfully.
2026-05-13 17:41:03,314 INFO     [mdrun.py:823] <main> 

	Simulation parameters: 
	--------------------------------------------------
	box_size: [4.45532 4.45532 7.24905]
	volume: 143.89273071289062
	volume_per_cell: 0.017986591905355453
	n_steps: 2000
	n_particles: 1284
	n_types: 6
	dielectric_const: 15
	particle_per_type: {np.int32(0): 64, np.int32(1): 64, np.int32(2): 64, np.int32(3): 64, np.int32(4): 512, np.int32(5): 516}
	range_types: (0, 1, 2, 3, 4, 5)
	unique_types: (np.int32(0), np.int32(1), np.int32(2), np.int32(3), np.int32(4), np.int32(5))
	inner_ts: 0.02
	outer_ts: 0.02
	n_mesh_cells: 8000
	fft_shape: (20, 20, 11)
	self_energy: 812.9708862304688
	mesh_size: [20 20 20]
	rho0: 8.86
	kappa: 0.05
	sigma: 0.5
	rv: 1.2
	rc: 1.0
	rlj: 1.0
	ns_nlist: 20
	nrexcl: 1
	epsilon_rf: 80
	skin: 0.2
	nlist_method: cell
	nlist_capacity_multiplier: 1.25
	ff_family: martini
	combining_rule: pairtable
	lj_input_source: auto
	lj_force_shift: False
	coulomb14_scale: 1.0
	lj14_scale: 1.0
	constrain_xh_bonds: False
	unwrap_output: True
	ensemble: NVT
	thermostat: v-rescale
	respa_inner: 1
	pme_order: 2
	n_print: 1
	n_flush: 1
	R: 0.00831446261815324
	mass: [[72.]
 [72.]
 [72.]
 ...
 [72.]
 [72.]
 [72.]]
	cancel_com_momentum: 10
	coulombtype: 2
	elec_conversion: 9.262363866666668
	ewald_rtol: 1e-05
	tau_t: 0.5
	start_temperature: 0
	target_temperature: 310.15
	a: 9.21
	pressure: False
	barostat: 0
	barostat_type: None
	tau_p: None
	n_b: 1
	beta: 3.6e-05
	target_pressure: None
	p_conv: 16.605390666

2026-05-13 17:41:03,328 INFO     [diagnostics.py:631] <print_startup_diagnostics> 
================================================================================
                                  DIFF-MD MDRUN                                 
================================================================================
  Date:              2026-05-13T17:41:03.328176

  ── System ──────────────────────────────────────────────────────────
  n_particles:       1,284
  n_steps:           2,000
  timestep:          0.0200 ps  →  total = 40.00 ps
  n_print:           1
  Ensemble:          NVT
  Thermostat:        v-rescale  tau_t=0.50 ps
  Target temp.:      310.1 K

  ── Neighbour list / Force-field ─────────────────────────────────────
  FF family:         martini  (pairtable)
  Electrostatics:    reaction-field
  LJ cutoff rv:      1.200 nm  rc=1.000 nm  rlj=1.000 nm
  Nlist method:      cell  ns_nlist=20  skin=0.200 nm
  nrexcl:            1

  ── Runtime & Hardware ────────────────────────────────────────────────
  MPI ranks:         1
  Devices:           1 × CPU
  Working dtype:     float32
  JAX version:       0.9.1
  jax_debug_nans:    False
  CPU:               Intel(R) Core(TM) i5-8500 CPU @ 3.00GHz  (6 cores)
  System memory:     19.1 GB total, 9.1 GB available
  CUDA_VISIBLE_DEV:  unset
  XLA_PREALLOCATE:   unset  MEM_FRACTION=unset
================================================================================
2026-05-13 17:41:03,607 INFO     [mdrun.py:1061] <main> Using cell neighbor list (rv=1.200, skin=0.200, capacity_multiplier=1.25, capacity=52089)
2026-05-13 17:41:08,531 INFO     [file_io.py:861] <store_static> Whole-molecule unwrapping enabled for output (0 small + 64 large molecules, 704 bonds).
2026-05-13 17:41:08,677 INFO     [file_io.py:1048] <store_data> 
         step         time         temp        tot E        kin E        pot E         LJ E       Elec E       bond E        ang E           Px           Py           Pz
            0            0       319.88       -17686       5122.5       -22808       -24285       -200.3         1008       668.95  -0.00014305  -0.00010586   0.00018215
2026-05-13 17:41:08,693 INFO     [mdrun.py:1583] <main> Starting MD loop: 2000 steps in 2000 chunk(s) of 1 steps (first chunk triggers JIT compilation).
2026-05-13 17:44:27,877 INFO     [input_parser.py:285] <constructor> Coordinate file './input.h5' parsed successfully.
2026-05-13 17:44:28,226 INFO     [config.py:806] <get_config> LJ parameters | combining_rule=pairtable | lj_input_source=auto | n_types=6
    type_i    type_j  id_i  id_j    sigma_ij  epsilon_ij
        Q1        Q1     0     0    0.470000    3.980000
        Q1        Q5     0     1    0.470000    3.790000
        Q1      SN4a     0     2    0.430000    4.236000
        Q1       N4a     0     3    0.470000    4.726000
        Q1        C1     0     4    0.485000    2.578000
        Q1         W     0     5    0.465000    5.220000
        Q5        Q5     1     1    0.470000    6.450000
        Q5      SN4a     1     2    0.430000    4.386000
        Q5       N4a     1     3    0.470000    4.887000
        Q5        C1     1     4    0.620000    2.046000
        Q5         W     1     5    0.465000    6.340000
      SN4a      SN4a     2     2    0.410000    2.600000
      SN4a       N4a     2     3    0.430000    2.930000
      SN4a        C1     2     4    0.430000    2.160000
      SN4a         W     2     5    0.425000    3.000000
       N4a       N4a     3     3    0.470000    3.390000
       N4a        C1     3     4    0.470000    2.790000
       N4a         W     3     5    0.465000    3.500000
        C1        C1     4     4    0.470000    3.390000
        C1         W     4     5    0.470000    2.060000
         W         W     5     5    0.470000    4.650000
2026-05-13 17:44:28,857 INFO     [config.py:1294] <get_config> Config file './options.toml' parse successfully.
2026-05-13 17:44:28,956 INFO     [topology.py:82] <get_topol> Topology file './topol.toml' parsed successfully.
2026-05-13 17:44:28,957 INFO     [mdrun.py:823] <main> 

	Simulation parameters: 
	--------------------------------------------------
	box_size: [4.45532 4.45532 7.24905]
	volume: 143.89273071289062
	volume_per_cell: 0.017986591905355453
	n_steps: 2000
	n_particles: 1284
	n_types: 6
	dielectric_const: 15
	particle_per_type: {np.int32(0): 64, np.int32(1): 64, np.int32(2): 64, np.int32(3): 64, np.int32(4): 512, np.int32(5): 516}
	range_types: (0, 1, 2, 3, 4, 5)
	unique_types: (np.int32(0), np.int32(1), np.int32(2), np.int32(3), np.int32(4), np.int32(5))
	inner_ts: 0.02
	outer_ts: 0.02
	n_mesh_cells: 8000
	fft_shape: (20, 20, 11)
	self_energy: 812.9708862304688
	mesh_size: [20 20 20]
	rho0: 8.86
	kappa: 0.05
	sigma: 0.5
	rv: 1.2
	rc: 1.0
	rlj: 1.0
	ns_nlist: 20
	nrexcl: 1
	epsilon_rf: 80
	skin: 0.2
	nlist_method: cell
	nlist_capacity_multiplier: 1.25
	ff_family: martini
	combining_rule: pairtable
	lj_input_source: auto
	lj_force_shift: False
	coulomb14_scale: 1.0
	lj14_scale: 1.0
	constrain_xh_bonds: False
	unwrap_output: True
	ensemble: NVT
	thermostat: v-rescale
	respa_inner: 1
	pme_order: 2
	n_print: 1
	n_flush: 1
	R: 0.00831446261815324
	mass: [[72.]
 [72.]
 [72.]
 ...
 [72.]
 [72.]
 [72.]]
	cancel_com_momentum: 10
	coulombtype: 2
	elec_conversion: 9.262363866666668
	ewald_rtol: 1e-05
	tau_t: 0.5
	start_temperature: 0
	target_temperature: 310.15
	a: 9.21
	pressure: False
	barostat: 0
	barostat_type: None
	tau_p: None
	n_b: 1
	beta: 3.6e-05
	target_pressure: None
	p_conv: 16.605390666

2026-05-13 17:44:28,972 INFO     [diagnostics.py:631] <print_startup_diagnostics> 
================================================================================
                                  DIFF-MD MDRUN                                 
================================================================================
  Date:              2026-05-13T17:44:28.972195

  ── System ──────────────────────────────────────────────────────────
  n_particles:       1,284
  n_steps:           2,000
  timestep:          0.0200 ps  →  total = 40.00 ps
  n_print:           1
  Ensemble:          NVT
  Thermostat:        v-rescale  tau_t=0.50 ps
  Target temp.:      310.1 K

  ── Neighbour list / Force-field ─────────────────────────────────────
  FF family:         martini  (pairtable)
  Electrostatics:    reaction-field
  LJ cutoff rv:      1.200 nm  rc=1.000 nm  rlj=1.000 nm
  Nlist method:      cell  ns_nlist=20  skin=0.200 nm
  nrexcl:            1

  ── Runtime & Hardware ────────────────────────────────────────────────
  MPI ranks:         1
  Devices:           1 × CPU
  Working dtype:     float32
  JAX version:       0.9.1
  jax_debug_nans:    False
  CPU:               Intel(R) Core(TM) i5-8500 CPU @ 3.00GHz  (6 cores)
  System memory:     19.1 GB total, 15.0 GB available
  CUDA_VISIBLE_DEV:  unset
  XLA_PREALLOCATE:   unset  MEM_FRACTION=unset
================================================================================
2026-05-13 17:44:29,160 INFO     [mdrun.py:1061] <main> Using cell neighbor list (rv=1.200, skin=0.200, capacity_multiplier=1.25, capacity=52089)
2026-05-13 17:44:32,003 INFO     [file_io.py:861] <store_static> Whole-molecule unwrapping enabled for output (0 small + 64 large molecules, 704 bonds).
2026-05-13 17:44:32,099 INFO     [file_io.py:1048] <store_data> 
         step         time         temp        tot E        kin E        pot E         LJ E       Elec E       bond E        ang E           Px           Py           Pz
            0            0       319.88       -17686       5122.5       -22808       -24285       -200.3         1008       668.95  -0.00014305  -0.00010586   0.00018215
2026-05-13 17:44:32,111 INFO     [mdrun.py:1583] <main> Starting MD loop: 2000 steps in 2000 chunk(s) of 1 steps (first chunk triggers JIT compilation).
2026-05-13 17:44:33,877 INFO     [file_io.py:1048] <store_data> 
         step         time         temp        tot E        kin E        pot E         LJ E       Elec E       bond E        ang E           Px           Py           Pz
            1         0.02       323.83       -17678       5185.7       -22864       -24341      -202.53       1010.4       669.88  -0.00021362  -0.00012875   0.00016975
2026-05-13 17:44:33,878 INFO     [mdrun.py:1749] <main> Step        1/2000     | Elapsed 0-00:00:01 |    1.944 ns/day |   12.347 h/ns |    1.125 step/s
2026-05-13 17:44:33,878 INFO     [mdrun.py:1750] <main> Thermo | T=  323.8313 K | P=    0.0000 bar | Ekin= 5185.721680 | Eb= 1010.423828 | Ea=  669.879883 | Ed=    0.000000 | ELJ=-24341.314453 | Eelec= -202.533020
