2026-03-09 15:08:37,632 INFO     [input_parser.py:67] <constructor> Coordinate file './output.h5' parsed successfully.
2026-03-09 15:08:37,716 WARNING  [config.py:515] <_parse_type_lj> Ignoring LJ_type_param entries with unknown particle names not present in the current coordinates: Br, C, CA, CB, CC, CD, CI, CE, ...
2026-03-09 15:08:38,795 INFO     [config.py:939] <get_config> Config file './options.toml' parse successfully.
2026-03-09 15:08:38,795 INFO     [input_parser.py:81] <constructor> Amber-like atomistic mode enabled (ensemble=NVT, combining_rule=lorentz-berthelot, coulomb14_scale=0.8333333333, lj14_scale=0.5, constrain_xh_bonds=False).
2026-03-09 15:08:38,884 INFO     [topology.py:63] <get_topol> Topology file './topol.toml' parsed successfully.
2026-03-09 15:08:38,885 INFO     [mdrun.py:139] <main> 

	Simulation parameters: 
	--------------------------------------------------
	box_size: [3.0373 3.0373 3.0373]
	volume: 28.019676208496094
	volume_per_cell: 0.00012972071999683976
	n_steps: 1000
	n_particles: 15
	n_types: 4
	dielectric_const: 1.0
	particle_per_type: {np.int32(0): 4, np.int32(1): 8, np.int32(2): 1, np.int32(3): 2}
	range_types: [0 1 2 3]
	unique_types: (np.int32(0), np.int32(1), np.int32(2), np.int32(3))
	inner_ts: 0.001
	outer_ts: 0.001
	n_mesh_cells: 216000
	fft_shape: (60, 60, 31)
	self_energy: 1127.759521484375
	mesh_size: [60 60 60]
	rho0: 8.86
	kappa: 0.05
	sigma: 0.5
	rv: 1.1
	rc: 0.9
	rlj: 0.9
	ns_nlist: 10
	nrexcl: 3
	epsilon_rf: 80
	skin: 0.2
	ff_family: amber_like
	combining_rule: lorentz-berthelot
	lj_input_source: mixing
	coulomb14_scale: 0.8333333333
	lj14_scale: 0.5
	constrain_xh_bonds: False
	unwrap_output: True
	ensemble: NVT
	thermostat: v-rescale
	respa_inner: 1
	n_print: 10
	n_flush: 1
	R: 0.00831446261815324
	mass: [[16.   ]
 [ 1.008]
 [ 1.008]
 [16.   ]
 [ 1.008]
 [ 1.008]
 [16.   ]
 [ 1.008]
 [ 1.008]
 [16.   ]
 [ 1.008]
 [ 1.008]
 [72.   ]
 [72.   ]
 [72.   ]]
	cancel_com_momentum: True
	coulombtype: 1
	elec_conversion: 138.935458
	tau_t: 0.5
	start_temperature: 0
	target_temperature: 300.0
	a: 9.21
	pressure: False
	barostat: 0
	barostat_type: None
	tau_p: None
	n_b: 1
	beta: 3.6e-05
	target_pressure: None
	p_conv: 16.605390666
	LJ parameters:
		0	0	0.315	0.636
		0	1	0.1575	0.0
		0	2	0.2555	0.1823809200547031
		0	3	0.3815	0.3078376195334157
		1	1	0.0	0.0
		1	2	0.098	0.0
		1	3	0.224	0.0
		2	2	0.196	0.0523
		2	3	0.322	0.08827627087728615
		3	3	0.448	0.149

2026-03-09 15:08:41,179 INFO     [file_io.py:572] <store_static> Whole-molecule unwrapping enabled for output (4 small + 0 large molecules, 8 bonds).
2026-03-09 15:08:41,237 INFO     [file_io.py:759] <store_data> 
         step         time         temp        tot E        kin E        pot E         LJ E       Elec E       bond E        ang E           Px           Py           Pz
            0            0            0      -985.27            0      -985.27     -0.99582      -1005.9       21.619    0.0081885            0            0            0
2026-03-09 15:08:44,976 INFO     [file_io.py:759] <store_data> 
         step         time         temp        tot E        kin E        pot E         LJ E       Elec E       bond E        ang E           Px           Py           Pz
           10         0.01       1513.9      -995.07       283.21      -1278.3      -1.4523      -1334.9        24.33       33.727   2.3842e-07            0  -9.5367e-07
2026-03-09 15:08:44,976 INFO     [mdrun.py:1002] <main> Step       10/1000     | Elapsed 0-00:00:03 |    0.275 ns/day |   87.429 h/ns |    3.177 step/s
2026-03-09 15:08:44,976 INFO     [mdrun.py:1003] <main> Thermo | T= 1513.9067 K | P=    0.0000 bar | Ekin=  283.214722 | Eb=   24.329807 | Ea=   33.726795 | Ed=    0.000000 | ELJ=   -1.452322 | Eelec=-1334.890747
2026-03-09 15:08:47,394 INFO     [file_io.py:759] <store_data> 
         step         time         temp        tot E        kin E        pot E         LJ E       Elec E       bond E        ang E           Px           Py           Pz
           20         0.02       2183.6      -1001.1       408.49      -1409.6      -1.6158        -1438       7.8243       22.118   4.7684e-07  -9.5367e-07   2.1458e-06
2026-03-09 15:08:47,394 INFO     [mdrun.py:1002] <main> Step       20/1000     | Elapsed 0-00:00:05 |    0.307 ns/day |   78.128 h/ns |    3.555 step/s
2026-03-09 15:08:47,394 INFO     [mdrun.py:1003] <main> Thermo | T= 2183.5564 K | P=    0.0000 bar | Ekin=  408.489716 | Eb=    7.824275 | Ea=   22.117836 | Ed=    0.000000 | ELJ=   -1.615755 | Eelec=-1437.956177
2026-03-09 15:08:49,820 INFO     [file_io.py:759] <store_data> 
         step         time         temp        tot E        kin E        pot E         LJ E       Elec E       bond E        ang E           Px           Py           Pz
           30         0.03       781.07      -1002.1       146.12      -1148.3      -1.3224      -1161.8       4.0266       10.815  -9.5367e-07    5.722e-06   1.1921e-07
2026-03-09 15:08:49,820 INFO     [mdrun.py:1002] <main> Step       30/1000     | Elapsed 0-00:00:08 |    0.321 ns/day |   74.697 h/ns |    3.719 step/s
2026-03-09 15:08:49,820 INFO     [mdrun.py:1003] <main> Thermo | T=  781.0703 K | P=    0.0000 bar | Ekin=  146.119034 | Eb=    4.026598 | Ea=   10.814506 | Ed=    0.000000 | ELJ=   -1.322367 | Eelec=-1161.784424
2026-03-09 15:08:52,258 INFO     [file_io.py:759] <store_data> 
         step         time         temp        tot E        kin E        pot E         LJ E       Elec E       bond E        ang E           Px           Py           Pz
           40         0.04       2088.7      -1007.7       390.74      -1398.4     -0.71208      -1522.1       45.042       79.376            0            0   2.3842e-06
2026-03-09 15:08:52,258 INFO     [mdrun.py:1002] <main> Step       40/1000     | Elapsed 0-00:00:10 |    0.329 ns/day |   72.968 h/ns |    3.807 step/s
2026-03-09 15:08:52,258 INFO     [mdrun.py:1003] <main> Thermo | T= 2088.6633 K | P=    0.0000 bar | Ekin=  390.737518 | Eb=   45.041901 | Ea=   79.375656 | Ed=    0.000000 | ELJ=   -0.712081 | Eelec=-1522.132324
2026-03-09 15:08:54,749 INFO     [file_io.py:759] <store_data> 
         step         time         temp        tot E        kin E        pot E         LJ E       Elec E       bond E        ang E           Px           Py           Pz
           50         0.05         2299      -1015.9       430.09        -1446       2.1639      -1516.7           63       5.4916   -5.722e-06   7.6294e-06            0
2026-03-09 15:08:54,749 INFO     [mdrun.py:1002] <main> Step       50/1000     | Elapsed 0-00:00:13 |    0.332 ns/day |   72.243 h/ns |    3.845 step/s
2026-03-09 15:08:54,749 INFO     [mdrun.py:1003] <main> Thermo | T= 2299.0281 K | P=    0.0000 bar | Ekin=  430.091614 | Eb=   63.000378 | Ea=    5.491597 | Ed=    0.000000 | ELJ=    2.163871 | Eelec=-1516.670288
