2026-03-09 16:07:04,109 INFO     [input_parser.py:67] <constructor> Coordinate file './output.h5' parsed successfully.
2026-03-09 16:07:04,191 WARNING  [config.py:515] <_parse_type_lj> Ignoring LJ_type_param entries with unknown particle names not present in the current coordinates: Br, C, CA, CB, CC, CD, CI, CE, ...
2026-03-09 16:07:05,258 INFO     [config.py:939] <get_config> Config file './options.one.toml' parse successfully.
2026-03-09 16:07:05,259 INFO     [input_parser.py:81] <constructor> Amber-like atomistic mode enabled (ensemble=NVT, combining_rule=lorentz-berthelot, coulomb14_scale=0.8333333333, lj14_scale=0.5, constrain_xh_bonds=False).
2026-03-09 16:07:05,336 INFO     [topology.py:63] <get_topol> Topology file './topol.toml' parsed successfully.
2026-03-09 16:07:05,338 INFO     [mdrun.py:139] <main> 

	Simulation parameters: 
	--------------------------------------------------
	box_size: [3.0373 3.0373 3.0373]
	volume: 28.019676208496094
	volume_per_cell: 0.0012764065759256482
	n_steps: 1
	n_particles: 15
	n_types: 4
	dielectric_const: 1.0
	particle_per_type: {np.int32(0): 4, np.int32(1): 8, np.int32(2): 1, np.int32(3): 2}
	range_types: [0 1 2 3]
	unique_types: (np.int32(0), np.int32(1), np.int32(2), np.int32(3))
	inner_ts: 0.001
	outer_ts: 0.001
	n_mesh_cells: 21952
	fft_shape: (28, 28, 15)
	self_energy: 1127.759521484375
	mesh_size: [28 28 28]
	rho0: 8.86
	kappa: 0.05
	sigma: 0.5
	rv: 1.0
	rc: 1.0
	rlj: 1.0
	ns_nlist: 1
	nrexcl: 3
	epsilon_rf: 80
	skin: 0.2
	ff_family: amber_like
	combining_rule: lorentz-berthelot
	lj_input_source: mixing
	coulomb14_scale: 0.8333333333
	lj14_scale: 0.5
	constrain_xh_bonds: False
	unwrap_output: True
	ensemble: NVT
	thermostat: v-rescale
	respa_inner: 1
	n_print: 10
	n_flush: 1
	R: 0.00831446261815324
	mass: [[16.   ]
 [ 1.008]
 [ 1.008]
 [16.   ]
 [ 1.008]
 [ 1.008]
 [16.   ]
 [ 1.008]
 [ 1.008]
 [16.   ]
 [ 1.008]
 [ 1.008]
 [72.   ]
 [72.   ]
 [72.   ]]
	cancel_com_momentum: True
	coulombtype: 1
	elec_conversion: 138.935458
	tau_t: 0.5
	start_temperature: 0
	target_temperature: 300.0
	a: 9.21
	pressure: False
	barostat: 0
	barostat_type: None
	tau_p: None
	n_b: 1
	beta: 3.6e-05
	target_pressure: None
	p_conv: 16.605390666
	LJ parameters:
		0	0	0.315	0.636
		0	1	0.1575	0.0
		0	2	0.2555	0.1823809200547031
		0	3	0.3815	0.3078376195334157
		1	1	0.0	0.0
		1	2	0.098	0.0
		1	3	0.224	0.0
		2	2	0.196	0.0523
		2	3	0.322	0.08827627087728615
		3	3	0.448	0.149

2026-03-09 16:07:44,167 INFO     [input_parser.py:67] <constructor> Coordinate file './output.h5' parsed successfully.
2026-03-09 16:07:44,231 WARNING  [config.py:515] <_parse_type_lj> Ignoring LJ_type_param entries with unknown particle names not present in the current coordinates: Br, C, CA, CB, CC, CD, CI, CE, ...
2026-03-09 16:07:45,281 INFO     [config.py:939] <get_config> Config file './options.one.toml' parse successfully.
2026-03-09 16:07:45,281 INFO     [input_parser.py:81] <constructor> Amber-like atomistic mode enabled (ensemble=NVT, combining_rule=lorentz-berthelot, coulomb14_scale=0.8333333333, lj14_scale=0.5, constrain_xh_bonds=False).
2026-03-09 16:07:45,358 INFO     [topology.py:63] <get_topol> Topology file './topol.toml' parsed successfully.
2026-03-09 16:07:45,359 INFO     [mdrun.py:139] <main> 

	Simulation parameters: 
	--------------------------------------------------
	box_size: [3.0373 3.0373 3.0373]
	volume: 28.019676208496094
	volume_per_cell: 0.0012764065759256482
	n_steps: 1
	n_particles: 15
	n_types: 4
	dielectric_const: 1.0
	particle_per_type: {np.int32(0): 4, np.int32(1): 8, np.int32(2): 1, np.int32(3): 2}
	range_types: [0 1 2 3]
	unique_types: (np.int32(0), np.int32(1), np.int32(2), np.int32(3))
	inner_ts: 0.001
	outer_ts: 0.001
	n_mesh_cells: 21952
	fft_shape: (28, 28, 15)
	self_energy: 1127.759521484375
	mesh_size: [28 28 28]
	rho0: 8.86
	kappa: 0.05
	sigma: 0.5
	rv: 1.0
	rc: 1.0
	rlj: 1.0
	ns_nlist: 1
	nrexcl: 3
	epsilon_rf: 80
	skin: 0.2
	ff_family: amber_like
	combining_rule: lorentz-berthelot
	lj_input_source: mixing
	coulomb14_scale: 0.8333333333
	lj14_scale: 0.5
	constrain_xh_bonds: False
	unwrap_output: True
	ensemble: NVT
	thermostat: v-rescale
	respa_inner: 1
	n_print: 10
	n_flush: 1
	R: 0.00831446261815324
	mass: [[16.   ]
 [ 1.008]
 [ 1.008]
 [16.   ]
 [ 1.008]
 [ 1.008]
 [16.   ]
 [ 1.008]
 [ 1.008]
 [16.   ]
 [ 1.008]
 [ 1.008]
 [72.   ]
 [72.   ]
 [72.   ]]
	cancel_com_momentum: True
	coulombtype: 1
	elec_conversion: 138.935458
	tau_t: 0.5
	start_temperature: 0
	target_temperature: 300.0
	a: 9.21
	pressure: False
	barostat: 0
	barostat_type: None
	tau_p: None
	n_b: 1
	beta: 3.6e-05
	target_pressure: None
	p_conv: 16.605390666
	LJ parameters:
		0	0	0.315	0.636
		0	1	0.1575	0.0
		0	2	0.2555	0.1823809200547031
		0	3	0.3815	0.3078376195334157
		1	1	0.0	0.0
		1	2	0.098	0.0
		1	3	0.224	0.0
		2	2	0.196	0.0523
		2	3	0.322	0.08827627087728615
		3	3	0.448	0.149

