2026-03-10 12:42:04,627 INFO     [input_parser.py:67] <constructor> Coordinate file './output.h5' parsed successfully.
2026-03-10 12:42:04,680 WARNING  [config.py:516] <_parse_type_lj> Ignoring LJ_type_param entries with unknown particle names not present in the current coordinates: Br, CB, CC, CD, CI, CE, CK, CM, ...
2026-03-10 12:42:04,883 INFO     [config.py:679] <get_config> LJ parameters | combining_rule=lorentz-berthelot | lj_input_source=mixing | n_types=11
    type_i    type_j  id_i  id_j    sigma_ij  epsilon_ij
        c3        c3     0     0    0.339800    0.451000
        c3        h1     0     1    0.291000    0.198083
        c3        ca     0     2    0.335650    0.431791
        c3        ha     0     3    0.301150    0.174349
        c3        h4     0     4    0.296700    0.174349
        c3        h5     0     5    0.292250    0.174349
        c3         c     0     6    0.335650    0.431791
        c3         o     0     7    0.322300    0.525411
        c3        os     0     8    0.327700    0.370154
        c3        oh     0     9    0.332050    0.418908
        c3        ho     0    10    0.196800    0.094259
        h1        h1     1     1    0.242200    0.087000
        h1        ca     1     2    0.286850    0.189647
        h1        ha     1     3    0.252350    0.076575
        h1        h4     1     4    0.247900    0.076575
        h1        h5     1     5    0.243450    0.076575
        h1         c     1     6    0.286850    0.189647
        h1         o     1     7    0.273500    0.230765
        h1        os     1     8    0.278900    0.162575
        h1        oh     1     9    0.283250    0.183988
        h1        ho     1    10    0.148000    0.041399
        ca        ca     2     2    0.331500    0.413400
        ca        ha     2     3    0.297000    0.166923
        ca        h4     2     4    0.292550    0.166923
        ca        h5     2     5    0.288100    0.166923
        ca         c     2     6    0.331500    0.413400
        ca         o     2     7    0.318150    0.503033
        ca        os     2     8    0.323550    0.354388
        ca        oh     2     9    0.327900    0.401066
        ca        ho     2    10    0.192650    0.090244
        ha        ha     3     3    0.262500    0.067400
        ha        h4     3     4    0.258050    0.067400
        ha        h5     3     5    0.253600    0.067400
        ha         c     3     6    0.297000    0.166923
        ha         o     3     7    0.283650    0.203115
        ha        os     3     8    0.289050    0.143095
        ha        oh     3     9    0.293400    0.161942
        ha        ho     3    10    0.158150    0.036439
        h4        h4     4     4    0.253600    0.067400
        h4        h5     4     5    0.249150    0.067400
        h4         c     4     6    0.292550    0.166923
        h4         o     4     7    0.279200    0.203115
        h4        os     4     8    0.284600    0.143095
        h4        oh     4     9    0.288950    0.161942
        h4        ho     4    10    0.153700    0.036439
        h5        h5     5     5    0.244700    0.067400
        h5         c     5     6    0.288100    0.166923
        h5         o     5     7    0.274750    0.203115
        h5        os     5     8    0.280150    0.143095
        h5        oh     5     9    0.284500    0.161942
        h5        ho     5    10    0.149250    0.036439
         c         c     6     6    0.331500    0.413400
         c         o     6     7    0.318150    0.503033
         c        os     6     8    0.323550    0.354388
         c        oh     6     9    0.327900    0.401066
         c        ho     6    10    0.192650    0.090244
         o         o     7     7    0.304800    0.612100
         o        os     7     8    0.310200    0.431226
         o        oh     7     9    0.314550    0.488025
         o        ho     7    10    0.179300    0.109811
        os        os     8     8    0.315600    0.303800
        os        oh     8     9    0.319950    0.343815
        os        ho     8    10    0.184700    0.077362
        oh        oh     9     9    0.324300    0.389100
        oh        ho     9    10    0.189050    0.087552
        ho        ho    10    10    0.053800    0.019700
2026-03-10 12:42:05,645 INFO     [config.py:960] <get_config> Config file './options.toml' parse successfully.
2026-03-10 12:42:05,645 INFO     [input_parser.py:81] <constructor> Amber-like atomistic mode enabled (ensemble=NVT, combining_rule=lorentz-berthelot, coulomb14_scale=0.8333333333, lj14_scale=0.5, constrain_xh_bonds=False).
2026-03-10 12:42:05,774 INFO     [topology.py:63] <get_topol> Topology file './topol.toml' parsed successfully.
2026-03-10 12:42:05,775 INFO     [mdrun.py:141] <main> 

	Simulation parameters: 
	--------------------------------------------------
	box_size: [2.5 2.5 2.5]
	volume: 15.625
	volume_per_cell: 0.001953125
	n_steps: 100
	n_particles: 21
	n_types: 11
	dielectric_const: 1.0
	particle_per_type: {np.int32(0): 1, np.int32(1): 3, np.int32(2): 6, np.int32(3): 2, np.int32(4): 1, np.int32(5): 1, np.int32(6): 2, np.int32(7): 2, np.int32(8): 1, np.int32(9): 1, np.int32(10): 1}
	range_types: [ 0  1  2  3  4  5  6  7  8  9 10]
	unique_types: (np.int32(0), np.int32(1), np.int32(2), np.int32(3), np.int32(4), np.int32(5), np.int32(6), np.int32(7), np.int32(8), np.int32(9), np.int32(10))
	inner_ts: 0.0005
	outer_ts: 0.0005
	n_mesh_cells: 8000
	fft_shape: (20, 20, 11)
	self_energy: 331.90509033203125
	mesh_size: [20 20 20]
	rho0: 8.86
	kappa: 0.05
	sigma: 0.5
	rv: 1.1
	rc: 0.9
	rlj: 0.9
	ns_nlist: 10
	nrexcl: 3
	epsilon_rf: 80
	skin: 0.2
	nlist_method: jaxmd
	ff_family: amber_like
	combining_rule: lorentz-berthelot
	lj_input_source: mixing
	coulomb14_scale: 0.8333333333
	lj14_scale: 0.5
	constrain_xh_bonds: False
	unwrap_output: True
	ensemble: NVT
	thermostat: no
	respa_inner: 1
	n_print: 10
	n_flush: 1
	R: 0.00831446261815324
	mass: [[12.01 ]
 [ 1.008]
 [ 1.008]
 [ 1.008]
 [12.01 ]
 [ 1.008]
 [12.01 ]
 [ 1.008]
 [12.01 ]
 [ 1.008]
 [12.01 ]
 [ 1.008]
 [12.01 ]
 [16.   ]
 [16.   ]
 [12.01 ]
 [12.01 ]
 [12.01 ]
 [16.   ]
 [16.   ]
 [ 1.008]]
	cancel_com_momentum: True
	coulombtype: 1
	elec_conversion: 138.935458
	tau_t: 0.5
	start_temperature: 300.0
	target_temperature: 300.0
	a: 9.21
	pressure: False
	barostat: 0
	barostat_type: None
	tau_p: None
	n_b: 1
	beta: 3.6e-05
	target_pressure: None
	p_conv: 16.605390666
	LJ parameters:
		0	0	0.3398	0.451
		0	1	0.291	0.19808331580423424
		0	2	0.33565	0.43179092162758587
		0	3	0.30115000000000003	0.17434850157084805
		0	4	0.29669999999999996	0.17434850157084805
		0	5	0.29225	0.17434850157084805
		0	6	0.33565	0.43179092162758587
		0	7	0.32230000000000003	0.5254113626483539
		0	8	0.3277	0.37015375183834087
		0	9	0.33204999999999996	0.4189082238390648
		0	10	0.1968	0.0942586866023498
		1	1	0.2422	0.087
		1	2	0.28685	0.1896465132819478
		1	3	0.25235	0.07657545298592755
		1	4	0.2479	0.07657545298592755
		1	5	0.24345	0.07657545298592755
		1	6	0.28685	0.1896465132819478
		1	7	0.2735	0.2307654653538956
		1	8	0.2789	0.16257490581267453
		1	9	0.28325	0.18398831484635103
		1	10	0.148	0.04139927535597694
		2	2	0.3315	0.4134
		2	3	0.29700000000000004	0.16692261680191814
		2	4	0.29255	0.16692261680191814
		2	5	0.2881	0.16692261680191814
		2	6	0.3315	0.4134
		2	7	0.31815000000000004	0.5030329412672693
		2	8	0.32355	0.35438809235074475
		2	9	0.32789999999999997	0.40106600454289315
		2	10	0.19265000000000002	0.09024400257080799
		3	3	0.2625	0.0674
		3	4	0.25805	0.0674
		3	5	0.2536	0.0674
		3	6	0.29700000000000004	0.16692261680191814
		3	7	0.28365	0.20311459819520605
		3	8	0.28905000000000003	0.1430947937557478
		3	9	0.2934	0.16194239716639988
		3	10	0.15815	0.03643871567440323
		4	4	0.2536	0.0674
		4	5	0.24914999999999998	0.0674
		4	6	0.29255	0.16692261680191814
		4	7	0.2792	0.20311459819520605
		4	8	0.28459999999999996	0.1430947937557478
		4	9	0.28895	0.16194239716639988
		4	10	0.1537	0.03643871567440323
		5	5	0.2447	0.0674
		5	6	0.2881	0.16692261680191814
		5	7	0.27475	0.20311459819520605
		5	8	0.28015	0.1430947937557478
		5	9	0.2845	0.16194239716639988
		5	10	0.14925	0.03643871567440323
		6	6	0.3315	0.4134
		6	7	0.31815000000000004	0.5030329412672693
		6	8	0.32355	0.35438809235074475
		6	9	0.32789999999999997	0.40106600454289315
		6	10	0.19265000000000002	0.09024400257080799
		7	7	0.3048	0.6121
		7	8	0.31020000000000003	0.4312261355715815
		7	9	0.31455	0.4880247022436467
		7	10	0.17930000000000001	0.10981060968777105
		8	8	0.3156	0.3038
		8	9	0.31994999999999996	0.34381474662963485
		8	10	0.1847	0.07736187691621758
		9	9	0.3243	0.3891
		9	10	0.18905	0.08755152768512951
		10	10	0.0538	0.0197

2026-03-10 12:42:10,809 INFO     [mdrun.py:244] <main> Using jax-md neighbor list (OrderedSparse, r_cut=0.900, skin=0.200, effective_rv=1.100, capacity=210)
2026-03-10 12:42:14,843 INFO     [file_io.py:572] <store_static> Whole-molecule unwrapping enabled for output (0 small + 1 large molecules, 21 bonds).
2026-03-10 12:42:14,876 INFO     [file_io.py:759] <store_data> 
         step         time         temp        tot E        kin E        pot E         LJ E       Elec E       bond E        ang E        dih E           Px           Py           Pz
            0            0          300        48171       78.572        48092        82978       -34976       14.194       40.911       34.893  -3.5763e-06  -1.1921e-06  -4.0531e-06
2026-03-10 12:42:22,939 INFO     [file_io.py:759] <store_data> 
         step         time         temp        tot E        kin E        pot E         LJ E       Elec E       bond E        ang E        dih E           Px           Py           Pz
           10        0.005   1.0965e+07   2.8953e+06   2.8718e+06        23527       8.4983      -335.66        23233       484.85       136.11            0  -0.00012207            0
2026-03-10 12:42:22,939 INFO     [mdrun.py:1037] <main> Step       10/100      | Elapsed 0-00:00:07 |    0.065 ns/day |  368.357 h/ns |    1.508 step/s
2026-03-10 12:42:22,940 INFO     [mdrun.py:1038] <main> Thermo | T=10964861.0000 K | P=    0.0000 bar | Ekin=2871758.250000 | Eb=23233.455078 | Ea=  484.846863 | Ed=  136.114899 | ELJ=    8.498347 | Eelec= -335.663696
2026-03-10 12:42:30,643 INFO     [file_io.py:759] <store_data> 
         step         time         temp        tot E        kin E        pot E         LJ E       Elec E       bond E        ang E        dih E           Px           Py           Pz
           20         0.01   1.0529e+07   2.8383e+06   2.7575e+06        80833       9.5099      -278.63        80385        610.8       106.29            0  -0.00012207            0
2026-03-10 12:42:30,644 INFO     [mdrun.py:1037] <main> Step       20/100      | Elapsed 0-00:00:15 |    0.060 ns/day |  396.874 h/ns |    1.400 step/s
2026-03-10 12:42:30,644 INFO     [mdrun.py:1038] <main> Thermo | T=10528615.0000 K | P=    0.0000 bar | Ekin=2757502.750000 | Eb=80385.390625 | Ea=  610.797424 | Ed=  106.286606 | ELJ=    9.509851 | Eelec= -278.632446
2026-03-10 12:42:38,570 INFO     [file_io.py:759] <store_data> 
         step         time         temp        tot E        kin E        pot E         LJ E       Elec E       bond E        ang E        dih E           Px           Py           Pz
           30        0.015   1.0102e+07   2.8992e+06   2.6459e+06   2.5331e+05       8.6246      -296.22   2.5223e+05       1178.7       187.83            0   0.00012207            0
2026-03-10 12:42:38,570 INFO     [mdrun.py:1037] <main> Step       30/100      | Elapsed 0-00:00:22 |    0.058 ns/day |  411.129 h/ns |    1.351 step/s
2026-03-10 12:42:38,571 INFO     [mdrun.py:1038] <main> Thermo | T=10102325.0000 K | P=    0.0000 bar | Ekin=2645855.250000 | Eb=252233.515625 | Ea= 1178.674561 | Ed=  187.833069 | ELJ=    8.624633 | Eelec= -296.215088
2026-03-10 12:42:46,372 INFO     [file_io.py:759] <store_data> 
         step         time         temp        tot E        kin E        pot E         LJ E       Elec E       bond E        ang E        dih E           Px           Py           Pz
           40         0.02   1.0319e+07   2.8253e+06   2.7027e+06   1.2266e+05       10.483      -251.67   1.2082e+05       1808.3       278.43  -0.00012207  -0.00012207            0
2026-03-10 12:42:46,372 INFO     [mdrun.py:1037] <main> Step       40/100      | Elapsed 0-00:00:30 |    0.058 ns/day |  416.036 h/ns |    1.335 step/s
2026-03-10 12:42:46,372 INFO     [mdrun.py:1038] <main> Thermo | T=10319218.0000 K | P=    0.0000 bar | Ekin=2702660.750000 | Eb=120818.835938 | Ea= 1808.270752 | Ed=  278.433167 | ELJ=   10.483004 | Eelec= -251.669708
2026-03-10 12:42:54,346 INFO     [file_io.py:759] <store_data> 
         step         time         temp        tot E        kin E        pot E         LJ E       Elec E       bond E        ang E        dih E           Px           Py           Pz
           50        0.025   1.0487e+07   2.8378e+06   2.7466e+06        91224       8.5622      -222.28        89302       1907.1       228.67            0            0            0
2026-03-10 12:42:54,346 INFO     [mdrun.py:1037] <main> Step       50/100      | Elapsed 0-00:00:38 |    0.057 ns/day |  421.353 h/ns |    1.319 step/s
2026-03-10 12:42:54,347 INFO     [mdrun.py:1038] <main> Thermo | T=10486816.0000 K | P=    0.0000 bar | Ekin=2746555.500000 | Eb=89302.281250 | Ea= 1907.105835 | Ed=  228.667023 | ELJ=    8.562159 | Eelec= -222.277008
2026-03-10 12:43:02,323 INFO     [file_io.py:759] <store_data> 
         step         time         temp        tot E        kin E        pot E         LJ E       Elec E       bond E        ang E        dih E           Px           Py           Pz
           60         0.03   9.5334e+06   2.5469e+06   2.4968e+06        50033        7.827       -228.8        48070       1991.2       192.79  -0.00012207            0            0
2026-03-10 12:43:02,323 INFO     [mdrun.py:1037] <main> Step       60/100      | Elapsed 0-00:00:46 |    0.057 ns/day |  424.660 h/ns |    1.308 step/s
2026-03-10 12:43:02,323 INFO     [mdrun.py:1038] <main> Thermo | T=9533365.0000 K | P=    0.0000 bar | Ekin=2496841.500000 | Eb=48070.183594 | Ea= 1991.151367 | Ed=  192.794128 | ELJ=    7.826950 | Eelec= -228.795410
2026-03-10 12:43:10,042 INFO     [file_io.py:759] <store_data> 
         step         time         temp        tot E        kin E        pot E         LJ E       Elec E       bond E        ang E        dih E           Px           Py           Pz
           70        0.035   9.6225e+06    2.586e+06   2.5202e+06        65821       272.77       -241.6        62797       2777.5       214.72            0            0            0
2026-03-10 12:43:10,042 INFO     [mdrun.py:1037] <main> Step       70/100      | Elapsed 0-00:00:54 |    0.056 ns/day |  425.647 h/ns |    1.305 step/s
2026-03-10 12:43:10,042 INFO     [mdrun.py:1038] <main> Thermo | T=9622521.0000 K | P=    0.0000 bar | Ekin=2520192.000000 | Eb=62797.312500 | Ea= 2777.542480 | Ed=  214.721222 | ELJ=  272.769104 | Eelec= -241.603821
2026-03-10 12:43:17,710 INFO     [file_io.py:759] <store_data> 
         step         time         temp        tot E        kin E        pot E         LJ E       Elec E       bond E        ang E        dih E           Px           Py           Pz
           80         0.04   9.0825e+06   2.4717e+06   2.3788e+06        92968        95.68      -223.91        89505       3310.8       279.88  -6.1035e-05  -0.00012207            0
2026-03-10 12:43:17,711 INFO     [mdrun.py:1037] <main> Step       80/100      | Elapsed 0-00:01:02 |    0.056 ns/day |  425.655 h/ns |    1.305 step/s
2026-03-10 12:43:17,711 INFO     [mdrun.py:1038] <main> Thermo | T=9082549.0000 K | P=    0.0000 bar | Ekin=2378770.250000 | Eb=89505.109375 | Ea= 3310.818359 | Ed=  279.875366 | ELJ=   95.679764 | Eelec= -223.907593
2026-03-10 12:43:25,547 INFO     [file_io.py:759] <store_data> 
         step         time         temp        tot E        kin E        pot E         LJ E       Elec E       bond E        ang E        dih E           Px           Py           Pz
           90        0.045   8.4773e+06   2.4052e+06   2.2203e+06   1.8495e+05       487.18      -278.98   1.8042e+05       3993.6       333.96            0   0.00012207            0
2026-03-10 12:43:25,547 INFO     [mdrun.py:1037] <main> Step       90/100      | Elapsed 0-00:01:09 |    0.056 ns/day |  426.745 h/ns |    1.302 step/s
2026-03-10 12:43:25,547 INFO     [mdrun.py:1038] <main> Thermo | T=8477294.0000 K | P=    0.0000 bar | Ekin=2220250.500000 | Eb=180415.625000 | Ea= 3993.618164 | Ed=  333.958099 | ELJ=  487.179138 | Eelec= -278.980225
