2026-03-10 13:00:54,354 INFO     [input_parser.py:67] <constructor> Coordinate file './output.h5' parsed successfully.
2026-03-10 13:00:54,402 WARNING  [config.py:516] <_parse_type_lj> Ignoring LJ_type_param entries with unknown particle names not present in the current coordinates: Br, CB, CC, CD, CI, CE, CK, CM, ...
2026-03-10 13:00:54,601 INFO     [config.py:679] <get_config> LJ parameters | combining_rule=lorentz-berthelot | lj_input_source=mixing | n_types=11
    type_i    type_j  id_i  id_j    sigma_ij  epsilon_ij
        c3        c3     0     0    0.339800    0.451000
        c3        h1     0     1    0.291000    0.198083
        c3        ca     0     2    0.335650    0.431791
        c3        ha     0     3    0.301150    0.174349
        c3        h4     0     4    0.296700    0.174349
        c3        h5     0     5    0.292250    0.174349
        c3         c     0     6    0.335650    0.431791
        c3         o     0     7    0.322300    0.525411
        c3        os     0     8    0.327700    0.370154
        c3        oh     0     9    0.332050    0.418908
        c3        ho     0    10    0.196800    0.094259
        h1        h1     1     1    0.242200    0.087000
        h1        ca     1     2    0.286850    0.189647
        h1        ha     1     3    0.252350    0.076575
        h1        h4     1     4    0.247900    0.076575
        h1        h5     1     5    0.243450    0.076575
        h1         c     1     6    0.286850    0.189647
        h1         o     1     7    0.273500    0.230765
        h1        os     1     8    0.278900    0.162575
        h1        oh     1     9    0.283250    0.183988
        h1        ho     1    10    0.148000    0.041399
        ca        ca     2     2    0.331500    0.413400
        ca        ha     2     3    0.297000    0.166923
        ca        h4     2     4    0.292550    0.166923
        ca        h5     2     5    0.288100    0.166923
        ca         c     2     6    0.331500    0.413400
        ca         o     2     7    0.318150    0.503033
        ca        os     2     8    0.323550    0.354388
        ca        oh     2     9    0.327900    0.401066
        ca        ho     2    10    0.192650    0.090244
        ha        ha     3     3    0.262500    0.067400
        ha        h4     3     4    0.258050    0.067400
        ha        h5     3     5    0.253600    0.067400
        ha         c     3     6    0.297000    0.166923
        ha         o     3     7    0.283650    0.203115
        ha        os     3     8    0.289050    0.143095
        ha        oh     3     9    0.293400    0.161942
        ha        ho     3    10    0.158150    0.036439
        h4        h4     4     4    0.253600    0.067400
        h4        h5     4     5    0.249150    0.067400
        h4         c     4     6    0.292550    0.166923
        h4         o     4     7    0.279200    0.203115
        h4        os     4     8    0.284600    0.143095
        h4        oh     4     9    0.288950    0.161942
        h4        ho     4    10    0.153700    0.036439
        h5        h5     5     5    0.244700    0.067400
        h5         c     5     6    0.288100    0.166923
        h5         o     5     7    0.274750    0.203115
        h5        os     5     8    0.280150    0.143095
        h5        oh     5     9    0.284500    0.161942
        h5        ho     5    10    0.149250    0.036439
         c         c     6     6    0.331500    0.413400
         c         o     6     7    0.318150    0.503033
         c        os     6     8    0.323550    0.354388
         c        oh     6     9    0.327900    0.401066
         c        ho     6    10    0.192650    0.090244
         o         o     7     7    0.304800    0.612100
         o        os     7     8    0.310200    0.431226
         o        oh     7     9    0.314550    0.488025
         o        ho     7    10    0.179300    0.109811
        os        os     8     8    0.315600    0.303800
        os        oh     8     9    0.319950    0.343815
        os        ho     8    10    0.184700    0.077362
        oh        oh     9     9    0.324300    0.389100
        oh        ho     9    10    0.189050    0.087552
        ho        ho    10    10    0.053800    0.019700
2026-03-10 13:00:55,370 INFO     [config.py:960] <get_config> Config file './options.toml' parse successfully.
2026-03-10 13:00:55,370 INFO     [input_parser.py:81] <constructor> Amber-like atomistic mode enabled (ensemble=NVT, combining_rule=lorentz-berthelot, coulomb14_scale=0.8333333333, lj14_scale=0.5, constrain_xh_bonds=False).
2026-03-10 13:00:55,499 INFO     [topology.py:63] <get_topol> Topology file './topol.toml' parsed successfully.
2026-03-10 13:00:55,501 INFO     [mdrun.py:141] <main> 

	Simulation parameters: 
	--------------------------------------------------
	box_size: [2.5 2.5 2.5]
	volume: 15.625
	volume_per_cell: 0.001953125
	n_steps: 100
	n_particles: 21
	n_types: 11
	dielectric_const: 1.0
	particle_per_type: {np.int32(0): 1, np.int32(1): 3, np.int32(2): 6, np.int32(3): 2, np.int32(4): 1, np.int32(5): 1, np.int32(6): 2, np.int32(7): 2, np.int32(8): 1, np.int32(9): 1, np.int32(10): 1}
	range_types: [ 0  1  2  3  4  5  6  7  8  9 10]
	unique_types: (np.int32(0), np.int32(1), np.int32(2), np.int32(3), np.int32(4), np.int32(5), np.int32(6), np.int32(7), np.int32(8), np.int32(9), np.int32(10))
	inner_ts: 0.0005
	outer_ts: 0.0005
	n_mesh_cells: 8000
	fft_shape: (20, 20, 11)
	self_energy: 331.90509033203125
	mesh_size: [20 20 20]
	rho0: 8.86
	kappa: 0.05
	sigma: 0.5
	rv: 1.1
	rc: 0.9
	rlj: 0.9
	ns_nlist: 10
	nrexcl: 3
	epsilon_rf: 80
	skin: 0.2
	nlist_method: jaxmd
	ff_family: amber_like
	combining_rule: lorentz-berthelot
	lj_input_source: mixing
	coulomb14_scale: 0.8333333333
	lj14_scale: 0.5
	constrain_xh_bonds: False
	unwrap_output: True
	ensemble: NVT
	thermostat: v-rescale
	respa_inner: 1
	n_print: 10
	n_flush: 1
	R: 0.00831446261815324
	mass: [[12.01 ]
 [ 1.008]
 [ 1.008]
 [ 1.008]
 [12.01 ]
 [ 1.008]
 [12.01 ]
 [ 1.008]
 [12.01 ]
 [ 1.008]
 [12.01 ]
 [ 1.008]
 [12.01 ]
 [16.   ]
 [16.   ]
 [12.01 ]
 [12.01 ]
 [12.01 ]
 [16.   ]
 [16.   ]
 [ 1.008]]
	cancel_com_momentum: True
	coulombtype: 1
	elec_conversion: 138.935458
	tau_t: 0.5
	start_temperature: 300.0
	target_temperature: 300.0
	a: 9.21
	pressure: False
	barostat: 0
	barostat_type: None
	tau_p: None
	n_b: 1
	beta: 3.6e-05
	target_pressure: None
	p_conv: 16.605390666
	LJ parameters:
		0	0	0.3398	0.451
		0	1	0.291	0.19808331580423424
		0	2	0.33565	0.43179092162758587
		0	3	0.30115000000000003	0.17434850157084805
		0	4	0.29669999999999996	0.17434850157084805
		0	5	0.29225	0.17434850157084805
		0	6	0.33565	0.43179092162758587
		0	7	0.32230000000000003	0.5254113626483539
		0	8	0.3277	0.37015375183834087
		0	9	0.33204999999999996	0.4189082238390648
		0	10	0.1968	0.0942586866023498
		1	1	0.2422	0.087
		1	2	0.28685	0.1896465132819478
		1	3	0.25235	0.07657545298592755
		1	4	0.2479	0.07657545298592755
		1	5	0.24345	0.07657545298592755
		1	6	0.28685	0.1896465132819478
		1	7	0.2735	0.2307654653538956
		1	8	0.2789	0.16257490581267453
		1	9	0.28325	0.18398831484635103
		1	10	0.148	0.04139927535597694
		2	2	0.3315	0.4134
		2	3	0.29700000000000004	0.16692261680191814
		2	4	0.29255	0.16692261680191814
		2	5	0.2881	0.16692261680191814
		2	6	0.3315	0.4134
		2	7	0.31815000000000004	0.5030329412672693
		2	8	0.32355	0.35438809235074475
		2	9	0.32789999999999997	0.40106600454289315
		2	10	0.19265000000000002	0.09024400257080799
		3	3	0.2625	0.0674
		3	4	0.25805	0.0674
		3	5	0.2536	0.0674
		3	6	0.29700000000000004	0.16692261680191814
		3	7	0.28365	0.20311459819520605
		3	8	0.28905000000000003	0.1430947937557478
		3	9	0.2934	0.16194239716639988
		3	10	0.15815	0.03643871567440323
		4	4	0.2536	0.0674
		4	5	0.24914999999999998	0.0674
		4	6	0.29255	0.16692261680191814
		4	7	0.2792	0.20311459819520605
		4	8	0.28459999999999996	0.1430947937557478
		4	9	0.28895	0.16194239716639988
		4	10	0.1537	0.03643871567440323
		5	5	0.2447	0.0674
		5	6	0.2881	0.16692261680191814
		5	7	0.27475	0.20311459819520605
		5	8	0.28015	0.1430947937557478
		5	9	0.2845	0.16194239716639988
		5	10	0.14925	0.03643871567440323
		6	6	0.3315	0.4134
		6	7	0.31815000000000004	0.5030329412672693
		6	8	0.32355	0.35438809235074475
		6	9	0.32789999999999997	0.40106600454289315
		6	10	0.19265000000000002	0.09024400257080799
		7	7	0.3048	0.6121
		7	8	0.31020000000000003	0.4312261355715815
		7	9	0.31455	0.4880247022436467
		7	10	0.17930000000000001	0.10981060968777105
		8	8	0.3156	0.3038
		8	9	0.31994999999999996	0.34381474662963485
		8	10	0.1847	0.07736187691621758
		9	9	0.3243	0.3891
		9	10	0.18905	0.08755152768512951
		10	10	0.0538	0.0197

2026-03-10 13:01:00,488 INFO     [mdrun.py:244] <main> Using jax-md neighbor list (OrderedSparse, r_cut=0.900, skin=0.200, effective_rv=1.100, capacity=210)
2026-03-10 13:01:04,384 INFO     [file_io.py:572] <store_static> Whole-molecule unwrapping enabled for output (0 small + 1 large molecules, 21 bonds).
2026-03-10 13:01:04,418 INFO     [file_io.py:759] <store_data> 
         step         time         temp        tot E        kin E        pot E         LJ E       Elec E       bond E        ang E        dih E           Px           Py           Pz
            0            0          300        48171       78.572        48092        82978       -34976       14.194       40.911       34.893   3.5763e-07   9.5367e-07  -3.9339e-06
2026-03-10 13:01:12,777 INFO     [file_io.py:759] <store_data> 
         step         time         temp        tot E        kin E        pot E         LJ E       Elec E       bond E        ang E        dih E           Px           Py           Pz
           10        0.005   1.0983e+07   2.8999e+06   2.8764e+06        23465       12.159      -339.15        23179       475.66       137.24            0            0            0
2026-03-10 13:01:12,777 INFO     [mdrun.py:1037] <main> Step       10/100      | Elapsed 0-00:00:07 |    0.062 ns/day |  384.426 h/ns |    1.445 step/s
2026-03-10 13:01:12,777 INFO     [mdrun.py:1038] <main> Thermo | T=10982672.0000 K | P=    0.0000 bar | Ekin=2876423.000000 | Eb=23179.125000 | Ea=  475.660645 | Ed=  137.240540 | ELJ=   12.159376 | Eelec= -339.148560
2026-03-10 13:01:20,375 INFO     [file_io.py:759] <store_data> 
         step         time         temp        tot E        kin E        pot E         LJ E       Elec E       bond E        ang E        dih E           Px           Py           Pz
           20         0.01     1.05e+07   2.8308e+06   2.7499e+06        80905       14.689      -283.42        80443       624.29       106.75            0            0  -0.00012207
2026-03-10 13:01:20,376 INFO     [mdrun.py:1037] <main> Step       20/100      | Elapsed 0-00:00:15 |    0.060 ns/day |  398.994 h/ns |    1.392 step/s
2026-03-10 13:01:20,376 INFO     [mdrun.py:1038] <main> Thermo | T=10499724.0000 K | P=    0.0000 bar | Ekin=2749936.000000 | Eb=80442.781250 | Ea=  624.287659 | Ed=  106.750656 | ELJ=   14.688672 | Eelec= -283.416931
2026-03-10 13:01:27,783 INFO     [file_io.py:759] <store_data> 
         step         time         temp        tot E        kin E        pot E         LJ E       Elec E       bond E        ang E        dih E           Px           Py           Pz
           30        0.015   9.2197e+06    2.667e+06   2.4147e+06   2.5232e+05       9.8238      -299.06   2.5114e+05         1293       183.79            0  -0.00012207            0
2026-03-10 13:01:27,783 INFO     [mdrun.py:1037] <main> Step       30/100      | Elapsed 0-00:00:22 |    0.059 ns/day |  405.298 h/ns |    1.371 step/s
2026-03-10 13:01:27,783 INFO     [mdrun.py:1038] <main> Thermo | T=9219718.0000 K | P=    0.0000 bar | Ekin=2414695.500000 | Eb=251137.031250 | Ea= 1293.017822 | Ed=  183.786804 | ELJ=    9.823831 | Eelec= -299.056396
2026-03-10 13:01:35,328 INFO     [file_io.py:759] <store_data> 
         step         time         temp        tot E        kin E        pot E         LJ E       Elec E       bond E        ang E        dih E           Px           Py           Pz
           40         0.02   9.1454e+06   2.6383e+06   2.3952e+06   2.4312e+05       9.1432      -263.66   2.4145e+05       1676.7       247.05            0   0.00012207   0.00012207
2026-03-10 13:01:35,328 INFO     [mdrun.py:1037] <main> Step       40/100      | Elapsed 0-00:00:30 |    0.059 ns/day |  408.190 h/ns |    1.361 step/s
2026-03-10 13:01:35,329 INFO     [mdrun.py:1038] <main> Thermo | T=9145388.0000 K | P=    0.0000 bar | Ekin=2395228.000000 | Eb=241449.328125 | Ea= 1676.650513 | Ed=  247.054398 | ELJ=    9.143192 | Eelec= -263.664093
2026-03-10 13:01:42,847 INFO     [file_io.py:759] <store_data> 
         step         time         temp        tot E        kin E        pot E         LJ E       Elec E       bond E        ang E        dih E           Px           Py           Pz
           50        0.025   9.0649e+06   2.5795e+06   2.3741e+06   2.0533e+05       6.9027      -241.36   2.0343e+05       1887.7       247.59            0  -0.00012207   0.00012207
2026-03-10 13:01:42,847 INFO     [mdrun.py:1037] <main> Step       50/100      | Elapsed 0-00:00:37 |    0.058 ns/day |  410.376 h/ns |    1.354 step/s
2026-03-10 13:01:42,848 INFO     [mdrun.py:1038] <main> Thermo | T=9064896.0000 K | P=    0.0000 bar | Ekin=2374146.750000 | Eb=203433.781250 | Ea= 1887.732056 | Ed=  247.585831 | ELJ=    6.902665 | Eelec= -241.364197
2026-03-10 13:01:50,568 INFO     [file_io.py:759] <store_data> 
         step         time         temp        tot E        kin E        pot E         LJ E       Elec E       bond E        ang E        dih E           Px           Py           Pz
           60         0.03   9.3263e+06   2.6396e+06   2.4426e+06   1.9697e+05       10.135      -220.08   1.9506e+05       1911.3       206.58            0   0.00024414  -0.00012207
2026-03-10 13:01:50,568 INFO     [mdrun.py:1037] <main> Step       60/100      | Elapsed 0-00:00:45 |    0.058 ns/day |  413.321 h/ns |    1.344 step/s
2026-03-10 13:01:50,568 INFO     [mdrun.py:1038] <main> Thermo | T=9326279.0000 K | P=    0.0000 bar | Ekin=2442604.500000 | Eb=195061.125000 | Ea= 1911.272827 | Ed=  206.577789 | ELJ=   10.135247 | Eelec= -220.083557
2026-03-10 13:01:58,315 INFO     [file_io.py:759] <store_data> 
         step         time         temp        tot E        kin E        pot E         LJ E       Elec E       bond E        ang E        dih E           Px           Py           Pz
           70        0.035   9.5875e+06   2.7128e+06    2.511e+06   2.0175e+05       160.17      -212.02   1.9883e+05       2747.9       222.82            0  -0.00012207            0
2026-03-10 13:01:58,315 INFO     [mdrun.py:1037] <main> Step       70/100      | Elapsed 0-00:00:53 |    0.058 ns/day |  415.778 h/ns |    1.336 step/s
2026-03-10 13:01:58,315 INFO     [mdrun.py:1038] <main> Thermo | T=9587512.0000 K | P=    0.0000 bar | Ekin=2511022.750000 | Eb=198833.468750 | Ea= 2747.931152 | Ed=  222.822281 | ELJ=  160.165070 | Eelec= -212.024994
2026-03-10 13:02:05,949 INFO     [file_io.py:759] <store_data> 
         step         time         temp        tot E        kin E        pot E         LJ E       Elec E       bond E        ang E        dih E           Px           Py           Pz
           80         0.04   9.0466e+06   2.5949e+06   2.3694e+06   2.2551e+05       109.39      -241.79   2.2216e+05       3187.9       289.52            0  -0.00012207            0
2026-03-10 13:02:05,950 INFO     [mdrun.py:1037] <main> Step       80/100      | Elapsed 0-00:01:00 |    0.058 ns/day |  416.836 h/ns |    1.333 step/s
2026-03-10 13:02:05,950 INFO     [mdrun.py:1038] <main> Thermo | T=9046583.0000 K | P=    0.0000 bar | Ekin=2369350.500000 | Eb=222160.953125 | Ea= 3187.943848 | Ed=  289.521790 | ELJ=  109.389534 | Eelec= -241.794037
2026-03-10 13:22:43,722 INFO     [input_parser.py:67] <constructor> Coordinate file './output.h5' parsed successfully.
2026-03-10 13:22:43,776 WARNING  [config.py:516] <_parse_type_lj> Ignoring LJ_type_param entries with unknown particle names not present in the current coordinates: Br, CB, CC, CD, CI, CE, CK, CM, ...
2026-03-10 13:22:44,000 INFO     [config.py:679] <get_config> LJ parameters | combining_rule=lorentz-berthelot | lj_input_source=mixing | n_types=11
    type_i    type_j  id_i  id_j    sigma_ij  epsilon_ij
        c3        c3     0     0    0.339800    0.451000
        c3        h1     0     1    0.291000    0.198083
        c3        ca     0     2    0.335650    0.431791
        c3        ha     0     3    0.301150    0.174349
        c3        h4     0     4    0.296700    0.174349
        c3        h5     0     5    0.292250    0.174349
        c3         c     0     6    0.335650    0.431791
        c3         o     0     7    0.322300    0.525411
        c3        os     0     8    0.327700    0.370154
        c3        oh     0     9    0.332050    0.418908
        c3        ho     0    10    0.196800    0.094259
        h1        h1     1     1    0.242200    0.087000
        h1        ca     1     2    0.286850    0.189647
        h1        ha     1     3    0.252350    0.076575
        h1        h4     1     4    0.247900    0.076575
        h1        h5     1     5    0.243450    0.076575
        h1         c     1     6    0.286850    0.189647
        h1         o     1     7    0.273500    0.230765
        h1        os     1     8    0.278900    0.162575
        h1        oh     1     9    0.283250    0.183988
        h1        ho     1    10    0.148000    0.041399
        ca        ca     2     2    0.331500    0.413400
        ca        ha     2     3    0.297000    0.166923
        ca        h4     2     4    0.292550    0.166923
        ca        h5     2     5    0.288100    0.166923
        ca         c     2     6    0.331500    0.413400
        ca         o     2     7    0.318150    0.503033
        ca        os     2     8    0.323550    0.354388
        ca        oh     2     9    0.327900    0.401066
        ca        ho     2    10    0.192650    0.090244
        ha        ha     3     3    0.262500    0.067400
        ha        h4     3     4    0.258050    0.067400
        ha        h5     3     5    0.253600    0.067400
        ha         c     3     6    0.297000    0.166923
        ha         o     3     7    0.283650    0.203115
        ha        os     3     8    0.289050    0.143095
        ha        oh     3     9    0.293400    0.161942
        ha        ho     3    10    0.158150    0.036439
        h4        h4     4     4    0.253600    0.067400
        h4        h5     4     5    0.249150    0.067400
        h4         c     4     6    0.292550    0.166923
        h4         o     4     7    0.279200    0.203115
        h4        os     4     8    0.284600    0.143095
        h4        oh     4     9    0.288950    0.161942
        h4        ho     4    10    0.153700    0.036439
        h5        h5     5     5    0.244700    0.067400
        h5         c     5     6    0.288100    0.166923
        h5         o     5     7    0.274750    0.203115
        h5        os     5     8    0.280150    0.143095
        h5        oh     5     9    0.284500    0.161942
        h5        ho     5    10    0.149250    0.036439
         c         c     6     6    0.331500    0.413400
         c         o     6     7    0.318150    0.503033
         c        os     6     8    0.323550    0.354388
         c        oh     6     9    0.327900    0.401066
         c        ho     6    10    0.192650    0.090244
         o         o     7     7    0.304800    0.612100
         o        os     7     8    0.310200    0.431226
         o        oh     7     9    0.314550    0.488025
         o        ho     7    10    0.179300    0.109811
        os        os     8     8    0.315600    0.303800
        os        oh     8     9    0.319950    0.343815
        os        ho     8    10    0.184700    0.077362
        oh        oh     9     9    0.324300    0.389100
        oh        ho     9    10    0.189050    0.087552
        ho        ho    10    10    0.053800    0.019700
2026-03-10 13:22:44,843 INFO     [config.py:960] <get_config> Config file './options.toml' parse successfully.
2026-03-10 13:22:44,843 INFO     [input_parser.py:81] <constructor> Amber-like atomistic mode enabled (ensemble=NVT, combining_rule=lorentz-berthelot, coulomb14_scale=0.8333333333, lj14_scale=0.5, constrain_xh_bonds=False).
2026-03-10 13:22:44,981 INFO     [topology.py:63] <get_topol> Topology file './topol.toml' parsed successfully.
2026-03-10 13:22:44,982 INFO     [mdrun.py:141] <main> 

	Simulation parameters: 
	--------------------------------------------------
	box_size: [2.5 2.5 2.5]
	volume: 15.625
	volume_per_cell: 0.001953125
	n_steps: 100
	n_particles: 21
	n_types: 11
	dielectric_const: 1.0
	particle_per_type: {np.int32(0): 1, np.int32(1): 3, np.int32(2): 6, np.int32(3): 2, np.int32(4): 1, np.int32(5): 1, np.int32(6): 2, np.int32(7): 2, np.int32(8): 1, np.int32(9): 1, np.int32(10): 1}
	range_types: [ 0  1  2  3  4  5  6  7  8  9 10]
	unique_types: (np.int32(0), np.int32(1), np.int32(2), np.int32(3), np.int32(4), np.int32(5), np.int32(6), np.int32(7), np.int32(8), np.int32(9), np.int32(10))
	inner_ts: 0.0005
	outer_ts: 0.0005
	n_mesh_cells: 8000
	fft_shape: (20, 20, 11)
	self_energy: 331.90509033203125
	mesh_size: [20 20 20]
	rho0: 8.86
	kappa: 0.05
	sigma: 0.5
	rv: 1.1
	rc: 0.9
	rlj: 0.9
	ns_nlist: 10
	nrexcl: 3
	epsilon_rf: 80
	skin: 0.2
	nlist_method: jaxmd
	ff_family: amber_like
	combining_rule: lorentz-berthelot
	lj_input_source: mixing
	coulomb14_scale: 0.8333333333
	lj14_scale: 0.5
	constrain_xh_bonds: False
	unwrap_output: True
	ensemble: NVT
	thermostat: v-rescale
	respa_inner: 1
	n_print: 10
	n_flush: 1
	R: 0.00831446261815324
	mass: [[12.01 ]
 [ 1.008]
 [ 1.008]
 [ 1.008]
 [12.01 ]
 [ 1.008]
 [12.01 ]
 [ 1.008]
 [12.01 ]
 [ 1.008]
 [12.01 ]
 [ 1.008]
 [12.01 ]
 [16.   ]
 [16.   ]
 [12.01 ]
 [12.01 ]
 [12.01 ]
 [16.   ]
 [16.   ]
 [ 1.008]]
	cancel_com_momentum: True
	coulombtype: 1
	elec_conversion: 138.935458
	tau_t: 0.5
	start_temperature: 300.0
	target_temperature: 300.0
	a: 9.21
	pressure: False
	barostat: 0
	barostat_type: None
	tau_p: None
	n_b: 1
	beta: 3.6e-05
	target_pressure: None
	p_conv: 16.605390666
	LJ parameters:
		0	0	0.3398	0.451
		0	1	0.291	0.19808331580423424
		0	2	0.33565	0.43179092162758587
		0	3	0.30115000000000003	0.17434850157084805
		0	4	0.29669999999999996	0.17434850157084805
		0	5	0.29225	0.17434850157084805
		0	6	0.33565	0.43179092162758587
		0	7	0.32230000000000003	0.5254113626483539
		0	8	0.3277	0.37015375183834087
		0	9	0.33204999999999996	0.4189082238390648
		0	10	0.1968	0.0942586866023498
		1	1	0.2422	0.087
		1	2	0.28685	0.1896465132819478
		1	3	0.25235	0.07657545298592755
		1	4	0.2479	0.07657545298592755
		1	5	0.24345	0.07657545298592755
		1	6	0.28685	0.1896465132819478
		1	7	0.2735	0.2307654653538956
		1	8	0.2789	0.16257490581267453
		1	9	0.28325	0.18398831484635103
		1	10	0.148	0.04139927535597694
		2	2	0.3315	0.4134
		2	3	0.29700000000000004	0.16692261680191814
		2	4	0.29255	0.16692261680191814
		2	5	0.2881	0.16692261680191814
		2	6	0.3315	0.4134
		2	7	0.31815000000000004	0.5030329412672693
		2	8	0.32355	0.35438809235074475
		2	9	0.32789999999999997	0.40106600454289315
		2	10	0.19265000000000002	0.09024400257080799
		3	3	0.2625	0.0674
		3	4	0.25805	0.0674
		3	5	0.2536	0.0674
		3	6	0.29700000000000004	0.16692261680191814
		3	7	0.28365	0.20311459819520605
		3	8	0.28905000000000003	0.1430947937557478
		3	9	0.2934	0.16194239716639988
		3	10	0.15815	0.03643871567440323
		4	4	0.2536	0.0674
		4	5	0.24914999999999998	0.0674
		4	6	0.29255	0.16692261680191814
		4	7	0.2792	0.20311459819520605
		4	8	0.28459999999999996	0.1430947937557478
		4	9	0.28895	0.16194239716639988
		4	10	0.1537	0.03643871567440323
		5	5	0.2447	0.0674
		5	6	0.2881	0.16692261680191814
		5	7	0.27475	0.20311459819520605
		5	8	0.28015	0.1430947937557478
		5	9	0.2845	0.16194239716639988
		5	10	0.14925	0.03643871567440323
		6	6	0.3315	0.4134
		6	7	0.31815000000000004	0.5030329412672693
		6	8	0.32355	0.35438809235074475
		6	9	0.32789999999999997	0.40106600454289315
		6	10	0.19265000000000002	0.09024400257080799
		7	7	0.3048	0.6121
		7	8	0.31020000000000003	0.4312261355715815
		7	9	0.31455	0.4880247022436467
		7	10	0.17930000000000001	0.10981060968777105
		8	8	0.3156	0.3038
		8	9	0.31994999999999996	0.34381474662963485
		8	10	0.1847	0.07736187691621758
		9	9	0.3243	0.3891
		9	10	0.18905	0.08755152768512951
		10	10	0.0538	0.0197

2026-03-10 13:22:50,314 INFO     [mdrun.py:244] <main> Using jax-md neighbor list (OrderedSparse, r_cut=0.900, skin=0.200, effective_rv=1.100, capacity=210)
2026-03-10 13:22:54,388 INFO     [file_io.py:572] <store_static> Whole-molecule unwrapping enabled for output (0 small + 1 large molecules, 21 bonds).
2026-03-10 13:22:54,430 INFO     [file_io.py:759] <store_data> 
         step         time         temp        tot E        kin E        pot E         LJ E       Elec E       bond E        ang E        dih E           Px           Py           Pz
            0            0          300        48171       78.572        48092        82978       -34976       14.194       40.911       34.893  -3.6955e-06   3.9339e-06  -3.5763e-07
2026-03-10 13:23:02,648 INFO     [file_io.py:759] <store_data> 
         step         time         temp        tot E        kin E        pot E         LJ E       Elec E       bond E        ang E        dih E           Px           Py           Pz
           10        0.005   1.0971e+07   2.8972e+06   2.8735e+06        23706       9.2548      -337.54        23398       510.71       125.14            0            0            0
2026-03-10 13:23:02,649 INFO     [mdrun.py:1037] <main> Step       10/100      | Elapsed 0-00:00:07 |    0.063 ns/day |  378.990 h/ns |    1.466 step/s
2026-03-10 13:23:02,649 INFO     [mdrun.py:1038] <main> Thermo | T=10971406.0000 K | P=    0.0000 bar | Ekin=2873472.250000 | Eb=23397.957031 | Ea=  510.709442 | Ed=  125.135452 | ELJ=    9.254813 | Eelec= -337.538818
2026-03-10 13:23:10,250 INFO     [file_io.py:759] <store_data> 
         step         time         temp        tot E        kin E        pot E         LJ E       Elec E       bond E        ang E        dih E           Px           Py           Pz
           20         0.01   1.0503e+07   2.8321e+06   2.7509e+06        81206       12.094      -278.54        80749        622.6       100.77            0            0  -0.00012207
2026-03-10 13:23:10,250 INFO     [mdrun.py:1037] <main> Step       20/100      | Elapsed 0-00:00:15 |    0.060 ns/day |  399.078 h/ns |    1.392 step/s
2026-03-10 13:23:10,251 INFO     [mdrun.py:1038] <main> Thermo | T=10503310.0000 K | P=    0.0000 bar | Ekin=2750875.250000 | Eb=80749.046875 | Ea=  622.595581 | Ed=  100.774536 | ELJ=   12.094311 | Eelec= -278.543213
2026-03-10 13:23:17,958 INFO     [file_io.py:759] <store_data> 
         step         time         temp        tot E        kin E        pot E         LJ E       Elec E       bond E        ang E        dih E           Px           Py           Pz
           30        0.015   9.2308e+06   2.6703e+06   2.4176e+06    2.527e+05       8.7561      -296.67   2.5152e+05       1286.3       183.06            0   0.00012207            0
2026-03-10 13:23:17,958 INFO     [mdrun.py:1037] <main> Step       30/100      | Elapsed 0-00:00:22 |    0.059 ns/day |  408.248 h/ns |    1.361 step/s
2026-03-10 13:23:17,958 INFO     [mdrun.py:1038] <main> Thermo | T=9230783.0000 K | P=    0.0000 bar | Ekin=2417593.500000 | Eb=251515.046875 | Ea= 1286.285522 | Ed=  183.064789 | ELJ=    8.756117 | Eelec= -296.669434
2026-03-10 13:23:25,399 INFO     [file_io.py:759] <store_data> 
         step         time         temp        tot E        kin E        pot E         LJ E       Elec E       bond E        ang E        dih E           Px           Py           Pz
           40         0.02   9.1359e+06   2.6356e+06   2.3927e+06   2.4288e+05       6.7524      -260.43    2.412e+05       1685.2       254.73            0            0            0
2026-03-10 13:23:25,400 INFO     [mdrun.py:1037] <main> Step       40/100      | Elapsed 0-00:00:30 |    0.059 ns/day |  409.722 h/ns |    1.356 step/s
2026-03-10 13:23:25,400 INFO     [mdrun.py:1038] <main> Thermo | T=9135881.0000 K | P=    0.0000 bar | Ekin=2392738.000000 | Eb=241196.625000 | Ea= 1685.247803 | Ed=  254.730774 | ELJ=    6.752388 | Eelec= -260.425781
2026-03-10 13:23:32,952 INFO     [file_io.py:759] <store_data> 
         step         time         temp        tot E        kin E        pot E         LJ E       Elec E       bond E        ang E        dih E           Px           Py           Pz
           50        0.025    9.075e+06   2.5822e+06   2.3768e+06   2.0537e+05       5.5083      -239.27    2.035e+05       1890.7       208.59  -6.1035e-05   0.00012207   0.00012207
2026-03-10 13:23:32,952 INFO     [mdrun.py:1037] <main> Step       50/100      | Elapsed 0-00:00:37 |    0.058 ns/day |  410.457 h/ns |    1.354 step/s
2026-03-10 13:23:32,952 INFO     [mdrun.py:1038] <main> Thermo | T=9074961.0000 K | P=    0.0000 bar | Ekin=2376782.750000 | Eb=203503.156250 | Ea= 1890.702148 | Ed=  208.590683 | ELJ=    5.508258 | Eelec= -239.274872
2026-03-10 13:23:41,172 INFO     [file_io.py:759] <store_data> 
         step         time         temp        tot E        kin E        pot E         LJ E       Elec E       bond E        ang E        dih E           Px           Py           Pz
           60         0.03   9.3261e+06   2.6379e+06   2.4425e+06   1.9536e+05       6.8082      -219.43   1.9351e+05       1898.4       169.26            0  -0.00012207  -0.00012207
2026-03-10 13:23:41,172 INFO     [mdrun.py:1037] <main> Step       60/100      | Elapsed 0-00:00:45 |    0.057 ns/day |  418.572 h/ns |    1.327 step/s
2026-03-10 13:23:41,172 INFO     [mdrun.py:1038] <main> Thermo | T=9326053.0000 K | P=    0.0000 bar | Ekin=2442545.250000 | Eb=193507.750000 | Ea= 1898.388306 | Ed=  169.261093 | ELJ=    6.808195 | Eelec= -219.431091
2026-03-10 13:23:48,820 INFO     [file_io.py:759] <store_data> 
         step         time         temp        tot E        kin E        pot E         LJ E       Elec E       bond E        ang E        dih E           Px           Py           Pz
           70        0.035   9.5818e+06   2.7119e+06   2.5095e+06   2.0232e+05       238.78      -213.04   1.9941e+05         2702       181.68   0.00012207  -0.00012207            0
2026-03-10 13:23:48,820 INFO     [mdrun.py:1037] <main> Step       70/100      | Elapsed 0-00:00:53 |    0.057 ns/day |  419.595 h/ns |    1.324 step/s
2026-03-10 13:23:48,820 INFO     [mdrun.py:1038] <main> Thermo | T=9581824.0000 K | P=    0.0000 bar | Ekin=2509533.000000 | Eb=199407.890625 | Ea= 2702.016602 | Ed=  181.679169 | ELJ=  238.778427 | Eelec= -213.039581
2026-03-10 13:23:56,467 INFO     [file_io.py:759] <store_data> 
         step         time         temp        tot E        kin E        pot E         LJ E       Elec E       bond E        ang E        dih E           Px           Py           Pz
           80         0.04     9.06e+06   2.5976e+06   2.3729e+06   2.2474e+05       55.045      -239.22    2.215e+05       3151.8       270.72   6.1035e-05  -0.00024414            0
2026-03-10 13:23:56,467 INFO     [mdrun.py:1037] <main> Step       80/100      | Elapsed 0-00:01:01 |    0.057 ns/day |  420.065 h/ns |    1.323 step/s
2026-03-10 13:23:56,467 INFO     [mdrun.py:1038] <main> Thermo | T=9060015.0000 K | P=    0.0000 bar | Ekin=2372868.250000 | Eb=221496.859375 | Ea= 3151.848145 | Ed=  270.719788 | ELJ=   55.044571 | Eelec= -239.220001
2026-03-10 13:24:04,131 INFO     [file_io.py:759] <store_data> 
         step         time         temp        tot E        kin E        pot E         LJ E       Elec E       bond E        ang E        dih E           Px           Py           Pz
           90        0.045   9.2615e+06   2.6622e+06   2.4256e+06   2.3658e+05       516.41      -276.81   2.3215e+05       3832.8       353.74  -0.00012207  -0.00036621   0.00012207
2026-03-10 13:24:04,131 INFO     [mdrun.py:1037] <main> Step       90/100      | Elapsed 0-00:01:08 |    0.057 ns/day |  420.837 h/ns |    1.320 step/s
2026-03-10 13:24:04,131 INFO     [mdrun.py:1038] <main> Thermo | T=9261506.0000 K | P=    0.0000 bar | Ekin=2425640.000000 | Eb=232150.578125 | Ea= 3832.800537 | Ed=  353.738983 | ELJ=  516.414185 | Eelec= -276.814453
2026-03-10 13:24:12,063 INFO     [file_io.py:759] <store_data> 
         step         time         temp        tot E        kin E        pot E         LJ E       Elec E       bond E        ang E        dih E           Px           Py           Pz
          100         0.05   8.8166e+06   2.5352e+06   2.3091e+06    2.261e+05       360.29      -254.14   2.2181e+05       3863.3       325.25  -0.00012207            0   0.00012207
2026-03-10 13:24:12,063 INFO     [mdrun.py:1037] <main> Step      100/100      | Elapsed 0-00:01:16 |    0.057 ns/day |  422.727 h/ns |    1.314 step/s
2026-03-10 13:24:12,063 INFO     [mdrun.py:1038] <main> Thermo | T=8816632.0000 K | P=    0.0000 bar | Ekin=2309125.000000 | Eb=221807.062500 | Ea= 3863.320312 | Ed=  325.248566 | ELJ=  360.293762 | Eelec= -254.137939
2026-03-10 13:24:12,064 INFO     [mdrun.py:1103] <main> Elapsed time: 00:01:28.445265   Setup time: 00:00:10.811080   MD loop time: 00:01:17.634185
2026-03-10 13:24:12,179 INFO     [file_io.py:759] <store_data> 
         step         time         temp        tot E        kin E        pot E         LJ E       Elec E       bond E        ang E        dih E           Px           Py           Pz
          100         0.05   8.8166e+06   2.5352e+06   2.3091e+06    2.261e+05       360.29      -254.14   2.2181e+05       3863.3       325.25  -0.00012207            0   0.00012207
2026-03-10 13:47:46,451 INFO     [input_parser.py:67] <constructor> Coordinate file './output.h5' parsed successfully.
2026-03-10 13:47:46,503 WARNING  [config.py:516] <_parse_type_lj> Ignoring LJ_type_param entries with unknown particle names not present in the current coordinates: Br, CB, CC, CD, CI, CE, CK, CM, ...
2026-03-10 13:47:46,697 INFO     [config.py:679] <get_config> LJ parameters | combining_rule=lorentz-berthelot | lj_input_source=mixing | n_types=11
    type_i    type_j  id_i  id_j    sigma_ij  epsilon_ij
        c3        c3     0     0    0.339800    0.451000
        c3        h1     0     1    0.291000    0.198083
        c3        ca     0     2    0.335650    0.431791
        c3        ha     0     3    0.301150    0.174349
        c3        h4     0     4    0.296700    0.174349
        c3        h5     0     5    0.292250    0.174349
        c3         c     0     6    0.335650    0.431791
        c3         o     0     7    0.322300    0.525411
        c3        os     0     8    0.327700    0.370154
        c3        oh     0     9    0.332050    0.418908
        c3        ho     0    10    0.196800    0.094259
        h1        h1     1     1    0.242200    0.087000
        h1        ca     1     2    0.286850    0.189647
        h1        ha     1     3    0.252350    0.076575
        h1        h4     1     4    0.247900    0.076575
        h1        h5     1     5    0.243450    0.076575
        h1         c     1     6    0.286850    0.189647
        h1         o     1     7    0.273500    0.230765
        h1        os     1     8    0.278900    0.162575
        h1        oh     1     9    0.283250    0.183988
        h1        ho     1    10    0.148000    0.041399
        ca        ca     2     2    0.331500    0.413400
        ca        ha     2     3    0.297000    0.166923
        ca        h4     2     4    0.292550    0.166923
        ca        h5     2     5    0.288100    0.166923
        ca         c     2     6    0.331500    0.413400
        ca         o     2     7    0.318150    0.503033
        ca        os     2     8    0.323550    0.354388
        ca        oh     2     9    0.327900    0.401066
        ca        ho     2    10    0.192650    0.090244
        ha        ha     3     3    0.262500    0.067400
        ha        h4     3     4    0.258050    0.067400
        ha        h5     3     5    0.253600    0.067400
        ha         c     3     6    0.297000    0.166923
        ha         o     3     7    0.283650    0.203115
        ha        os     3     8    0.289050    0.143095
        ha        oh     3     9    0.293400    0.161942
        ha        ho     3    10    0.158150    0.036439
        h4        h4     4     4    0.253600    0.067400
        h4        h5     4     5    0.249150    0.067400
        h4         c     4     6    0.292550    0.166923
        h4         o     4     7    0.279200    0.203115
        h4        os     4     8    0.284600    0.143095
        h4        oh     4     9    0.288950    0.161942
        h4        ho     4    10    0.153700    0.036439
        h5        h5     5     5    0.244700    0.067400
        h5         c     5     6    0.288100    0.166923
        h5         o     5     7    0.274750    0.203115
        h5        os     5     8    0.280150    0.143095
        h5        oh     5     9    0.284500    0.161942
        h5        ho     5    10    0.149250    0.036439
         c         c     6     6    0.331500    0.413400
         c         o     6     7    0.318150    0.503033
         c        os     6     8    0.323550    0.354388
         c        oh     6     9    0.327900    0.401066
         c        ho     6    10    0.192650    0.090244
         o         o     7     7    0.304800    0.612100
         o        os     7     8    0.310200    0.431226
         o        oh     7     9    0.314550    0.488025
         o        ho     7    10    0.179300    0.109811
        os        os     8     8    0.315600    0.303800
        os        oh     8     9    0.319950    0.343815
        os        ho     8    10    0.184700    0.077362
        oh        oh     9     9    0.324300    0.389100
        oh        ho     9    10    0.189050    0.087552
        ho        ho    10    10    0.053800    0.019700
2026-03-10 13:47:47,448 INFO     [config.py:960] <get_config> Config file './options.toml' parse successfully.
2026-03-10 13:47:47,449 INFO     [input_parser.py:81] <constructor> Amber-like atomistic mode enabled (ensemble=NVT, combining_rule=lorentz-berthelot, coulomb14_scale=0.8333333333, lj14_scale=0.5, constrain_xh_bonds=False).
2026-03-10 13:47:47,579 INFO     [topology.py:63] <get_topol> Topology file './topol.toml' parsed successfully.
2026-03-10 13:47:47,580 INFO     [mdrun.py:141] <main> 

	Simulation parameters: 
	--------------------------------------------------
	box_size: [2.5 2.5 2.5]
	volume: 15.625
	volume_per_cell: 0.001953125
	n_steps: 100
	n_particles: 21
	n_types: 11
	dielectric_const: 1.0
	particle_per_type: {np.int32(0): 1, np.int32(1): 3, np.int32(2): 6, np.int32(3): 2, np.int32(4): 1, np.int32(5): 1, np.int32(6): 2, np.int32(7): 2, np.int32(8): 1, np.int32(9): 1, np.int32(10): 1}
	range_types: [ 0  1  2  3  4  5  6  7  8  9 10]
	unique_types: (np.int32(0), np.int32(1), np.int32(2), np.int32(3), np.int32(4), np.int32(5), np.int32(6), np.int32(7), np.int32(8), np.int32(9), np.int32(10))
	inner_ts: 0.0005
	outer_ts: 0.0005
	n_mesh_cells: 8000
	fft_shape: (20, 20, 11)
	self_energy: 331.90509033203125
	mesh_size: [20 20 20]
	rho0: 8.86
	kappa: 0.05
	sigma: 0.5
	rv: 1.1
	rc: 0.9
	rlj: 0.9
	ns_nlist: 10
	nrexcl: 3
	epsilon_rf: 80
	skin: 0.2
	nlist_method: jaxmd
	ff_family: amber_like
	combining_rule: lorentz-berthelot
	lj_input_source: mixing
	coulomb14_scale: 0.8333333333
	lj14_scale: 0.5
	constrain_xh_bonds: False
	unwrap_output: True
	ensemble: NVT
	thermostat: v-rescale
	respa_inner: 1
	n_print: 10
	n_flush: 1
	R: 0.00831446261815324
	mass: [[12.01 ]
 [ 1.008]
 [ 1.008]
 [ 1.008]
 [12.01 ]
 [ 1.008]
 [12.01 ]
 [ 1.008]
 [12.01 ]
 [ 1.008]
 [12.01 ]
 [ 1.008]
 [12.01 ]
 [16.   ]
 [16.   ]
 [12.01 ]
 [12.01 ]
 [12.01 ]
 [16.   ]
 [16.   ]
 [ 1.008]]
	cancel_com_momentum: True
	coulombtype: 1
	elec_conversion: 138.935458
	tau_t: 0.5
	start_temperature: 300.0
	target_temperature: 300.0
	a: 9.21
	pressure: False
	barostat: 0
	barostat_type: None
	tau_p: None
	n_b: 1
	beta: 3.6e-05
	target_pressure: None
	p_conv: 16.605390666
	LJ parameters:
		0	0	0.3398	0.451
		0	1	0.291	0.19808331580423424
		0	2	0.33565	0.43179092162758587
		0	3	0.30115000000000003	0.17434850157084805
		0	4	0.29669999999999996	0.17434850157084805
		0	5	0.29225	0.17434850157084805
		0	6	0.33565	0.43179092162758587
		0	7	0.32230000000000003	0.5254113626483539
		0	8	0.3277	0.37015375183834087
		0	9	0.33204999999999996	0.4189082238390648
		0	10	0.1968	0.0942586866023498
		1	1	0.2422	0.087
		1	2	0.28685	0.1896465132819478
		1	3	0.25235	0.07657545298592755
		1	4	0.2479	0.07657545298592755
		1	5	0.24345	0.07657545298592755
		1	6	0.28685	0.1896465132819478
		1	7	0.2735	0.2307654653538956
		1	8	0.2789	0.16257490581267453
		1	9	0.28325	0.18398831484635103
		1	10	0.148	0.04139927535597694
		2	2	0.3315	0.4134
		2	3	0.29700000000000004	0.16692261680191814
		2	4	0.29255	0.16692261680191814
		2	5	0.2881	0.16692261680191814
		2	6	0.3315	0.4134
		2	7	0.31815000000000004	0.5030329412672693
		2	8	0.32355	0.35438809235074475
		2	9	0.32789999999999997	0.40106600454289315
		2	10	0.19265000000000002	0.09024400257080799
		3	3	0.2625	0.0674
		3	4	0.25805	0.0674
		3	5	0.2536	0.0674
		3	6	0.29700000000000004	0.16692261680191814
		3	7	0.28365	0.20311459819520605
		3	8	0.28905000000000003	0.1430947937557478
		3	9	0.2934	0.16194239716639988
		3	10	0.15815	0.03643871567440323
		4	4	0.2536	0.0674
		4	5	0.24914999999999998	0.0674
		4	6	0.29255	0.16692261680191814
		4	7	0.2792	0.20311459819520605
		4	8	0.28459999999999996	0.1430947937557478
		4	9	0.28895	0.16194239716639988
		4	10	0.1537	0.03643871567440323
		5	5	0.2447	0.0674
		5	6	0.2881	0.16692261680191814
		5	7	0.27475	0.20311459819520605
		5	8	0.28015	0.1430947937557478
		5	9	0.2845	0.16194239716639988
		5	10	0.14925	0.03643871567440323
		6	6	0.3315	0.4134
		6	7	0.31815000000000004	0.5030329412672693
		6	8	0.32355	0.35438809235074475
		6	9	0.32789999999999997	0.40106600454289315
		6	10	0.19265000000000002	0.09024400257080799
		7	7	0.3048	0.6121
		7	8	0.31020000000000003	0.4312261355715815
		7	9	0.31455	0.4880247022436467
		7	10	0.17930000000000001	0.10981060968777105
		8	8	0.3156	0.3038
		8	9	0.31994999999999996	0.34381474662963485
		8	10	0.1847	0.07736187691621758
		9	9	0.3243	0.3891
		9	10	0.18905	0.08755152768512951
		10	10	0.0538	0.0197

2026-03-10 13:47:52,599 INFO     [mdrun.py:244] <main> Using jax-md neighbor list (OrderedSparse, r_cut=0.900, skin=0.200, effective_rv=1.100, capacity=210)
2026-03-10 13:47:56,672 INFO     [file_io.py:572] <store_static> Whole-molecule unwrapping enabled for output (0 small + 1 large molecules, 21 bonds).
2026-03-10 13:47:56,707 INFO     [file_io.py:759] <store_data> 
         step         time         temp        tot E        kin E        pot E         LJ E       Elec E       bond E        ang E        dih E           Px           Py           Pz
            0            0          300      -240.72       78.572      -319.29       28.992      -438.28       14.194       40.911       34.893   2.7381e-06  -1.6689e-06   2.9802e-06
2026-03-10 13:48:05,523 INFO     [file_io.py:759] <store_data> 
         step         time         temp        tot E        kin E        pot E         LJ E       Elec E       bond E        ang E        dih E           Px           Py           Pz
           10        0.005       259.18      -240.83        67.88      -308.71       21.911      -435.56       41.364       31.358       32.224   1.0133e-06   2.0266e-06   1.6689e-06
2026-03-10 13:48:05,523 INFO     [mdrun.py:1037] <main> Step       10/100      | Elapsed 0-00:00:08 |    0.059 ns/day |  407.588 h/ns |    1.363 step/s
2026-03-10 13:48:05,524 INFO     [mdrun.py:1038] <main> Thermo | T=  259.1755 K | P=    0.0000 bar | Ekin=   67.879501 | Eb=   41.364418 | Ea=   31.357868 | Ed=   32.223595 | ELJ=   21.910740 | Eelec= -435.564423
2026-03-10 13:48:13,169 INFO     [file_io.py:759] <store_data> 
         step         time         temp        tot E        kin E        pot E         LJ E       Elec E       bond E        ang E        dih E           Px           Py           Pz
           20         0.01       303.87      -243.83       79.586      -323.42       18.489      -436.86       31.522        34.74       28.688  -1.4901e-06  -6.8545e-07   2.3842e-07
2026-03-10 13:48:13,170 INFO     [mdrun.py:1037] <main> Step       20/100      | Elapsed 0-00:00:15 |    0.058 ns/day |  412.540 h/ns |    1.347 step/s
2026-03-10 13:48:13,170 INFO     [mdrun.py:1038] <main> Thermo | T=  303.8720 K | P=    0.0000 bar | Ekin=   79.585777 | Eb=   31.521534 | Ea=   34.740387 | Ed=   28.687685 | ELJ=   18.488615 | Eelec= -436.855194
2026-03-10 13:48:20,668 INFO     [file_io.py:759] <store_data> 
         step         time         temp        tot E        kin E        pot E         LJ E       Elec E       bond E        ang E        dih E           Px           Py           Pz
           30        0.015       320.03      -246.55       83.817      -330.37        20.66      -441.41       12.373       46.355       31.651   1.7881e-06   7.1526e-07   4.7684e-07
2026-03-10 13:48:20,668 INFO     [mdrun.py:1037] <main> Step       30/100      | Elapsed 0-00:00:23 |    0.058 ns/day |  416.083 h/ns |    1.335 step/s
2026-03-10 13:48:20,668 INFO     [mdrun.py:1038] <main> Thermo | T=  320.0262 K | P=    0.0000 bar | Ekin=   83.816658 | Eb=   12.372823 | Ea=   46.355019 | Ed=   31.650814 | ELJ=   20.660219 | Eelec= -441.409119
2026-03-10 13:48:28,166 INFO     [file_io.py:759] <store_data> 
         step         time         temp        tot E        kin E        pot E         LJ E       Elec E       bond E        ang E        dih E           Px           Py           Pz
           40         0.02       271.69      -247.93       71.157      -319.08       24.627      -446.06       31.627       37.915       32.804   4.2915e-06  -1.8775e-06            0
2026-03-10 13:48:28,166 INFO     [mdrun.py:1037] <main> Step       40/100      | Elapsed 0-00:00:30 |    0.058 ns/day |  416.163 h/ns |    1.335 step/s
2026-03-10 13:48:28,166 INFO     [mdrun.py:1038] <main> Thermo | T=  271.6909 K | P=    0.0000 bar | Ekin=   71.157364 | Eb=   31.627256 | Ea=   37.915436 | Ed=   32.804401 | ELJ=   24.627125 | Eelec= -446.058258
2026-03-10 13:48:35,671 INFO     [file_io.py:759] <store_data> 
         step         time         temp        tot E        kin E        pot E         LJ E       Elec E       bond E        ang E        dih E           Px           Py           Pz
           50        0.025       290.72      -248.99       76.141      -325.13       28.491      -445.31       26.569       37.258       27.863  -1.7881e-06   3.5763e-07   -2.712e-06
2026-03-10 13:48:35,672 INFO     [mdrun.py:1037] <main> Step       50/100      | Elapsed 0-00:00:38 |    0.058 ns/day |  416.358 h/ns |    1.334 step/s
2026-03-10 13:48:35,672 INFO     [mdrun.py:1038] <main> Thermo | T=  290.7210 K | P=    0.0000 bar | Ekin=   76.141441 | Eb=   26.569181 | Ea=   37.257751 | Ed=   27.863392 | ELJ=   28.490597 | Eelec= -445.312836
2026-03-10 13:48:43,366 INFO     [file_io.py:759] <store_data> 
         step         time         temp        tot E        kin E        pot E         LJ E       Elec E       bond E        ang E        dih E           Px           Py           Pz
           60         0.03       314.87      -251.37       82.466      -333.84       29.323      -445.95       11.888       46.724       24.179   2.5183e-06  -1.3113e-06   1.1921e-06
2026-03-10 13:48:43,366 INFO     [mdrun.py:1037] <main> Step       60/100      | Elapsed 0-00:00:45 |    0.057 ns/day |  418.168 h/ns |    1.329 step/s
2026-03-10 13:48:43,366 INFO     [mdrun.py:1038] <main> Thermo | T=  314.8709 K | P=    0.0000 bar | Ekin=   82.466431 | Eb=   11.887837 | Ea=   46.723656 | Ed=   24.178871 | ELJ=   29.322714 | Eelec= -445.949554
2026-03-10 13:48:51,023 INFO     [file_io.py:759] <store_data> 
         step         time         temp        tot E        kin E        pot E         LJ E       Elec E       bond E        ang E        dih E           Px           Py           Pz
           70        0.035       340.16      -250.17        89.09      -339.26       26.173      -447.04        26.51       32.428       22.668  -5.8413e-06   1.4305e-06   4.7684e-07
2026-03-10 13:48:51,023 INFO     [mdrun.py:1037] <main> Step       70/100      | Elapsed 0-00:00:53 |    0.057 ns/day |  418.904 h/ns |    1.326 step/s
2026-03-10 13:48:51,023 INFO     [mdrun.py:1038] <main> Thermo | T=  340.1603 K | P=    0.0000 bar | Ekin=   89.089874 | Eb=   26.509987 | Ea=   32.428307 | Ed=   22.668304 | ELJ=   26.173138 | Eelec= -447.040009
2026-03-10 13:48:58,641 INFO     [file_io.py:759] <store_data> 
         step         time         temp        tot E        kin E        pot E         LJ E       Elec E       bond E        ang E        dih E           Px           Py           Pz
           80         0.04       303.33      -249.26       79.444       -328.7       26.219      -442.16       24.658       35.517       27.064  -3.5763e-06  -7.1526e-07   4.7684e-07
2026-03-10 13:48:58,641 INFO     [mdrun.py:1037] <main> Step       80/100      | Elapsed 0-00:01:01 |    0.057 ns/day |  419.395 h/ns |    1.325 step/s
2026-03-10 13:48:58,642 INFO     [mdrun.py:1038] <main> Thermo | T=  303.3318 K | P=    0.0000 bar | Ekin=   79.444275 | Eb=   24.657902 | Ea=   35.516586 | Ed=   27.063606 | ELJ=   26.218864 | Eelec= -442.159241
2026-03-10 13:49:06,303 INFO     [file_io.py:759] <store_data> 
         step         time         temp        tot E        kin E        pot E         LJ E       Elec E       bond E        ang E        dih E           Px           Py           Pz
           90        0.045       296.94      -244.33       77.769       -322.1        29.54      -439.51       13.683       40.568       33.623  -1.4156e-07  -2.1011e-06   2.3842e-07
2026-03-10 13:49:06,303 INFO     [mdrun.py:1037] <main> Step       90/100      | Elapsed 0-00:01:08 |    0.057 ns/day |  420.143 h/ns |    1.322 step/s
2026-03-10 13:49:06,303 INFO     [mdrun.py:1038] <main> Thermo | T=  296.9359 K | P=    0.0000 bar | Ekin=   77.769165 | Eb=   13.683052 | Ea=   40.568398 | Ed=   33.623493 | ELJ=   29.539951 | Eelec= -439.511414
2026-03-10 13:49:14,176 INFO     [file_io.py:759] <store_data> 
         step         time         temp        tot E        kin E        pot E         LJ E       Elec E       bond E        ang E        dih E           Px           Py           Pz
          100         0.05       337.93      -240.97       88.505      -329.48       34.859      -439.19       21.905       21.221       31.735  -1.9073e-06   9.0152e-07  -5.9605e-08
2026-03-10 13:49:14,176 INFO     [mdrun.py:1037] <main> Step      100/100      | Elapsed 0-00:01:16 |    0.057 ns/day |  421.769 h/ns |    1.317 step/s
2026-03-10 13:49:14,176 INFO     [mdrun.py:1038] <main> Thermo | T=  337.9253 K | P=    0.0000 bar | Ekin=   88.504509 | Eb=   21.904753 | Ea=   21.220638 | Ed=   31.734554 | ELJ=   34.858665 | Eelec= -439.194641
2026-03-10 13:49:14,177 INFO     [mdrun.py:1103] <main> Elapsed time: 00:01:27.866355   Setup time: 00:00:10.397225   MD loop time: 00:01:17.469130
2026-03-10 13:49:14,269 INFO     [file_io.py:759] <store_data> 
         step         time         temp        tot E        kin E        pot E         LJ E       Elec E       bond E        ang E        dih E           Px           Py           Pz
          100         0.05       337.93      -240.97       88.505      -329.48       34.859      -439.19       21.905       21.221       31.735  -1.9073e-06   9.0152e-07  -5.9605e-08
