2026-03-09 19:13:54,311 INFO     [input_parser.py:67] <constructor> Coordinate file './output.h5' parsed successfully.
2026-03-09 19:13:55,481 INFO     [config.py:939] <get_config> Config file './options_nve.toml' parse successfully.
2026-03-09 19:13:55,481 INFO     [input_parser.py:81] <constructor> Amber-like atomistic mode enabled (ensemble=NVE, combining_rule=lorentz-berthelot, coulomb14_scale=0.8333333333, lj14_scale=0.5, constrain_xh_bonds=False).
2026-03-09 19:13:55,613 INFO     [topology.py:63] <get_topol> Topology file './topol.toml' parsed successfully.
2026-03-09 19:13:55,614 INFO     [mdrun.py:139] <main> 

	Simulation parameters: 
	--------------------------------------------------
	box_size: [2.5 2.5 2.5]
	volume: 15.625
	volume_per_cell: 7.233796350192279e-05
	n_steps: 10000
	n_particles: 21
	n_types: 11
	dielectric_const: 1.0
	particle_per_type: {np.int32(0): 1, np.int32(1): 3, np.int32(2): 6, np.int32(3): 2, np.int32(4): 1, np.int32(5): 1, np.int32(6): 2, np.int32(7): 2, np.int32(8): 1, np.int32(9): 1, np.int32(10): 1}
	range_types: [ 0  1  2  3  4  5  6  7  8  9 10]
	unique_types: (np.int32(0), np.int32(1), np.int32(2), np.int32(3), np.int32(4), np.int32(5), np.int32(6), np.int32(7), np.int32(8), np.int32(9), np.int32(10))
	inner_ts: 0.001
	outer_ts: 0.001
	n_mesh_cells: 216000
	fft_shape: (60, 60, 31)
	self_energy: 331.90509033203125
	mesh_size: [60 60 60]
	rho0: 8.86
	kappa: 0.05
	sigma: 0.5
	rv: 1.1
	rc: 0.9
	rlj: 0.9
	ns_nlist: 10
	nrexcl: 3
	epsilon_rf: 80
	skin: 0.2
	ff_family: amber_like
	combining_rule: lorentz-berthelot
	lj_input_source: mixing
	coulomb14_scale: 0.8333333333
	lj14_scale: 0.5
	constrain_xh_bonds: False
	unwrap_output: True
	ensemble: NVE
	thermostat: no
	respa_inner: 1
	n_print: 10
	n_flush: 10
	R: 0.00831446261815324
	mass: [[12.01 ]
 [ 1.008]
 [ 1.008]
 [ 1.008]
 [12.01 ]
 [ 1.008]
 [12.01 ]
 [ 1.008]
 [12.01 ]
 [ 1.008]
 [12.01 ]
 [ 1.008]
 [12.01 ]
 [16.   ]
 [16.   ]
 [12.01 ]
 [12.01 ]
 [12.01 ]
 [16.   ]
 [16.   ]
 [ 1.008]]
	cancel_com_momentum: 100
	coulombtype: 1
	elec_conversion: 138.935458
	tau_t: 0.5
	start_temperature: 300
	target_temperature: 300.0
	a: 9.21
	pressure: False
	barostat: 0
	barostat_type: None
	tau_p: None
	n_b: 1
	beta: 3.6e-05
	target_pressure: None
	p_conv: 16.605390666
	LJ parameters:
		0	0	0.3398	0.451
		0	1	0.291	0.19808331580423424
		0	2	0.33565	0.43179092162758587
		0	3	0.30115000000000003	0.17434850157084805
		0	4	0.29669999999999996	0.17434850157084805
		0	5	0.29225	0.17434850157084805
		0	6	0.33565	0.43179092162758587
		0	7	0.32230000000000003	0.5254113626483539
		0	8	0.3277	0.37015375183834087
		0	9	0.33204999999999996	0.4189082238390648
		0	10	0.1968	0.0942586866023498
		1	1	0.2422	0.087
		1	2	0.28685	0.1896465132819478
		1	3	0.25235	0.07657545298592755
		1	4	0.2479	0.07657545298592755
		1	5	0.24345	0.07657545298592755
		1	6	0.28685	0.1896465132819478
		1	7	0.2735	0.2307654653538956
		1	8	0.2789	0.16257490581267453
		1	9	0.28325	0.18398831484635103
		1	10	0.148	0.04139927535597694
		2	2	0.3315	0.4134
		2	3	0.29700000000000004	0.16692261680191814
		2	4	0.29255	0.16692261680191814
		2	5	0.2881	0.16692261680191814
		2	6	0.3315	0.4134
		2	7	0.31815000000000004	0.5030329412672693
		2	8	0.32355	0.35438809235074475
		2	9	0.32789999999999997	0.40106600454289315
		2	10	0.19265000000000002	0.09024400257080799
		3	3	0.2625	0.0674
		3	4	0.25805	0.0674
		3	5	0.2536	0.0674
		3	6	0.29700000000000004	0.16692261680191814
		3	7	0.28365	0.20311459819520605
		3	8	0.28905000000000003	0.1430947937557478
		3	9	0.2934	0.16194239716639988
		3	10	0.15815	0.03643871567440323
		4	4	0.2536	0.0674
		4	5	0.24914999999999998	0.0674
		4	6	0.29255	0.16692261680191814
		4	7	0.2792	0.20311459819520605
		4	8	0.28459999999999996	0.1430947937557478
		4	9	0.28895	0.16194239716639988
		4	10	0.1537	0.03643871567440323
		5	5	0.2447	0.0674
		5	6	0.2881	0.16692261680191814
		5	7	0.27475	0.20311459819520605
		5	8	0.28015	0.1430947937557478
		5	9	0.2845	0.16194239716639988
		5	10	0.14925	0.03643871567440323
		6	6	0.3315	0.4134
		6	7	0.31815000000000004	0.5030329412672693
		6	8	0.32355	0.35438809235074475
		6	9	0.32789999999999997	0.40106600454289315
		6	10	0.19265000000000002	0.09024400257080799
		7	7	0.3048	0.6121
		7	8	0.31020000000000003	0.4312261355715815
		7	9	0.31455	0.4880247022436467
		7	10	0.17930000000000001	0.10981060968777105
		8	8	0.3156	0.3038
		8	9	0.31994999999999996	0.34381474662963485
		8	10	0.1847	0.07736187691621758
		9	9	0.3243	0.3891
		9	10	0.18905	0.08755152768512951
		10	10	0.0538	0.0197

2026-03-09 19:14:00,733 INFO     [file_io.py:572] <store_static> Whole-molecule unwrapping enabled for output (0 small + 1 large molecules, 21 bonds).
2026-03-09 19:14:00,768 INFO     [file_io.py:759] <store_data> 
         step         time         temp        tot E        kin E        pot E         LJ E       Elec E       bond E        ang E        dih E           Px           Py           Pz
            0            0          300      -240.69       78.572      -319.26       28.992      -438.25       14.194       40.911       34.893  -3.6955e-06   9.5367e-07  -8.9407e-07
2026-03-09 19:14:09,276 INFO     [file_io.py:759] <store_data> 
         step         time         temp        tot E        kin E        pot E         LJ E       Elec E       bond E        ang E        dih E           Px           Py           Pz
           10         0.01       287.16      -240.28       75.209      -315.49        25.96      -434.71       21.551       43.255       28.459  -4.4554e-06  -4.1723e-07   6.1989e-06
2026-03-09 19:14:09,276 INFO     [mdrun.py:1002] <main> Step       10/10000    | Elapsed 0-00:00:07 |    0.124 ns/day |  193.302 h/ns |    1.437 step/s
2026-03-09 19:14:09,276 INFO     [mdrun.py:1003] <main> Thermo | T=  287.1594 K | P=    0.0000 bar | Ekin=   75.208633 | Eb=   21.550848 | Ea=   43.254677 | Ed=   28.459156 | ELJ=   25.960468 | Eelec= -434.712158
2026-03-09 19:14:17,477 INFO     [file_io.py:759] <store_data> 
         step         time         temp        tot E        kin E        pot E         LJ E       Elec E       bond E        ang E        dih E           Px           Py           Pz
           20         0.02       250.97      -240.28       65.732      -306.01        25.62      -445.76       32.903       42.683       38.537  -4.2915e-06   -5.126e-06   1.0729e-05
2026-03-09 19:14:17,477 INFO     [mdrun.py:1002] <main> Step       20/10000    | Elapsed 0-00:00:15 |    0.114 ns/day |  209.994 h/ns |    1.323 step/s
2026-03-09 19:14:17,477 INFO     [mdrun.py:1003] <main> Thermo | T=  250.9747 K | P=    0.0000 bar | Ekin=   65.731682 | Eb=   32.902718 | Ea=   42.683472 | Ed=   38.537365 | ELJ=   25.619677 | Eelec= -445.755127
2026-03-09 19:14:25,617 INFO     [file_io.py:759] <store_data> 
         step         time         temp        tot E        kin E        pot E         LJ E       Elec E       bond E        ang E        dih E           Px           Py           Pz
           30         0.03       311.24      -240.64       81.515      -322.15       30.313      -454.25       24.023       43.556       34.206  -7.7784e-06  -3.5763e-07   9.7752e-06
2026-03-09 19:14:25,618 INFO     [mdrun.py:1002] <main> Step       30/10000    | Elapsed 0-00:00:24 |    0.112 ns/day |  215.068 h/ns |    1.292 step/s
2026-03-09 19:14:25,618 INFO     [mdrun.py:1003] <main> Thermo | T=  311.2370 K | P=    0.0000 bar | Ekin=   81.514709 | Eb=   24.022825 | Ea=   43.556080 | Ed=   34.205669 | ELJ=   30.313332 | Eelec= -454.248322
2026-03-09 19:14:33,808 INFO     [file_io.py:759] <store_data> 
         step         time         temp        tot E        kin E        pot E         LJ E       Elec E       bond E        ang E        dih E           Px           Py           Pz
           40         0.04       271.21      -240.22       71.032      -311.25       32.719         -447         30.6       30.846       41.591   3.5763e-07  -1.4305e-06   8.3447e-06
2026-03-09 19:14:33,809 INFO     [mdrun.py:1002] <main> Step       40/10000    | Elapsed 0-00:00:32 |    0.110 ns/day |  218.168 h/ns |    1.273 step/s
2026-03-09 19:14:33,809 INFO     [mdrun.py:1003] <main> Thermo | T=  271.2127 K | P=    0.0000 bar | Ekin=   71.032120 | Eb=   30.599514 | Ea=   30.846176 | Ed=   41.590900 | ELJ=   32.719147 | Eelec= -447.004028
