2026-03-10 14:25:24,226 INFO     [input_parser.py:67] <constructor> Coordinate file './output.h5' parsed successfully.
2026-03-10 14:25:24,303 WARNING  [config.py:516] <_parse_type_lj> Ignoring LJ_type_param entries with unknown particle names not present in the current coordinates: Br, CB, CC, CD, CI, CE, CK, CM, ...
2026-03-10 14:25:24,544 INFO     [config.py:679] <get_config> LJ parameters | combining_rule=lorentz-berthelot | lj_input_source=mixing | n_types=11
    type_i    type_j  id_i  id_j    sigma_ij  epsilon_ij
        c3        c3     0     0    0.339800    0.451000
        c3        h1     0     1    0.291000    0.198083
        c3        ca     0     2    0.335650    0.431791
        c3        ha     0     3    0.301150    0.174349
        c3        h4     0     4    0.296700    0.174349
        c3        h5     0     5    0.292250    0.174349
        c3         c     0     6    0.335650    0.431791
        c3         o     0     7    0.322300    0.525411
        c3        os     0     8    0.327700    0.370154
        c3        oh     0     9    0.332050    0.418908
        c3        ho     0    10    0.196800    0.094259
        h1        h1     1     1    0.242200    0.087000
        h1        ca     1     2    0.286850    0.189647
        h1        ha     1     3    0.252350    0.076575
        h1        h4     1     4    0.247900    0.076575
        h1        h5     1     5    0.243450    0.076575
        h1         c     1     6    0.286850    0.189647
        h1         o     1     7    0.273500    0.230765
        h1        os     1     8    0.278900    0.162575
        h1        oh     1     9    0.283250    0.183988
        h1        ho     1    10    0.148000    0.041399
        ca        ca     2     2    0.331500    0.413400
        ca        ha     2     3    0.297000    0.166923
        ca        h4     2     4    0.292550    0.166923
        ca        h5     2     5    0.288100    0.166923
        ca         c     2     6    0.331500    0.413400
        ca         o     2     7    0.318150    0.503033
        ca        os     2     8    0.323550    0.354388
        ca        oh     2     9    0.327900    0.401066
        ca        ho     2    10    0.192650    0.090244
        ha        ha     3     3    0.262500    0.067400
        ha        h4     3     4    0.258050    0.067400
        ha        h5     3     5    0.253600    0.067400
        ha         c     3     6    0.297000    0.166923
        ha         o     3     7    0.283650    0.203115
        ha        os     3     8    0.289050    0.143095
        ha        oh     3     9    0.293400    0.161942
        ha        ho     3    10    0.158150    0.036439
        h4        h4     4     4    0.253600    0.067400
        h4        h5     4     5    0.249150    0.067400
        h4         c     4     6    0.292550    0.166923
        h4         o     4     7    0.279200    0.203115
        h4        os     4     8    0.284600    0.143095
        h4        oh     4     9    0.288950    0.161942
        h4        ho     4    10    0.153700    0.036439
        h5        h5     5     5    0.244700    0.067400
        h5         c     5     6    0.288100    0.166923
        h5         o     5     7    0.274750    0.203115
        h5        os     5     8    0.280150    0.143095
        h5        oh     5     9    0.284500    0.161942
        h5        ho     5    10    0.149250    0.036439
         c         c     6     6    0.331500    0.413400
         c         o     6     7    0.318150    0.503033
         c        os     6     8    0.323550    0.354388
         c        oh     6     9    0.327900    0.401066
         c        ho     6    10    0.192650    0.090244
         o         o     7     7    0.304800    0.612100
         o        os     7     8    0.310200    0.431226
         o        oh     7     9    0.314550    0.488025
         o        ho     7    10    0.179300    0.109811
        os        os     8     8    0.315600    0.303800
        os        oh     8     9    0.319950    0.343815
        os        ho     8    10    0.184700    0.077362
        oh        oh     9     9    0.324300    0.389100
        oh        ho     9    10    0.189050    0.087552
        ho        ho    10    10    0.053800    0.019700
2026-03-10 14:25:25,362 INFO     [config.py:960] <get_config> Config file './options.toml' parse successfully.
2026-03-10 14:25:25,362 INFO     [input_parser.py:81] <constructor> Amber-like atomistic mode enabled (ensemble=NVT, combining_rule=lorentz-berthelot, coulomb14_scale=0.8333333333, lj14_scale=0.5, constrain_xh_bonds=False).
2026-03-10 14:25:25,502 INFO     [topology.py:63] <get_topol> Topology file './topol.toml' parsed successfully.
2026-03-10 14:25:25,503 INFO     [mdrun.py:141] <main> 

	Simulation parameters: 
	--------------------------------------------------
	box_size: [2.5 2.5 2.5]
	volume: 15.625
	volume_per_cell: 0.001953125
	n_steps: 100
	n_particles: 21
	n_types: 11
	dielectric_const: 1.0
	particle_per_type: {np.int32(0): 1, np.int32(1): 3, np.int32(2): 6, np.int32(3): 2, np.int32(4): 1, np.int32(5): 1, np.int32(6): 2, np.int32(7): 2, np.int32(8): 1, np.int32(9): 1, np.int32(10): 1}
	range_types: [ 0  1  2  3  4  5  6  7  8  9 10]
	unique_types: (np.int32(0), np.int32(1), np.int32(2), np.int32(3), np.int32(4), np.int32(5), np.int32(6), np.int32(7), np.int32(8), np.int32(9), np.int32(10))
	inner_ts: 0.0005
	outer_ts: 0.0005
	n_mesh_cells: 8000
	fft_shape: (20, 20, 11)
	self_energy: 331.90509033203125
	mesh_size: [20 20 20]
	rho0: 8.86
	kappa: 0.05
	sigma: 0.5
	rv: 1.1
	rc: 0.9
	rlj: 0.9
	ns_nlist: 10
	nrexcl: 3
	epsilon_rf: 80
	skin: 0.2
	nlist_method: jaxmd
	ff_family: amber_like
	combining_rule: lorentz-berthelot
	lj_input_source: mixing
	coulomb14_scale: 0.8333333333
	lj14_scale: 0.5
	constrain_xh_bonds: False
	unwrap_output: True
	ensemble: NVT
	thermostat: v-rescale
	respa_inner: 1
	n_print: 10
	n_flush: 1
	R: 0.00831446261815324
	mass: [[12.01 ]
 [ 1.008]
 [ 1.008]
 [ 1.008]
 [12.01 ]
 [ 1.008]
 [12.01 ]
 [ 1.008]
 [12.01 ]
 [ 1.008]
 [12.01 ]
 [ 1.008]
 [12.01 ]
 [16.   ]
 [16.   ]
 [12.01 ]
 [12.01 ]
 [12.01 ]
 [16.   ]
 [16.   ]
 [ 1.008]]
	cancel_com_momentum: True
	coulombtype: 1
	elec_conversion: 138.935458
	tau_t: 0.5
	start_temperature: 300.0
	target_temperature: 300.0
	a: 9.21
	pressure: False
	barostat: 0
	barostat_type: None
	tau_p: None
	n_b: 1
	beta: 3.6e-05
	target_pressure: None
	p_conv: 16.605390666
	LJ parameters:
		0	0	0.3398	0.451
		0	1	0.291	0.19808331580423424
		0	2	0.33565	0.43179092162758587
		0	3	0.30115000000000003	0.17434850157084805
		0	4	0.29669999999999996	0.17434850157084805
		0	5	0.29225	0.17434850157084805
		0	6	0.33565	0.43179092162758587
		0	7	0.32230000000000003	0.5254113626483539
		0	8	0.3277	0.37015375183834087
		0	9	0.33204999999999996	0.4189082238390648
		0	10	0.1968	0.0942586866023498
		1	1	0.2422	0.087
		1	2	0.28685	0.1896465132819478
		1	3	0.25235	0.07657545298592755
		1	4	0.2479	0.07657545298592755
		1	5	0.24345	0.07657545298592755
		1	6	0.28685	0.1896465132819478
		1	7	0.2735	0.2307654653538956
		1	8	0.2789	0.16257490581267453
		1	9	0.28325	0.18398831484635103
		1	10	0.148	0.04139927535597694
		2	2	0.3315	0.4134
		2	3	0.29700000000000004	0.16692261680191814
		2	4	0.29255	0.16692261680191814
		2	5	0.2881	0.16692261680191814
		2	6	0.3315	0.4134
		2	7	0.31815000000000004	0.5030329412672693
		2	8	0.32355	0.35438809235074475
		2	9	0.32789999999999997	0.40106600454289315
		2	10	0.19265000000000002	0.09024400257080799
		3	3	0.2625	0.0674
		3	4	0.25805	0.0674
		3	5	0.2536	0.0674
		3	6	0.29700000000000004	0.16692261680191814
		3	7	0.28365	0.20311459819520605
		3	8	0.28905000000000003	0.1430947937557478
		3	9	0.2934	0.16194239716639988
		3	10	0.15815	0.03643871567440323
		4	4	0.2536	0.0674
		4	5	0.24914999999999998	0.0674
		4	6	0.29255	0.16692261680191814
		4	7	0.2792	0.20311459819520605
		4	8	0.28459999999999996	0.1430947937557478
		4	9	0.28895	0.16194239716639988
		4	10	0.1537	0.03643871567440323
		5	5	0.2447	0.0674
		5	6	0.2881	0.16692261680191814
		5	7	0.27475	0.20311459819520605
		5	8	0.28015	0.1430947937557478
		5	9	0.2845	0.16194239716639988
		5	10	0.14925	0.03643871567440323
		6	6	0.3315	0.4134
		6	7	0.31815000000000004	0.5030329412672693
		6	8	0.32355	0.35438809235074475
		6	9	0.32789999999999997	0.40106600454289315
		6	10	0.19265000000000002	0.09024400257080799
		7	7	0.3048	0.6121
		7	8	0.31020000000000003	0.4312261355715815
		7	9	0.31455	0.4880247022436467
		7	10	0.17930000000000001	0.10981060968777105
		8	8	0.3156	0.3038
		8	9	0.31994999999999996	0.34381474662963485
		8	10	0.1847	0.07736187691621758
		9	9	0.3243	0.3891
		9	10	0.18905	0.08755152768512951
		10	10	0.0538	0.0197

2026-03-10 14:25:31,862 INFO     [mdrun.py:244] <main> Using jax-md neighbor list (OrderedSparse, r_cut=0.900, skin=0.200, effective_rv=1.100, capacity=210)
2026-03-10 14:25:36,151 INFO     [file_io.py:572] <store_static> Whole-molecule unwrapping enabled for output (0 small + 1 large molecules, 21 bonds).
2026-03-10 14:25:36,197 INFO     [file_io.py:759] <store_data> 
         step         time         temp        tot E        kin E        pot E         LJ E       Elec E       bond E        ang E        dih E           Px           Py           Pz
            0            0          300      -240.72       78.572      -319.29       28.992      -438.28       14.194       40.911       34.893  -3.3379e-06  -2.9802e-06   4.7684e-07
2026-03-10 14:25:45,796 INFO     [file_io.py:759] <store_data> 
         step         time         temp        tot E        kin E        pot E         LJ E       Elec E       bond E        ang E        dih E           Px           Py           Pz
           10        0.005       265.04      -241.04       69.415      -310.45       26.112      -437.79       35.458       32.015       33.757  -7.3761e-07   2.6822e-07   7.1526e-07
2026-03-10 14:25:45,796 INFO     [mdrun.py:1037] <main> Step       10/100      | Elapsed 0-00:00:08 |    0.054 ns/day |  441.457 h/ns |    1.258 step/s
2026-03-10 14:25:45,796 INFO     [mdrun.py:1038] <main> Thermo | T=  265.0371 K | P=    0.0000 bar | Ekin=   69.414688 | Eb=   35.458088 | Ea=   32.015087 | Ed=   33.757210 | ELJ=   26.111729 | Eelec= -437.793762
2026-03-10 14:25:54,551 INFO     [file_io.py:759] <store_data> 
         step         time         temp        tot E        kin E        pot E         LJ E       Elec E       bond E        ang E        dih E           Px           Py           Pz
           20         0.01       336.57      -240.25       88.149       -328.4       24.206      -441.14       33.349       28.368       26.817   2.6822e-07  -3.5763e-07  -2.3842e-07
2026-03-10 14:25:54,551 INFO     [mdrun.py:1037] <main> Step       20/100      | Elapsed 0-00:00:17 |    0.052 ns/day |  458.835 h/ns |    1.211 step/s
2026-03-10 14:25:54,551 INFO     [mdrun.py:1038] <main> Thermo | T=  336.5694 K | P=    0.0000 bar | Ekin=   88.149406 | Eb=   33.349323 | Ea=   28.367807 | Ed=   26.816772 | ELJ=   24.205685 | Eelec= -441.135498
2026-03-10 14:26:03,657 INFO     [file_io.py:759] <store_data> 
         step         time         temp        tot E        kin E        pot E         LJ E       Elec E       bond E        ang E        dih E           Px           Py           Pz
           30        0.015       304.25      -243.28       79.685      -322.97       24.895      -446.04       14.982       55.694       27.496   4.4703e-07  -7.1526e-07   1.9073e-06
2026-03-10 14:26:03,658 INFO     [mdrun.py:1037] <main> Step       30/100      | Elapsed 0-00:00:26 |    0.050 ns/day |  476.565 h/ns |    1.166 step/s
2026-03-10 14:26:03,658 INFO     [mdrun.py:1038] <main> Thermo | T=  304.2503 K | P=    0.0000 bar | Ekin=   79.684853 | Eb=   14.982256 | Ea=   55.693680 | Ed=   27.496326 | ELJ=   24.894552 | Eelec= -446.036194
2026-03-10 14:26:12,524 INFO     [file_io.py:759] <store_data> 
         step         time         temp        tot E        kin E        pot E         LJ E       Elec E       bond E        ang E        dih E           Px           Py           Pz
           40         0.02       251.17      -243.61       65.783       -309.4       25.902      -446.09       17.438       58.208       35.147  -5.9605e-07  -1.6689e-06  -4.0531e-06
2026-03-10 14:26:12,525 INFO     [mdrun.py:1037] <main> Step       40/100      | Elapsed 0-00:00:35 |    0.050 ns/day |  479.997 h/ns |    1.157 step/s
2026-03-10 14:26:12,525 INFO     [mdrun.py:1038] <main> Thermo | T=  251.1722 K | P=    0.0000 bar | Ekin=   65.783409 | Eb=   17.437889 | Ea=   58.207794 | Ed=   35.146843 | ELJ=   25.901789 | Eelec= -446.090179
2026-03-10 14:26:21,431 INFO     [file_io.py:759] <store_data> 
         step         time         temp        tot E        kin E        pot E         LJ E       Elec E       bond E        ang E        dih E           Px           Py           Pz
           50        0.025       287.74      -244.11        75.36      -319.47       28.084      -449.31       26.006       39.822       35.929   5.0664e-07  -1.4305e-06  -2.4438e-06
2026-03-10 14:26:21,431 INFO     [mdrun.py:1037] <main> Step       50/100      | Elapsed 0-00:00:44 |    0.050 ns/day |  483.308 h/ns |    1.149 step/s
2026-03-10 14:26:21,431 INFO     [mdrun.py:1038] <main> Thermo | T=  287.7392 K | P=    0.0000 bar | Ekin=   75.360497 | Eb=   26.005936 | Ea=   39.821564 | Ed=   35.929314 | ELJ=   28.084143 | Eelec= -449.314453
2026-03-10 14:26:30,383 INFO     [file_io.py:759] <store_data> 
         step         time         temp        tot E        kin E        pot E         LJ E       Elec E       bond E        ang E        dih E           Px           Py           Pz
           60         0.03       309.79      -245.43       81.136      -326.57       31.122      -451.51       23.394       39.362       31.064  -1.1921e-06   1.0002e-06  -7.1526e-07
2026-03-10 14:26:30,383 INFO     [mdrun.py:1037] <main> Step       60/100      | Elapsed 0-00:00:53 |    0.049 ns/day |  485.293 h/ns |    1.145 step/s
2026-03-10 14:26:30,383 INFO     [mdrun.py:1038] <main> Thermo | T=  309.7909 K | P=    0.0000 bar | Ekin=   81.135948 | Eb=   23.394308 | Ea=   39.362076 | Ed=   31.064056 | ELJ=   31.121769 | Eelec= -451.507996
2026-03-10 14:26:40,354 INFO     [file_io.py:759] <store_data> 
         step         time         temp        tot E        kin E        pot E         LJ E       Elec E       bond E        ang E        dih E           Px           Py           Pz
           70        0.035       343.14      -242.97       89.871      -332.84       32.745      -450.96       21.895       31.367       32.107  -1.7881e-07   2.2054e-06   2.3842e-06
2026-03-10 14:26:40,354 INFO     [mdrun.py:1037] <main> Step       70/100      | Elapsed 0-00:01:02 |    0.049 ns/day |  491.745 h/ns |    1.130 step/s
2026-03-10 14:26:40,354 INFO     [mdrun.py:1038] <main> Thermo | T=  343.1437 K | P=    0.0000 bar | Ekin=   89.871254 | Eb=   21.894547 | Ea=   31.367455 | Ed=   32.106766 | ELJ=   32.744812 | Eelec= -450.957764
2026-03-10 14:26:49,423 INFO     [file_io.py:759] <store_data> 
         step         time         temp        tot E        kin E        pot E         LJ E       Elec E       bond E        ang E        dih E           Px           Py           Pz
           80         0.04       302.54      -244.27       79.238      -323.51       32.265      -451.76       28.851       29.202        37.93   1.5497e-06  -1.2815e-06   2.1458e-06
2026-03-10 14:26:49,423 INFO     [mdrun.py:1037] <main> Step       80/100      | Elapsed 0-00:01:12 |    0.048 ns/day |  495.974 h/ns |    1.120 step/s
2026-03-10 14:26:49,423 INFO     [mdrun.py:1038] <main> Thermo | T=  302.5437 K | P=    0.0000 bar | Ekin=   79.237877 | Eb=   28.850922 | Ea=   29.201668 | Ed=   37.930153 | ELJ=   32.264980 | Eelec= -451.758942
2026-03-10 14:26:58,357 INFO     [file_io.py:759] <store_data> 
         step         time         temp        tot E        kin E        pot E         LJ E       Elec E       bond E        ang E        dih E           Px           Py           Pz
           90        0.045       287.39      -239.38       75.269      -314.65       31.832      -443.44       18.277        38.46       40.218   -2.861e-06  -3.5763e-07  -9.5367e-07
2026-03-10 14:26:58,357 INFO     [mdrun.py:1037] <main> Step       90/100      | Elapsed 0-00:01:21 |    0.048 ns/day |  496.064 h/ns |    1.120 step/s
2026-03-10 14:26:58,357 INFO     [mdrun.py:1038] <main> Thermo | T=  287.3888 K | P=    0.0000 bar | Ekin=   75.268730 | Eb=   18.277155 | Ea=   38.460289 | Ed=   40.218197 | ELJ=   31.832354 | Eelec= -443.436127
2026-03-10 14:27:07,509 INFO     [file_io.py:759] <store_data> 
         step         time         temp        tot E        kin E        pot E         LJ E       Elec E       bond E        ang E        dih E           Px           Py           Pz
          100         0.05        297.4      -239.23       77.891      -317.12       32.211      -440.85       17.247       32.694       41.584   2.3842e-07   8.3447e-07   1.5199e-06
2026-03-10 14:27:07,509 INFO     [mdrun.py:1037] <main> Step      100/100      | Elapsed 0-00:01:30 |    0.048 ns/day |  497.265 h/ns |    1.117 step/s
2026-03-10 14:27:07,509 INFO     [mdrun.py:1038] <main> Thermo | T=  297.4024 K | P=    0.0000 bar | Ekin=   77.891335 | Eb=   17.247425 | Ea=   32.693783 | Ed=   41.583736 | ELJ=   32.211010 | Eelec= -440.854675
2026-03-10 14:27:07,510 INFO     [mdrun.py:1103] <main> Elapsed time: 00:01:43.582951   Setup time: 00:00:12.271149   MD loop time: 00:01:31.311802
2026-03-10 14:27:07,607 INFO     [file_io.py:759] <store_data> 
         step         time         temp        tot E        kin E        pot E         LJ E       Elec E       bond E        ang E        dih E           Px           Py           Pz
          100         0.05        297.4      -239.23       77.891      -317.12       32.211      -440.85       17.247       32.694       41.584   2.3842e-07   8.3447e-07   1.5199e-06
