# Diff-MD energy log
# step | time_fs | temp_K | E_total_kJmol | E_potential_kJmol | E_kin_kJmol | E_LJ_kJmol | E_elec_kJmol | E_bond_kJmol | E_angle_kJmol | E_torsional_kJmol | E_improper_torsional_kJmol | E_cmap_kJmol | P_bar
         0          0.000      0.0000     -319.036510     -319.036510        0.000000       29.608802     -438.643954       14.193857       40.911769       33.462316        1.430700        0.000000        0.000000
        10          5.000    115.4227     -319.099764     -349.329599       30.229835       28.895383     -441.233270        9.083040       26.569131       26.354617        1.001498        0.000000        0.000000
        20         10.000    187.4954     -319.119323     -368.225400       49.106077       28.094742     -445.249886        6.641444       22.794981       19.139411        0.353908        0.000000        0.000000
        30         15.000    109.9562     -319.064866     -347.863014       28.798148       28.107964     -445.477279        9.181016       35.827943       24.288410        0.208932        0.000000        0.000000
        40         20.000    118.8488     -319.090076     -350.217233       31.127156       26.846555     -444.022722        8.821736       28.684437       29.075446        0.377315        0.000000        0.000000
        50         25.000    134.1998     -319.089500     -354.237173       35.147673       25.825948     -444.129349        9.667710       26.615881       27.298902        0.483735        0.000000        0.000000
        60         30.000    136.4393     -319.079329     -354.813540       35.734211       25.203471     -445.721232        8.829701       30.926950       25.534846        0.412724        0.000000        0.000000
        70         35.000    175.0389     -319.103489     -364.947142       45.843653       24.616126     -447.357606       10.262150       22.427578       24.759532        0.345077        0.000000        0.000000
        80         40.000    149.9017     -319.082010     -358.342089       39.260079       25.316722     -445.853480       13.051513       22.196972       26.408164        0.538020        0.000000        0.000000
        90         45.000    118.5382     -319.080116     -350.125926       31.045810       27.534302     -441.934306        7.646528       25.068295       30.629474        0.929781        0.000000        0.000000
       100         50.000    128.5912     -319.094208     -352.772954       33.678746       29.562839     -441.926907        6.587497       20.500816       31.278405        1.224396        0.000000        0.000000
       110         55.000    134.6916     -319.078413     -354.354886       35.276473       30.384770     -445.378657       10.576191       21.373090       27.361106        1.328613        0.000000        0.000000
       120         60.000    150.6786     -319.095735     -358.559296       39.463560       29.328766     -444.120041        8.049705       19.943067       26.731586        1.507621        0.000000        0.000000
       130         65.000    140.4458     -319.102389     -355.885917       36.783529       27.271329     -439.344278        9.469227       15.057593       29.810557        1.849655        0.000000        0.000000
       140         70.000    106.3653     -319.068675     -346.926352       27.857678       25.304859     -435.151060       12.911171       18.920002       29.119089        1.969587        0.000000        0.000000
       150         75.000    119.5441     -319.082878     -350.392137       31.309260       23.186988     -431.960423        9.430420       22.116471       25.201112        1.633296        0.000000        0.000000
       160         80.000    156.7123     -319.103281     -360.147107       41.043826       21.947617     -434.903014       10.263612       18.970764       22.534848        1.039066        0.000000        0.000000
       170         85.000    172.9641     -319.090892     -364.391149       45.300256       22.159168     -440.579528       11.128289       21.230555       21.184763        0.485603        0.000000        0.000000
       180         90.000    137.1069     -319.084913     -354.993978       35.909064       22.897230     -441.847541        9.644939       29.921655       24.073136        0.316602        0.000000        0.000000
       190         95.000    103.6177     -319.089867     -346.227926       27.138059       22.869808     -441.416042       12.122511       31.292814       28.483024        0.419959        0.000000        0.000000
       200        100.000    143.7553     -319.088722     -356.739036       37.650314       21.879940     -439.654652       12.936049       22.785314       24.954966        0.359347        0.000000        0.000000
       210        105.000    174.0099     -319.099246     -364.673403       45.574158       21.323920     -436.432512       12.310152       17.170190       20.683190        0.271656        0.000000        0.000000
       220        110.000    139.2054     -319.104958     -355.563628       36.458670       21.844561     -437.502050       15.603178       18.668362       25.444396        0.377924        0.000000        0.000000
       230        115.000    114.1707     -319.080409     -348.982355       29.901946       23.300559     -441.530046       16.269637       24.285993       28.362182        0.329320        0.000000        0.000000
       240        120.000    140.7926     -319.087318     -355.961683       36.874365       25.713548     -444.313475       12.975348       25.124771       24.216385        0.321739        0.000000        0.000000
       250        125.000    155.1124     -319.112790     -359.737595       40.624805       28.984979     -447.350545       10.216424       22.414653       24.975095        1.021801        0.000000        0.000000
       260        130.000    138.7519     -319.095284     -355.435182       36.339898       30.192076     -447.631641       13.748936       17.782000       28.507476        1.965971        0.000000        0.000000
       270        135.000    128.9328     -319.076434     -352.844647       33.768213       29.544065     -442.212152       15.482866       15.631027       26.550740        2.158806        0.000000        0.000000
       280        140.000    140.2738     -319.111371     -355.849853       36.738482       29.864130     -438.843294       10.670385       16.713321       24.299845        1.445760        0.000000        0.000000
       290        145.000    137.3072     -319.103188     -355.064707       35.961519       31.133572     -440.869834       10.688424       19.219009       24.119171        0.644952        0.000000        0.000000
       300        150.000    136.9583     -319.073980     -354.944135       35.870155       34.143660     -444.785546       13.445104       18.225637       23.495961        0.531049        0.000000        0.000000
       310        155.000    155.3799     -319.114381     -359.809248       40.694867       37.029080     -449.061708        6.409480       20.602725       24.015773        1.195401        0.000000        0.000000
       320        160.000    135.4443     -319.115140     -354.588745       35.473605       36.553667     -449.858518        6.362482       25.014114       25.449526        1.889984        0.000000        0.000000
       330        165.000     98.1216     -319.060806     -344.759411       25.698605       35.495837     -446.898998       16.185979       23.367270       25.133957        1.956544        0.000000        0.000000
       340        170.000    137.3709     -319.107526     -355.085740       35.978214       34.237190     -445.473598       14.915194       15.722064       23.999174        1.514235        0.000000        0.000000
       350        175.000    169.4415     -319.126882     -363.504557       44.377674       31.382098     -444.799742       10.818061       14.414563       23.685296        0.995167        0.000000        0.000000
       360        180.000    137.0665     -319.076231     -354.974699       35.898468       28.507788     -444.023665       12.079447       21.530882       26.182033        0.748816        0.000000        0.000000
       370        185.000    126.7203     -319.095973     -352.284732       33.188759       25.413732     -444.442891       11.556376       24.758257       29.716963        0.712830        0.000000        0.000000
       380        190.000    151.5064     -319.112744     -358.793114       39.680369       23.647802     -444.550918       12.128485       22.690396       26.622549        0.668572        0.000000        0.000000
       390        195.000    171.4705     -319.088969     -363.998055       44.909086       24.794792     -444.642113       13.413135       19.215195       22.414823        0.806113        0.000000        0.000000
       400        200.000    166.3944     -319.100700     -362.680324       43.579625       26.960702     -445.089310       12.608347       15.740185       25.811637        1.288115        0.000000        0.000000
       410        205.000    141.4541     -319.105571     -356.153186       37.047615       27.156222     -443.907918       10.497268       16.729345       31.709236        1.662661        0.000000        0.000000
       420        210.000    138.6408     -319.087555     -355.398345       36.310790       26.159760     -443.280658        8.161966       22.168746       29.914354        1.477486        0.000000        0.000000
       430        215.000    156.0718     -319.099459     -359.975524       40.876065       25.032795     -444.272778       11.580559       23.201633       23.618479        0.863788        0.000000        0.000000
       440        220.000    154.1036     -319.107535     -359.468136       40.360601       24.434864     -444.374680       14.917565       21.021240       24.195918        0.336957        0.000000        0.000000
       450        225.000    137.7875     -319.096614     -355.183938       36.087324       24.780810     -444.590252       13.940391       20.114730       30.253280        0.317104        0.000000        0.000000
       460        230.000    114.5719     -319.077727     -349.084747       30.007019       25.170419     -445.257937       17.667517       22.196898       30.574110        0.564246        0.000000        0.000000
       470        235.000    140.9337     -319.105404     -356.016719       36.911315       24.912482     -444.799912       16.334764       22.881007       23.986851        0.668088        0.000000        0.000000
       480        240.000    163.5929     -319.112270     -361.958159       42.845889       25.004062     -445.526844       13.326924       22.324054       22.414996        0.498649        0.000000        0.000000
       490        245.000    137.7779     -319.074295     -355.159087       36.084792       24.620801     -446.687036       18.420124       20.925983       27.306317        0.254723        0.000000        0.000000
       500        250.000    154.1461     -319.115119     -359.486830       40.371711       23.973369     -443.971389       12.994736       14.844294       32.241366        0.430794        0.000000        0.000000
       510        255.000    137.2223     -319.113474     -355.052761       35.939287       24.457669     -441.029514        8.182928       16.511615       35.944699        0.879843        0.000000        0.000000
       520        260.000     96.9303     -319.054084     -344.440668       25.386585       25.404564     -440.914314       13.827199       21.908162       34.463792        0.869927        0.000000        0.000000
       530        265.000    178.0345     -319.128441     -365.756663       46.628222       25.831166     -442.053001        7.757353       14.430692       27.865878        0.411249        0.000000        0.000000
       540        270.000    179.8792     -319.129343     -366.240700       47.111357       27.214179     -445.766743        9.749946       16.406527       25.941283        0.214108        0.000000        0.000000
       550        275.000     80.2745     -319.049423     -340.073756       21.024333       30.067771     -449.593348       16.548573       31.016936       31.368270        0.518042        0.000000        0.000000
       560        280.000    123.5096     -319.112167     -351.460011       32.347843       29.020931     -447.824522        6.892218       27.114480       32.604969        0.731913        0.000000        0.000000
       570        285.000    176.5062     -319.124146     -365.352097       46.227951       24.979559     -443.755026        8.481834       16.042417       28.176977        0.722141        0.000000        0.000000
       580        290.000    137.7429     -319.074994     -355.150638       36.075644       22.757944     -441.034886       14.691695       19.507473       27.875904        1.051232        0.000000        0.000000
       590        295.000    130.9023     -319.110530     -353.394567       34.284038       21.817560     -439.946544        8.003515       20.216048       34.836821        1.678032        0.000000        0.000000
       600        300.000    118.0715     -319.105725     -350.029298       30.923573       22.020734     -443.450375        8.742031       19.051203       41.539270        2.067839        0.000000        0.000000
       610        305.000    100.7231     -319.077743     -345.457687       26.379944       24.273612     -448.955530       10.760733       28.124079       38.177006        2.162413        0.000000        0.000000
       620        310.000    140.4903     -319.113222     -355.908418       36.795196       26.160205     -449.937524        9.806147       28.023134       27.788056        2.251565        0.000000        0.000000
       630        315.000    145.1815     -319.112184     -357.136032       38.023848       26.302617     -448.655930       19.250278       18.219601       25.416837        2.330564        0.000000        0.000000
       640        320.000    108.1209     -319.089421     -347.406889       28.317468       27.515807     -448.327661       20.325144       20.724586       30.276709        2.078526        0.000000        0.000000
       650        325.000    113.3083     -319.096385     -348.772473       29.676088       29.783046     -448.003173       12.639260       25.187591       30.309657        1.311147        0.000000        0.000000
       660        330.000    140.8136     -319.113239     -355.993095       36.879856       31.911180     -448.537143       11.894045       19.653799       28.645265        0.439759        0.000000        0.000000
       670        335.000    141.3014     -319.097482     -356.105119       37.007637       33.180530     -449.099094       11.642795       18.029470       29.857550        0.283629        0.000000        0.000000
       680        340.000    152.0993     -319.096749     -358.932409       39.835660       32.011798     -447.594713        7.242454       16.949294       31.247639        1.211119        0.000000        0.000000
       690        345.000    153.4395     -319.119354     -359.306023       40.186669       29.954798     -447.551418        9.470388       13.886263       32.637205        2.296742        0.000000        0.000000
       700        350.000    119.8612     -319.091983     -350.484296       31.392314       28.117492     -448.962538       14.725890       18.860114       34.298361        2.476385        0.000000        0.000000
       710        355.000    134.7627     -319.084041     -354.379141       35.295101       25.567734     -448.657323       15.062204       19.765720       32.128076        1.754447        0.000000        0.000000
       720        360.000    188.9262     -319.132684     -368.613504       49.480820       22.759275     -447.222418       13.820244       15.492471       25.708960        0.827964        0.000000        0.000000
       730        365.000    162.1907     -319.103422     -361.582057       42.478635       21.165321     -445.270134       18.780219       20.943556       22.478300        0.320682        0.000000        0.000000
       740        370.000    120.4152     -319.077419     -350.614840       31.537421       21.038733     -442.210444       13.745433       29.724681       26.645802        0.440955        0.000000        0.000000
       750        375.000    154.2749     -319.125260     -359.530712       40.405452       21.944179     -439.829383        6.168146       21.657105       29.836637        0.692604        0.000000        0.000000
       760        380.000    172.4042     -319.109622     -364.263245       45.153623       23.622784     -438.459753       15.122085        8.593940       26.114729        0.742970        0.000000        0.000000
       770        385.000    141.5135     -319.092969     -356.156136       37.063167       24.448223     -438.204828       17.628155       13.330709       25.509504        1.132101        0.000000        0.000000
       780        390.000    124.0649     -319.114946     -351.608232       32.493286       23.077300     -439.126273        8.155245       21.707915       32.727391        1.850191        0.000000        0.000000
       790        395.000    129.0552     -319.096983     -352.897250       33.800267       20.499701     -438.991751        9.238836       20.370916       33.967983        2.017066        0.000000        0.000000
       800        400.000    137.6189     -319.089383     -355.132532       36.043149       18.280179     -437.141982       13.129080       21.555514       27.404226        1.640450        0.000000        0.000000
       810        405.000    159.5891     -319.128782     -360.926053       41.797271       17.103161     -434.759835        9.533186       19.611966       26.229423        1.356046        0.000000        0.000000
       820        410.000    145.6452     -319.097497     -357.242778       38.145281       16.778973     -433.363715       14.972148       12.765215       30.428401        1.176201        0.000000        0.000000
       830        415.000    126.8778     -319.086984     -352.316999       33.230016       16.805686     -435.037027       16.955192       17.115932       30.625390        1.217828        0.000000        0.000000
       840        420.000    141.9018     -319.125031     -356.289912       37.164881       17.172995     -438.238519        8.229406       25.131760       29.457910        1.956536        0.000000        0.000000
       850        425.000    136.6401     -319.098200     -354.885013       35.786813       17.652922     -439.424343       10.347217       23.746867       29.810736        2.981587        0.000000        0.000000
       860        430.000    133.3520     -319.090601     -354.016242       34.925640       18.850670     -439.255285       12.263757       20.786474       29.807514        3.530629        0.000000        0.000000
