2026-05-19 13:28:55,521 INFO     [input_parser.py:285] <constructor> Coordinate file './output.h5' parsed successfully.
2026-05-19 13:28:55,661 WARNING  [config.py:641] <_parse_type_lj> Ignoring LJ_type_param entries with unknown particle names not present in the current coordinates: Br, CB, CC, CD, CI, CE, CK, CM, ...
2026-05-19 13:28:55,975 INFO     [config.py:806] <get_config> LJ parameters | combining_rule=lorentz-berthelot | lj_input_source=mixing | n_types=11
    type_i    type_j  id_i  id_j    sigma_ij  epsilon_ij
        c3        c3     0     0    0.339800    0.451000
        c3        h1     0     1    0.291000    0.198083
        c3        ca     0     2    0.335650    0.431791
        c3        ha     0     3    0.301150    0.174349
        c3        h4     0     4    0.296700    0.174349
        c3        h5     0     5    0.292250    0.174349
        c3         c     0     6    0.335650    0.431791
        c3         o     0     7    0.322300    0.525411
        c3        os     0     8    0.327700    0.370154
        c3        oh     0     9    0.332050    0.418908
        c3        ho     0    10    0.196800    0.094259
        h1        h1     1     1    0.242200    0.087000
        h1        ca     1     2    0.286850    0.189647
        h1        ha     1     3    0.252350    0.076575
        h1        h4     1     4    0.247900    0.076575
        h1        h5     1     5    0.243450    0.076575
        h1         c     1     6    0.286850    0.189647
        h1         o     1     7    0.273500    0.230765
        h1        os     1     8    0.278900    0.162575
        h1        oh     1     9    0.283250    0.183988
        h1        ho     1    10    0.148000    0.041399
        ca        ca     2     2    0.331500    0.413400
        ca        ha     2     3    0.297000    0.166923
        ca        h4     2     4    0.292550    0.166923
        ca        h5     2     5    0.288100    0.166923
        ca         c     2     6    0.331500    0.413400
        ca         o     2     7    0.318150    0.503033
        ca        os     2     8    0.323550    0.354388
        ca        oh     2     9    0.327900    0.401066
        ca        ho     2    10    0.192650    0.090244
        ha        ha     3     3    0.262500    0.067400
        ha        h4     3     4    0.258050    0.067400
        ha        h5     3     5    0.253600    0.067400
        ha         c     3     6    0.297000    0.166923
        ha         o     3     7    0.283650    0.203115
        ha        os     3     8    0.289050    0.143095
        ha        oh     3     9    0.293400    0.161942
        ha        ho     3    10    0.158150    0.036439
        h4        h4     4     4    0.253600    0.067400
        h4        h5     4     5    0.249150    0.067400
        h4         c     4     6    0.292550    0.166923
        h4         o     4     7    0.279200    0.203115
        h4        os     4     8    0.284600    0.143095
        h4        oh     4     9    0.288950    0.161942
        h4        ho     4    10    0.153700    0.036439
        h5        h5     5     5    0.244700    0.067400
        h5         c     5     6    0.288100    0.166923
        h5         o     5     7    0.274750    0.203115
        h5        os     5     8    0.280150    0.143095
        h5        oh     5     9    0.284500    0.161942
        h5        ho     5    10    0.149250    0.036439
         c         c     6     6    0.331500    0.413400
         c         o     6     7    0.318150    0.503033
         c        os     6     8    0.323550    0.354388
         c        oh     6     9    0.327900    0.401066
         c        ho     6    10    0.192650    0.090244
         o         o     7     7    0.304800    0.612100
         o        os     7     8    0.310200    0.431226
         o        oh     7     9    0.314550    0.488025
         o        ho     7    10    0.179300    0.109811
        os        os     8     8    0.315600    0.303800
        os        oh     8     9    0.319950    0.343815
        os        ho     8    10    0.184700    0.077362
        oh        oh     9     9    0.324300    0.389100
        oh        ho     9    10    0.189050    0.087552
        ho        ho    10    10    0.053800    0.019700
2026-05-19 13:28:56,790 INFO     [config.py:1294] <get_config> Config file './options.jaxmd.toml' parse successfully.
2026-05-19 13:28:56,791 INFO     [input_parser.py:316] <constructor> Amber-like atomistic mode enabled (ensemble=NVE, combining_rule=lorentz-berthelot, coulomb14_scale=0.8333333333, lj14_scale=0.5, constrain_xh_bonds=False).
2026-05-19 13:28:56,928 INFO     [topology.py:82] <get_topol> Topology file './topol.toml' parsed successfully.
2026-05-19 13:28:56,929 INFO     [mdrun.py:823] <main> 

	Simulation parameters: 
	--------------------------------------------------
	box_size: [2.5 2.5 2.5]
	volume: 15.625
	volume_per_cell: 7.233796296296296e-05
	n_steps: 20000000
	n_particles: 21
	n_types: 11
	dielectric_const: 1.0
	particle_per_type: {np.int32(0): 1, np.int32(1): 3, np.int32(2): 6, np.int32(3): 2, np.int32(4): 1, np.int32(5): 1, np.int32(6): 2, np.int32(7): 2, np.int32(8): 1, np.int32(9): 1, np.int32(10): 1}
	range_types: (0, 1, 2, 3, 4, 5, 6, 7, 8, 9, 10)
	unique_types: (np.int32(0), np.int32(1), np.int32(2), np.int32(3), np.int32(4), np.int32(5), np.int32(6), np.int32(7), np.int32(8), np.int32(9), np.int32(10))
	inner_ts: 0.0005
	outer_ts: 0.0005
	n_mesh_cells: 216000
	fft_shape: (60, 60, 31)
	self_energy: 814.291259765625
	mesh_size: [60 60 60]
	rho0: 8.86
	kappa: 0.05
	sigma: 0.2038
	rv: 1.1
	rc: 0.9
	rlj: 0.9
	ns_nlist: 10
	nrexcl: 3
	epsilon_rf: 80
	skin: 0.2
	nlist_method: cell
	nlist_capacity_multiplier: 1.25
	ff_family: amber_like
	combining_rule: lorentz-berthelot
	lj_input_source: mixing
	lj_force_shift: True
	coulomb14_scale: 0.8333333333
	lj14_scale: 0.5
	constrain_xh_bonds: False
	unwrap_output: True
	ensemble: NVE
	thermostat: no
	respa_inner: 1
	pme_order: 2
	n_print: 10
	n_flush: 1
	R: 0.00831446261815324
	mass: [[12.01 ]
 [ 1.008]
 [ 1.008]
 [ 1.008]
 [12.01 ]
 [ 1.008]
 [12.01 ]
 [ 1.008]
 [12.01 ]
 [ 1.008]
 [12.01 ]
 [ 1.008]
 [12.01 ]
 [16.   ]
 [16.   ]
 [12.01 ]
 [12.01 ]
 [12.01 ]
 [16.   ]
 [16.   ]
 [ 1.008]]
	cancel_com_momentum: True
	coulombtype: 1
	elec_conversion: 138.935458
	ewald_rtol: 1e-05
	tau_t: 0.5
	start_temperature: 0.0
	target_temperature: 300.0
	a: 9.21
	pressure: False
	barostat: 0
	barostat_type: None
	tau_p: None
	n_b: 1
	beta: 3.6e-05
	target_pressure: None
	p_conv: 16.605390666

2026-05-19 13:28:56,949 INFO     [diagnostics.py:631] <print_startup_diagnostics> 
================================================================================
                                  DIFF-MD MDRUN                                 
================================================================================
  Date:              2026-05-19T13:28:56.949273

  ── System ──────────────────────────────────────────────────────────
  n_particles:       21
  n_steps:           20,000,000
  timestep:          0.0005 ps  →  total = 10000.00 ps
  n_print:           10
  Ensemble:          NVE
  Thermostat:        no  tau_t=0.50 ps
  Target temp.:      300.0 K

  ── Neighbour list / Force-field ─────────────────────────────────────
  FF family:         amber_like  (lorentz-berthelot)
  Electrostatics:    PME  (order=2)
  LJ cutoff rv:      1.100 nm  rc=0.900 nm  rlj=0.900 nm
  Nlist method:      cell  ns_nlist=10  skin=0.200 nm
  nrexcl:            3

  ── Runtime & Hardware ────────────────────────────────────────────────
  MPI ranks:         1
  Devices:           1 × CPU
  Working dtype:     float64
  JAX version:       0.9.1
  jax_debug_nans:    False
  CPU:               Intel(R) Core(TM) i5-8500 CPU @ 3.00GHz  (6 cores)
  System memory:     19.1 GB total, 17.5 GB available
  CUDA_VISIBLE_DEV:  unset
  XLA_PREALLOCATE:   unset  MEM_FRACTION=unset
================================================================================
2026-05-19 13:28:57,074 INFO     [mdrun.py:1061] <main> Using cell neighbor list (rv=1.100, skin=0.200, capacity_multiplier=1.25, capacity=355)
2026-05-19 13:29:03,067 INFO     [file_io.py:861] <store_static> Whole-molecule unwrapping enabled for output (0 small + 1 large molecules, 21 bonds).
2026-05-19 13:29:03,128 INFO     [file_io.py:1048] <store_data> 
         step         time         temp        tot E        kin E        pot E         LJ E       Elec E       bond E        ang E        dih E           Px           Py           Pz
            0            0            0      -319.04            0      -319.04       29.609      -438.64       14.194       40.912       34.893            0            0            0
2026-05-19 13:29:03,139 INFO     [mdrun.py:1583] <main> Starting MD loop: 20000000 steps in 2000000 chunk(s) of 10 steps (first chunk triggers JIT compilation).
2026-05-19 13:29:05,220 INFO     [file_io.py:1048] <store_data> 
         step         time         temp        tot E        kin E        pot E         LJ E       Elec E       bond E        ang E        dih E           Px           Py           Pz
           10        0.005       115.42       -319.1        30.23      -349.33       28.895      -441.23        9.083       26.569       27.356  -3.0667e-10   8.1903e-10  -7.6625e-11
2026-05-19 13:29:05,220 INFO     [mdrun.py:1749] <main> Step       10/20000000 | Elapsed 0-00:00:02 |    0.227 ns/day |  105.679 h/ns |    5.257 step/s
2026-05-19 13:29:05,220 INFO     [mdrun.py:1750] <main> Thermo | T=  115.4227 K | P=    0.0000 bar | Ekin=   30.229835 | Eb=    9.083040 | Ea=   26.569131 | Ed=   27.356116 | ELJ=   28.895383 | Eelec= -441.233270
2026-05-19 13:29:05,405 INFO     [file_io.py:1048] <store_data> 
         step         time         temp        tot E        kin E        pot E         LJ E       Elec E       bond E        ang E        dih E           Px           Py           Pz
           20         0.01        187.5      -319.12       49.106      -368.23       28.095      -445.25       6.6414       22.795       19.493   1.1103e-10   8.6972e-10   -1.593e-10
2026-05-19 13:29:05,406 INFO     [mdrun.py:1749] <main> Step       20/20000000 | Elapsed 0-00:00:02 |    0.398 ns/day |   60.259 h/ns |    9.220 step/s
2026-05-19 13:29:05,406 INFO     [mdrun.py:1750] <main> Thermo | T=  187.4954 K | P=    0.0000 bar | Ekin=   49.106077 | Eb=    6.641444 | Ea=   22.794981 | Ed=   19.493319 | ELJ=   28.094742 | Eelec= -445.249886
2026-05-19 13:29:05,494 INFO     [file_io.py:1048] <store_data> 
         step         time         temp        tot E        kin E        pot E         LJ E       Elec E       bond E        ang E        dih E           Px           Py           Pz
           30        0.015       109.96      -319.06       28.798      -347.86       28.108      -445.48        9.181       35.828       24.497   7.8084e-11   2.2918e-10  -1.2461e-10
2026-05-19 13:29:05,494 INFO     [mdrun.py:1749] <main> Step       30/20000000 | Elapsed 0-00:00:02 |    0.566 ns/day |   42.403 h/ns |   13.102 step/s
2026-05-19 13:29:05,494 INFO     [mdrun.py:1750] <main> Thermo | T=  109.9562 K | P=    0.0000 bar | Ekin=   28.798148 | Eb=    9.181016 | Ea=   35.827943 | Ed=   24.497342 | ELJ=   28.107964 | Eelec= -445.477279
2026-05-19 13:29:05,579 INFO     [file_io.py:1048] <store_data> 
         step         time         temp        tot E        kin E        pot E         LJ E       Elec E       bond E        ang E        dih E           Px           Py           Pz
           40         0.02       118.85      -319.09       31.127      -350.22       26.847      -444.02       8.8217       28.684       29.453   9.1752e-11   1.9937e-10  -8.1084e-11
2026-05-19 13:29:05,580 INFO     [mdrun.py:1749] <main> Step       40/20000000 | Elapsed 0-00:00:02 |    0.722 ns/day |   33.221 h/ns |   16.723 step/s
2026-05-19 13:29:05,580 INFO     [mdrun.py:1750] <main> Thermo | T=  118.8488 K | P=    0.0000 bar | Ekin=   31.127156 | Eb=    8.821736 | Ea=   28.684437 | Ed=   29.452761 | ELJ=   26.846555 | Eelec= -444.022722
2026-05-19 13:29:05,667 INFO     [file_io.py:1048] <store_data> 
         step         time         temp        tot E        kin E        pot E         LJ E       Elec E       bond E        ang E        dih E           Px           Py           Pz
           50        0.025        134.2      -319.09       35.148      -354.24       25.826      -444.13       9.6677       26.616       27.783   1.2693e-10   1.3806e-10  -1.1756e-10
2026-05-19 13:29:05,667 INFO     [mdrun.py:1749] <main> Step       50/20000000 | Elapsed 0-00:00:02 |    0.868 ns/day |   27.661 h/ns |   20.085 step/s
2026-05-19 13:29:05,667 INFO     [mdrun.py:1750] <main> Thermo | T=  134.1998 K | P=    0.0000 bar | Ekin=   35.147673 | Eb=    9.667710 | Ea=   26.615881 | Ed=   27.782637 | ELJ=   25.825948 | Eelec= -444.129349
2026-05-19 13:29:05,753 INFO     [file_io.py:1048] <store_data> 
         step         time         temp        tot E        kin E        pot E         LJ E       Elec E       bond E        ang E        dih E           Px           Py           Pz
           60         0.03       136.44      -319.08       35.734      -354.81       25.203      -445.72       8.8297       30.927       25.948   7.9052e-11   1.8088e-10  -4.3592e-11
2026-05-19 13:29:05,753 INFO     [mdrun.py:1749] <main> Step       60/20000000 | Elapsed 0-00:00:02 |    1.004 ns/day |   23.908 h/ns |   23.237 step/s
2026-05-19 13:29:05,753 INFO     [mdrun.py:1750] <main> Thermo | T=  136.4393 K | P=    0.0000 bar | Ekin=   35.734211 | Eb=    8.829701 | Ea=   30.926950 | Ed=   25.947570 | ELJ=   25.203471 | Eelec= -445.721232
2026-05-19 13:29:05,839 INFO     [file_io.py:1048] <store_data> 
         step         time         temp        tot E        kin E        pot E         LJ E       Elec E       bond E        ang E        dih E           Px           Py           Pz
           70        0.035       175.04       -319.1       45.844      -364.95       24.616      -447.36       10.262       22.428       25.105   3.1309e-11   1.5668e-10  -4.6362e-11
2026-05-19 13:29:05,840 INFO     [mdrun.py:1749] <main> Step       70/20000000 | Elapsed 0-00:00:02 |    1.131 ns/day |   21.219 h/ns |   26.182 step/s
2026-05-19 13:29:05,840 INFO     [mdrun.py:1750] <main> Thermo | T=  175.0389 K | P=    0.0000 bar | Ekin=   45.843653 | Eb=   10.262150 | Ea=   22.427578 | Ed=   25.104610 | ELJ=   24.616126 | Eelec= -447.357606
2026-05-19 13:29:05,926 INFO     [file_io.py:1048] <store_data> 
         step         time         temp        tot E        kin E        pot E         LJ E       Elec E       bond E        ang E        dih E           Px           Py           Pz
           80         0.04        149.9      -319.08        39.26      -358.34       25.317      -445.85       13.052       22.197       26.946   4.1242e-11    2.137e-10  -8.5975e-11
2026-05-19 13:29:05,926 INFO     [mdrun.py:1749] <main> Step       80/20000000 | Elapsed 0-00:00:02 |    1.251 ns/day |   19.191 h/ns |   28.949 step/s
2026-05-19 13:29:05,926 INFO     [mdrun.py:1750] <main> Thermo | T=  149.9017 K | P=    0.0000 bar | Ekin=   39.260079 | Eb=   13.051513 | Ea=   22.196972 | Ed=   26.946184 | ELJ=   25.316722 | Eelec= -445.853480
2026-05-19 13:29:06,011 INFO     [file_io.py:1048] <store_data> 
         step         time         temp        tot E        kin E        pot E         LJ E       Elec E       bond E        ang E        dih E           Px           Py           Pz
           90        0.045       118.54      -319.08       31.046      -350.13       27.534      -441.93       7.6465       25.068       31.559   1.3602e-11   3.0536e-10  -1.5223e-10
2026-05-19 13:29:06,011 INFO     [mdrun.py:1749] <main> Step       90/20000000 | Elapsed 0-00:00:02 |    1.364 ns/day |   17.601 h/ns |   31.565 step/s
2026-05-19 13:29:06,011 INFO     [mdrun.py:1750] <main> Thermo | T=  118.5382 K | P=    0.0000 bar | Ekin=   31.045810 | Eb=    7.646528 | Ea=   25.068295 | Ed=   31.559255 | ELJ=   27.534302 | Eelec= -441.934306
2026-05-19 13:29:06,097 INFO     [file_io.py:1048] <store_data> 
         step         time         temp        tot E        kin E        pot E         LJ E       Elec E       bond E        ang E        dih E           Px           Py           Pz
          100         0.05       128.59      -319.09       33.679      -352.77       29.563      -441.93       6.5875       20.501       32.503   4.2491e-11   2.5846e-10  -2.2291e-10
2026-05-19 13:29:06,098 INFO     [mdrun.py:1749] <main> Step      100/20000000 | Elapsed 0-00:00:02 |    1.469 ns/day |   16.336 h/ns |   34.009 step/s
2026-05-19 13:29:06,098 INFO     [mdrun.py:1750] <main> Thermo | T=  128.5912 K | P=    0.0000 bar | Ekin=   33.678746 | Eb=    6.587497 | Ea=   20.500816 | Ed=   32.502801 | ELJ=   29.562839 | Eelec= -441.926907
2026-05-19 13:29:06,186 INFO     [file_io.py:1048] <store_data> 
         step         time         temp        tot E        kin E        pot E         LJ E       Elec E       bond E        ang E        dih E           Px           Py           Pz
          110        0.055       134.69      -319.08       35.276      -354.35       30.385      -445.38       10.576       21.373        28.69   7.0344e-11   1.2799e-10  -1.9634e-10
2026-05-19 13:29:06,187 INFO     [mdrun.py:1749] <main> Step      110/20000000 | Elapsed 0-00:00:03 |    1.568 ns/day |   15.309 h/ns |   36.289 step/s
2026-05-19 13:29:06,187 INFO     [mdrun.py:1750] <main> Thermo | T=  134.6916 K | P=    0.0000 bar | Ekin=   35.276473 | Eb=   10.576191 | Ea=   21.373090 | Ed=   28.689720 | ELJ=   30.384770 | Eelec= -445.378657
2026-05-19 13:29:06,271 INFO     [file_io.py:1048] <store_data> 
         step         time         temp        tot E        kin E        pot E         LJ E       Elec E       bond E        ang E        dih E           Px           Py           Pz
          120         0.06       150.68       -319.1       39.464      -358.56       29.329      -444.12       8.0497       19.943       28.239   8.3246e-11   4.9454e-11  -3.3409e-10
2026-05-19 13:29:06,271 INFO     [mdrun.py:1749] <main> Step      120/20000000 | Elapsed 0-00:00:03 |    1.663 ns/day |   14.431 h/ns |   38.497 step/s
2026-05-19 13:29:06,271 INFO     [mdrun.py:1750] <main> Thermo | T=  150.6786 K | P=    0.0000 bar | Ekin=   39.463560 | Eb=    8.049705 | Ea=   19.943067 | Ed=   28.239207 | ELJ=   29.328766 | Eelec= -444.120041
2026-05-19 13:29:06,357 INFO     [file_io.py:1048] <store_data> 
         step         time         temp        tot E        kin E        pot E         LJ E       Elec E       bond E        ang E        dih E           Px           Py           Pz
          130        0.065       140.45       -319.1       36.784      -355.89       27.271      -439.34       9.4692       15.058        31.66   5.0451e-11   7.4762e-11  -7.7606e-11
2026-05-19 13:29:06,358 INFO     [mdrun.py:1749] <main> Step      130/20000000 | Elapsed 0-00:00:03 |    1.752 ns/day |   13.698 h/ns |   40.559 step/s
2026-05-19 13:29:06,358 INFO     [mdrun.py:1750] <main> Thermo | T=  140.4458 K | P=    0.0000 bar | Ekin=   36.783529 | Eb=    9.469227 | Ea=   15.057593 | Ed=   31.660212 | ELJ=   27.271329 | Eelec= -439.344278
2026-05-19 13:29:06,453 INFO     [file_io.py:1048] <store_data> 
         step         time         temp        tot E        kin E        pot E         LJ E       Elec E       bond E        ang E        dih E           Px           Py           Pz
          140         0.07       106.37      -319.07       27.858      -346.93       25.305      -435.15       12.911        18.92       31.089  -1.2597e-10    1.979e-10  -8.0337e-11
2026-05-19 13:29:06,454 INFO     [mdrun.py:1749] <main> Step      140/20000000 | Elapsed 0-00:00:03 |    1.832 ns/day |   13.104 h/ns |   42.396 step/s
2026-05-19 13:29:06,454 INFO     [mdrun.py:1750] <main> Thermo | T=  106.3653 K | P=    0.0000 bar | Ekin=   27.857678 | Eb=   12.911171 | Ea=   18.920002 | Ed=   31.088676 | ELJ=   25.304859 | Eelec= -435.151060
2026-05-19 13:29:06,548 INFO     [file_io.py:1048] <store_data> 
         step         time         temp        tot E        kin E        pot E         LJ E       Elec E       bond E        ang E        dih E           Px           Py           Pz
          150        0.075       119.54      -319.08       31.309      -350.39       23.187      -431.96       9.4304       22.116       26.834  -1.3741e-10   8.0714e-11  -1.4122e-10
2026-05-19 13:29:06,548 INFO     [mdrun.py:1749] <main> Step      150/20000000 | Elapsed 0-00:00:03 |    1.907 ns/day |   12.583 h/ns |   44.152 step/s
2026-05-19 13:29:06,548 INFO     [mdrun.py:1750] <main> Thermo | T=  119.5441 K | P=    0.0000 bar | Ekin=   31.309260 | Eb=    9.430420 | Ea=   22.116471 | Ed=   26.834407 | ELJ=   23.186988 | Eelec= -431.960423
2026-05-19 13:29:06,633 INFO     [file_io.py:1048] <store_data> 
         step         time         temp        tot E        kin E        pot E         LJ E       Elec E       bond E        ang E        dih E           Px           Py           Pz
          160         0.08       156.71       -319.1       41.044      -360.15       21.948       -434.9       10.264       18.971       23.574  -2.2756e-10   1.2072e-10   1.6086e-10
2026-05-19 13:29:06,634 INFO     [mdrun.py:1749] <main> Step      160/20000000 | Elapsed 0-00:00:03 |    1.984 ns/day |   12.097 h/ns |   45.924 step/s
2026-05-19 13:29:06,634 INFO     [mdrun.py:1750] <main> Thermo | T=  156.7123 K | P=    0.0000 bar | Ekin=   41.043826 | Eb=   10.263612 | Ea=   18.970764 | Ed=   23.573914 | ELJ=   21.947617 | Eelec= -434.903014
2026-05-19 13:29:06,719 INFO     [file_io.py:1048] <store_data> 
         step         time         temp        tot E        kin E        pot E         LJ E       Elec E       bond E        ang E        dih E           Px           Py           Pz
          170        0.085       172.96      -319.09         45.3      -364.39       22.159      -440.58       11.128       21.231        21.67   -2.003e-10   2.1085e-10   2.2903e-10
2026-05-19 13:29:06,719 INFO     [mdrun.py:1749] <main> Step      170/20000000 | Elapsed 0-00:00:03 |    2.057 ns/day |   11.667 h/ns |   47.619 step/s
2026-05-19 13:29:06,719 INFO     [mdrun.py:1750] <main> Thermo | T=  172.9641 K | P=    0.0000 bar | Ekin=   45.300256 | Eb=   11.128289 | Ea=   21.230555 | Ed=   21.670366 | ELJ=   22.159168 | Eelec= -440.579528
2026-05-19 13:29:06,804 INFO     [file_io.py:1048] <store_data> 
         step         time         temp        tot E        kin E        pot E         LJ E       Elec E       bond E        ang E        dih E           Px           Py           Pz
          180         0.09       137.11      -319.08       35.909      -354.99       22.897      -441.85       9.6449       29.922        24.39  -1.6489e-10   2.7021e-10   2.3705e-10
2026-05-19 13:29:06,804 INFO     [mdrun.py:1749] <main> Step      180/20000000 | Elapsed 0-00:00:03 |    2.127 ns/day |   11.283 h/ns |   49.239 step/s
2026-05-19 13:29:06,804 INFO     [mdrun.py:1750] <main> Thermo | T=  137.1069 K | P=    0.0000 bar | Ekin=   35.909064 | Eb=    9.644939 | Ea=   29.921655 | Ed=   24.389738 | ELJ=   22.897230 | Eelec= -441.847541
2026-05-19 13:29:06,888 INFO     [file_io.py:1048] <store_data> 
         step         time         temp        tot E        kin E        pot E         LJ E       Elec E       bond E        ang E        dih E           Px           Py           Pz
          190        0.095       103.62      -319.09       27.138      -346.23        22.87      -441.42       12.123       31.293       28.903  -1.8739e-10   4.5618e-10   2.8351e-10
2026-05-19 13:29:06,889 INFO     [mdrun.py:1749] <main> Step      190/20000000 | Elapsed 0-00:00:03 |    2.194 ns/day |   10.939 h/ns |   50.786 step/s
2026-05-19 13:29:06,889 INFO     [mdrun.py:1750] <main> Thermo | T=  103.6177 K | P=    0.0000 bar | Ekin=   27.138059 | Eb=   12.122511 | Ea=   31.292814 | Ed=   28.902983 | ELJ=   22.869808 | Eelec= -441.416042
2026-05-19 13:29:06,988 INFO     [file_io.py:1048] <store_data> 
         step         time         temp        tot E        kin E        pot E         LJ E       Elec E       bond E        ang E        dih E           Px           Py           Pz
          200          0.1       143.76      -319.09        37.65      -356.74        21.88      -439.65       12.936       22.785       25.314  -2.0974e-10   3.4703e-10   2.8303e-10
2026-05-19 13:29:06,988 INFO     [mdrun.py:1749] <main> Step      200/20000000 | Elapsed 0-00:00:03 |    2.249 ns/day |   10.670 h/ns |   52.069 step/s
2026-05-19 13:29:06,988 INFO     [mdrun.py:1750] <main> Thermo | T=  143.7553 K | P=    0.0000 bar | Ekin=   37.650314 | Eb=   12.936049 | Ea=   22.785314 | Ed=   25.314314 | ELJ=   21.879940 | Eelec= -439.654652
2026-05-19 13:29:07,080 INFO     [file_io.py:1048] <store_data> 
         step         time         temp        tot E        kin E        pot E         LJ E       Elec E       bond E        ang E        dih E           Px           Py           Pz
          210        0.105       174.01       -319.1       45.574      -364.67       21.324      -436.43        12.31        17.17       20.955  -2.0795e-10   2.8726e-10   2.8816e-10
2026-05-19 13:29:07,080 INFO     [mdrun.py:1749] <main> Step      210/20000000 | Elapsed 0-00:00:03 |    2.306 ns/day |   10.406 h/ns |   53.389 step/s
2026-05-19 13:29:07,080 INFO     [mdrun.py:1750] <main> Thermo | T=  174.0099 K | P=    0.0000 bar | Ekin=   45.574158 | Eb=   12.310152 | Ea=   17.170190 | Ed=   20.954846 | ELJ=   21.323920 | Eelec= -436.432512
2026-05-19 13:29:07,167 INFO     [file_io.py:1048] <store_data> 
         step         time         temp        tot E        kin E        pot E         LJ E       Elec E       bond E        ang E        dih E           Px           Py           Pz
          220         0.11       139.21       -319.1       36.459      -355.56       21.845       -437.5       15.603       18.668       25.822  -2.2595e-10   1.4945e-10    2.538e-10
2026-05-19 13:29:07,167 INFO     [mdrun.py:1749] <main> Step      220/20000000 | Elapsed 0-00:00:04 |    2.363 ns/day |   10.155 h/ns |   54.707 step/s
2026-05-19 13:29:07,168 INFO     [mdrun.py:1750] <main> Thermo | T=  139.2054 K | P=    0.0000 bar | Ekin=   36.458670 | Eb=   15.603178 | Ea=   18.668362 | Ed=   25.822320 | ELJ=   21.844561 | Eelec= -437.502050
2026-05-19 13:29:07,253 INFO     [file_io.py:1048] <store_data> 
         step         time         temp        tot E        kin E        pot E         LJ E       Elec E       bond E        ang E        dih E           Px           Py           Pz
          230        0.115       114.17      -319.08       29.902      -348.98       23.301      -441.53        16.27       24.286       28.692  -1.6038e-10   1.6927e-10   2.6864e-10
2026-05-19 13:29:07,253 INFO     [mdrun.py:1749] <main> Step      230/20000000 | Elapsed 0-00:00:04 |    2.419 ns/day |    9.921 h/ns |   55.998 step/s
2026-05-19 13:29:07,253 INFO     [mdrun.py:1750] <main> Thermo | T=  114.1707 K | P=    0.0000 bar | Ekin=   29.901946 | Eb=   16.269637 | Ea=   24.285993 | Ed=   28.691502 | ELJ=   23.300559 | Eelec= -441.530046
2026-05-19 13:29:07,338 INFO     [file_io.py:1048] <store_data> 
         step         time         temp        tot E        kin E        pot E         LJ E       Elec E       bond E        ang E        dih E           Px           Py           Pz
          240         0.12       140.79      -319.09       36.874      -355.96       25.714      -444.31       12.975       25.125       24.538  -5.4249e-11   5.4971e-10   1.0006e-10
2026-05-19 13:29:07,338 INFO     [mdrun.py:1749] <main> Step      240/20000000 | Elapsed 0-00:00:04 |    2.473 ns/day |    9.705 h/ns |   57.243 step/s
2026-05-19 13:29:07,338 INFO     [mdrun.py:1750] <main> Thermo | T=  140.7926 K | P=    0.0000 bar | Ekin=   36.874365 | Eb=   12.975348 | Ea=   25.124771 | Ed=   24.538124 | ELJ=   25.713548 | Eelec= -444.313475
2026-05-19 13:29:07,440 INFO     [file_io.py:1048] <store_data> 
         step         time         temp        tot E        kin E        pot E         LJ E       Elec E       bond E        ang E        dih E           Px           Py           Pz
          250        0.125       155.11      -319.11       40.625      -359.74       28.985      -447.35       10.216       22.415       25.997  -2.7429e-11   5.6836e-10  -7.2631e-13
2026-05-19 13:29:07,440 INFO     [mdrun.py:1749] <main> Step      250/20000000 | Elapsed 0-00:00:04 |    2.514 ns/day |    9.545 h/ns |   58.203 step/s
2026-05-19 13:29:07,440 INFO     [mdrun.py:1750] <main> Thermo | T=  155.1124 K | P=    0.0000 bar | Ekin=   40.624805 | Eb=   10.216424 | Ea=   22.414653 | Ed=   25.996895 | ELJ=   28.984979 | Eelec= -447.350545
2026-05-19 13:29:07,526 INFO     [file_io.py:1048] <store_data> 
         step         time         temp        tot E        kin E        pot E         LJ E       Elec E       bond E        ang E        dih E           Px           Py           Pz
          260         0.13       138.75       -319.1        36.34      -355.44       30.192      -447.63       13.749       17.782       30.473  -7.5464e-11   9.2735e-10   1.8396e-11
2026-05-19 13:29:07,527 INFO     [mdrun.py:1749] <main> Step      260/20000000 | Elapsed 0-00:00:04 |    2.563 ns/day |    9.363 h/ns |   59.335 step/s
2026-05-19 13:29:07,527 INFO     [mdrun.py:1750] <main> Thermo | T=  138.7519 K | P=    0.0000 bar | Ekin=   36.339898 | Eb=   13.748936 | Ea=   17.782000 | Ed=   30.473448 | ELJ=   30.192076 | Eelec= -447.631641
2026-05-19 13:29:07,612 INFO     [file_io.py:1048] <store_data> 
         step         time         temp        tot E        kin E        pot E         LJ E       Elec E       bond E        ang E        dih E           Px           Py           Pz
          270        0.135       128.93      -319.08       33.768      -352.84       29.544      -442.21       15.483       15.631        28.71  -9.2007e-11   8.0432e-10   2.1128e-11
2026-05-19 13:29:07,612 INFO     [mdrun.py:1749] <main> Step      270/20000000 | Elapsed 0-00:00:04 |    2.611 ns/day |    9.193 h/ns |   60.433 step/s
2026-05-19 13:29:07,612 INFO     [mdrun.py:1750] <main> Thermo | T=  128.9328 K | P=    0.0000 bar | Ekin=   33.768213 | Eb=   15.482866 | Ea=   15.631027 | Ed=   28.709546 | ELJ=   29.544065 | Eelec= -442.212152
2026-05-19 13:29:07,697 INFO     [file_io.py:1048] <store_data> 
         step         time         temp        tot E        kin E        pot E         LJ E       Elec E       bond E        ang E        dih E           Px           Py           Pz
          280         0.14       140.27      -319.11       36.738      -355.85       29.864      -438.84        10.67       16.713       25.746  -9.1461e-11   6.3345e-10  -2.8482e-11
2026-05-19 13:29:07,697 INFO     [mdrun.py:1749] <main> Step      280/20000000 | Elapsed 0-00:00:04 |    2.657 ns/day |    9.034 h/ns |   61.498 step/s
2026-05-19 13:29:07,697 INFO     [mdrun.py:1750] <main> Thermo | T=  140.2738 K | P=    0.0000 bar | Ekin=   36.738482 | Eb=   10.670385 | Ea=   16.713321 | Ed=   25.745606 | ELJ=   29.864130 | Eelec= -438.843294
2026-05-19 13:29:07,787 INFO     [file_io.py:1048] <store_data> 
         step         time         temp        tot E        kin E        pot E         LJ E       Elec E       bond E        ang E        dih E           Px           Py           Pz
          290        0.145       137.31       -319.1       35.962      -355.06       31.134      -440.87       10.688       19.219       24.764  -1.1535e-10    5.279e-10   2.5556e-10
2026-05-19 13:29:07,787 INFO     [mdrun.py:1749] <main> Step      290/20000000 | Elapsed 0-00:00:04 |    2.698 ns/day |    8.895 h/ns |   62.454 step/s
2026-05-19 13:29:07,787 INFO     [mdrun.py:1750] <main> Thermo | T=  137.3072 K | P=    0.0000 bar | Ekin=   35.961519 | Eb=   10.688424 | Ea=   19.219009 | Ed=   24.764122 | ELJ=   31.133572 | Eelec= -440.869834
2026-05-19 13:29:07,885 INFO     [file_io.py:1048] <store_data> 
         step         time         temp        tot E        kin E        pot E         LJ E       Elec E       bond E        ang E        dih E           Px           Py           Pz
          300         0.15       136.96      -319.07        35.87      -354.94       34.144      -444.79       13.445       18.226       24.027    -7.46e-11   5.4517e-10   1.9937e-10
2026-05-19 13:29:07,886 INFO     [mdrun.py:1749] <main> Step      300/20000000 | Elapsed 0-00:00:04 |    2.733 ns/day |    8.782 h/ns |   63.264 step/s
2026-05-19 13:29:07,886 INFO     [mdrun.py:1750] <main> Thermo | T=  136.9583 K | P=    0.0000 bar | Ekin=   35.870155 | Eb=   13.445104 | Ea=   18.225637 | Ed=   24.027010 | ELJ=   34.143660 | Eelec= -444.785546
2026-05-19 13:29:07,971 INFO     [file_io.py:1048] <store_data> 
         step         time         temp        tot E        kin E        pot E         LJ E       Elec E       bond E        ang E        dih E           Px           Py           Pz
          310        0.155       155.38      -319.11       40.695      -359.81       37.029      -449.06       6.4095       20.603       25.211  -2.5503e-11   4.6884e-10   2.5391e-10
2026-05-19 13:29:07,972 INFO     [mdrun.py:1749] <main> Step      310/20000000 | Elapsed 0-00:00:04 |    2.774 ns/day |    8.653 h/ns |   64.206 step/s
2026-05-19 13:29:07,972 INFO     [mdrun.py:1750] <main> Thermo | T=  155.3799 K | P=    0.0000 bar | Ekin=   40.694867 | Eb=    6.409480 | Ea=   20.602725 | Ed=   25.211174 | ELJ=   37.029080 | Eelec= -449.061708
2026-05-19 13:29:08,058 INFO     [file_io.py:1048] <store_data> 
         step         time         temp        tot E        kin E        pot E         LJ E       Elec E       bond E        ang E        dih E           Px           Py           Pz
          320         0.16       135.44      -319.12       35.474      -354.59       36.554      -449.86       6.3625       25.014        27.34  -4.5161e-11   4.9057e-10   1.7746e-10
2026-05-19 13:29:08,058 INFO     [mdrun.py:1749] <main> Step      320/20000000 | Elapsed 0-00:00:04 |    2.813 ns/day |    8.533 h/ns |   65.106 step/s
2026-05-19 13:29:08,058 INFO     [mdrun.py:1750] <main> Thermo | T=  135.4443 K | P=    0.0000 bar | Ekin=   35.473605 | Eb=    6.362482 | Ea=   25.014114 | Ed=   27.339510 | ELJ=   36.553667 | Eelec= -449.858518
2026-05-19 13:29:08,144 INFO     [file_io.py:1048] <store_data> 
         step         time         temp        tot E        kin E        pot E         LJ E       Elec E       bond E        ang E        dih E           Px           Py           Pz
          330        0.165       98.122      -319.06       25.699      -344.76       35.496       -446.9       16.186       23.367       27.091  -1.0397e-10   4.9285e-10   1.1663e-10
2026-05-19 13:29:08,144 INFO     [mdrun.py:1749] <main> Step      330/20000000 | Elapsed 0-00:00:05 |    2.851 ns/day |    8.419 h/ns |   65.985 step/s
2026-05-19 13:29:08,144 INFO     [mdrun.py:1750] <main> Thermo | T=   98.1216 K | P=    0.0000 bar | Ekin=   25.698605 | Eb=   16.185979 | Ea=   23.367270 | Ed=   27.090501 | ELJ=   35.495837 | Eelec= -446.898998
2026-05-19 13:29:08,229 INFO     [file_io.py:1048] <store_data> 
         step         time         temp        tot E        kin E        pot E         LJ E       Elec E       bond E        ang E        dih E           Px           Py           Pz
          340         0.17       137.37      -319.11       35.978      -355.09       34.237      -445.47       14.915       15.722       25.513  -1.8612e-10   5.5982e-10   1.5635e-10
2026-05-19 13:29:08,229 INFO     [mdrun.py:1749] <main> Step      340/20000000 | Elapsed 0-00:00:05 |    2.888 ns/day |    8.311 h/ns |   66.850 step/s
2026-05-19 13:29:08,229 INFO     [mdrun.py:1750] <main> Thermo | T=  137.3709 K | P=    0.0000 bar | Ekin=   35.978214 | Eb=   14.915194 | Ea=   15.722064 | Ed=   25.513410 | ELJ=   34.237190 | Eelec= -445.473598
2026-05-19 13:29:08,315 INFO     [file_io.py:1048] <store_data> 
         step         time         temp        tot E        kin E        pot E         LJ E       Elec E       bond E        ang E        dih E           Px           Py           Pz
          350        0.175       169.44      -319.13       44.378       -363.5       31.382       -444.8       10.818       14.415        24.68  -2.2675e-10   5.6324e-10    1.359e-10
2026-05-19 13:29:08,315 INFO     [mdrun.py:1749] <main> Step      350/20000000 | Elapsed 0-00:00:05 |    2.923 ns/day |    8.210 h/ns |   67.670 step/s
2026-05-19 13:29:08,315 INFO     [mdrun.py:1750] <main> Thermo | T=  169.4415 K | P=    0.0000 bar | Ekin=   44.377674 | Eb=   10.818061 | Ea=   14.414563 | Ed=   24.680463 | ELJ=   31.382098 | Eelec= -444.799742
2026-05-19 13:29:08,415 INFO     [file_io.py:1048] <store_data> 
         step         time         temp        tot E        kin E        pot E         LJ E       Elec E       bond E        ang E        dih E           Px           Py           Pz
          360         0.18       137.07      -319.08       35.898      -354.97       28.508      -444.02       12.079       21.531       26.931  -1.1178e-10   5.7644e-10   1.1698e-10
2026-05-19 13:29:08,416 INFO     [mdrun.py:1749] <main> Step      360/20000000 | Elapsed 0-00:00:05 |    2.949 ns/day |    8.138 h/ns |   68.270 step/s
2026-05-19 13:29:08,416 INFO     [mdrun.py:1750] <main> Thermo | T=  137.0665 K | P=    0.0000 bar | Ekin=   35.898468 | Eb=   12.079447 | Ea=   21.530882 | Ed=   26.930850 | ELJ=   28.507788 | Eelec= -444.023665
2026-05-19 13:29:08,502 INFO     [file_io.py:1048] <store_data> 
         step         time         temp        tot E        kin E        pot E         LJ E       Elec E       bond E        ang E        dih E           Px           Py           Pz
          370        0.185       126.72       -319.1       33.189      -352.28       25.414      -444.44       11.556       24.758        30.43   -1.193e-10   9.2898e-10   1.9143e-10
2026-05-19 13:29:08,502 INFO     [mdrun.py:1749] <main> Step      370/20000000 | Elapsed 0-00:00:05 |    2.982 ns/day |    8.047 h/ns |   69.035 step/s
2026-05-19 13:29:08,502 INFO     [mdrun.py:1750] <main> Thermo | T=  126.7203 K | P=    0.0000 bar | Ekin=   33.188759 | Eb=   11.556376 | Ea=   24.758257 | Ed=   30.429792 | ELJ=   25.413732 | Eelec= -444.442891
2026-05-19 13:29:08,588 INFO     [file_io.py:1048] <store_data> 
         step         time         temp        tot E        kin E        pot E         LJ E       Elec E       bond E        ang E        dih E           Px           Py           Pz
          380         0.19       151.51      -319.11        39.68      -358.79       23.648      -444.55       12.128        22.69       27.291  -1.5725e-12   8.5651e-10   1.4669e-10
2026-05-19 13:29:08,588 INFO     [mdrun.py:1749] <main> Step      380/20000000 | Elapsed 0-00:00:05 |    3.015 ns/day |    7.961 h/ns |   69.781 step/s
2026-05-19 13:29:08,588 INFO     [mdrun.py:1750] <main> Thermo | T=  151.5064 K | P=    0.0000 bar | Ekin=   39.680369 | Eb=   12.128485 | Ea=   22.690396 | Ed=   27.291121 | ELJ=   23.647802 | Eelec= -444.550918
2026-05-19 13:29:08,672 INFO     [file_io.py:1048] <store_data> 
         step         time         temp        tot E        kin E        pot E         LJ E       Elec E       bond E        ang E        dih E           Px           Py           Pz
          390        0.195       171.47      -319.09       44.909         -364       24.795      -444.64       13.413       19.215       23.221  -7.5301e-11    8.633e-10   1.3756e-10
2026-05-19 13:29:08,673 INFO     [mdrun.py:1749] <main> Step      390/20000000 | Elapsed 0-00:00:05 |    3.046 ns/day |    7.878 h/ns |   70.517 step/s
2026-05-19 13:29:08,673 INFO     [mdrun.py:1750] <main> Thermo | T=  171.4705 K | P=    0.0000 bar | Ekin=   44.909086 | Eb=   13.413135 | Ea=   19.215195 | Ed=   23.220936 | ELJ=   24.794792 | Eelec= -444.642113
2026-05-19 13:29:08,758 INFO     [file_io.py:1048] <store_data> 
         step         time         temp        tot E        kin E        pot E         LJ E       Elec E       bond E        ang E        dih E           Px           Py           Pz
          400          0.2       166.39       -319.1        43.58      -362.68       26.961      -445.09       12.608        15.74         27.1  -1.5498e-10   8.1381e-10   1.2998e-10
2026-05-19 13:29:08,759 INFO     [mdrun.py:1749] <main> Step      400/20000000 | Elapsed 0-00:00:05 |    3.076 ns/day |    7.801 h/ns |   71.215 step/s
2026-05-19 13:29:08,759 INFO     [mdrun.py:1750] <main> Thermo | T=  166.3944 K | P=    0.0000 bar | Ekin=   43.579625 | Eb=   12.608347 | Ea=   15.740185 | Ed=   27.099752 | ELJ=   26.960702 | Eelec= -445.089310
2026-05-19 13:29:08,844 INFO     [file_io.py:1048] <store_data> 
         step         time         temp        tot E        kin E        pot E         LJ E       Elec E       bond E        ang E        dih E           Px           Py           Pz
          410        0.205       141.45      -319.11       37.048      -356.15       27.156      -443.91       10.497       16.729       33.372  -1.8406e-10   7.9911e-10    8.494e-11
2026-05-19 13:29:08,844 INFO     [mdrun.py:1749] <main> Step      410/20000000 | Elapsed 0-00:00:05 |    3.106 ns/day |    7.727 h/ns |   71.899 step/s
2026-05-19 13:29:08,844 INFO     [mdrun.py:1750] <main> Thermo | T=  141.4541 K | P=    0.0000 bar | Ekin=   37.047615 | Eb=   10.497268 | Ea=   16.729345 | Ed=   33.371897 | ELJ=   27.156222 | Eelec= -443.907918
2026-05-19 13:29:08,930 INFO     [file_io.py:1048] <store_data> 
         step         time         temp        tot E        kin E        pot E         LJ E       Elec E       bond E        ang E        dih E           Px           Py           Pz
          420         0.21       138.64      -319.09       36.311       -355.4        26.16      -443.28        8.162       22.169       31.392  -1.3915e-10   7.4632e-10   2.8089e-11
2026-05-19 13:29:08,931 INFO     [mdrun.py:1749] <main> Step      420/20000000 | Elapsed 0-00:00:05 |    3.134 ns/day |    7.657 h/ns |   72.552 step/s
2026-05-19 13:29:08,931 INFO     [mdrun.py:1750] <main> Thermo | T=  138.6408 K | P=    0.0000 bar | Ekin=   36.310790 | Eb=    8.161966 | Ea=   22.168746 | Ed=   31.391840 | ELJ=   26.159760 | Eelec= -443.280658
2026-05-19 13:29:09,016 INFO     [file_io.py:1048] <store_data> 
         step         time         temp        tot E        kin E        pot E         LJ E       Elec E       bond E        ang E        dih E           Px           Py           Pz
          430        0.215       156.07       -319.1       40.876      -359.98       25.033      -444.27       11.581       23.202       24.482  -3.6603e-11   6.6341e-10   7.1194e-11
2026-05-19 13:29:09,016 INFO     [mdrun.py:1749] <main> Step      430/20000000 | Elapsed 0-00:00:05 |    3.162 ns/day |    7.590 h/ns |   73.198 step/s
2026-05-19 13:29:09,016 INFO     [mdrun.py:1750] <main> Thermo | T=  156.0718 K | P=    0.0000 bar | Ekin=   40.876065 | Eb=   11.580559 | Ea=   23.201633 | Ed=   24.482267 | ELJ=   25.032795 | Eelec= -444.272778
2026-05-19 13:29:09,103 INFO     [file_io.py:1048] <store_data> 
         step         time         temp        tot E        kin E        pot E         LJ E       Elec E       bond E        ang E        dih E           Px           Py           Pz
          440         0.22        154.1      -319.11       40.361      -359.47       24.435      -444.37       14.918       21.021       24.533   1.4861e-11   5.7341e-10   1.1698e-10
2026-05-19 13:29:09,103 INFO     [mdrun.py:1749] <main> Step      440/20000000 | Elapsed 0-00:00:05 |    3.188 ns/day |    7.527 h/ns |   73.807 step/s
2026-05-19 13:29:09,103 INFO     [mdrun.py:1750] <main> Thermo | T=  154.1036 K | P=    0.0000 bar | Ekin=   40.360601 | Eb=   14.917565 | Ea=   21.021240 | Ed=   24.532875 | ELJ=   24.434864 | Eelec= -444.374680
2026-05-19 13:29:09,190 INFO     [file_io.py:1048] <store_data> 
         step         time         temp        tot E        kin E        pot E         LJ E       Elec E       bond E        ang E        dih E           Px           Py           Pz
          450        0.225       137.79       -319.1       36.087      -355.18       24.781      -444.59        13.94       20.115        30.57  -9.1482e-13   3.7642e-10   1.9161e-10
2026-05-19 13:29:09,190 INFO     [mdrun.py:1749] <main> Step      450/20000000 | Elapsed 0-00:00:06 |    3.214 ns/day |    7.467 h/ns |   74.398 step/s
2026-05-19 13:29:09,190 INFO     [mdrun.py:1750] <main> Thermo | T=  137.7875 K | P=    0.0000 bar | Ekin=   36.087324 | Eb=   13.940391 | Ea=   20.114730 | Ed=   30.570384 | ELJ=   24.780810 | Eelec= -444.590252
2026-05-19 13:29:09,276 INFO     [file_io.py:1048] <store_data> 
         step         time         temp        tot E        kin E        pot E         LJ E       Elec E       bond E        ang E        dih E           Px           Py           Pz
          460         0.23       114.57      -319.08       30.007      -349.08        25.17      -445.26       17.668       22.197       31.138   1.5144e-12  -1.4557e-10   2.1984e-10
2026-05-19 13:29:09,276 INFO     [mdrun.py:1749] <main> Step      460/20000000 | Elapsed 0-00:00:06 |    3.239 ns/day |    7.409 h/ns |   74.982 step/s
2026-05-19 13:29:09,276 INFO     [mdrun.py:1750] <main> Thermo | T=  114.5719 K | P=    0.0000 bar | Ekin=   30.007019 | Eb=   17.667517 | Ea=   22.196898 | Ed=   31.138356 | ELJ=   25.170419 | Eelec= -445.257937
2026-05-19 13:29:09,362 INFO     [file_io.py:1048] <store_data> 
         step         time         temp        tot E        kin E        pot E         LJ E       Elec E       bond E        ang E        dih E           Px           Py           Pz
          470        0.235       140.93      -319.11       36.911      -356.02       24.912       -444.8       16.335       22.881       24.655   1.1262e-11  -1.5614e-10   2.6476e-10
2026-05-19 13:29:09,362 INFO     [mdrun.py:1749] <main> Step      470/20000000 | Elapsed 0-00:00:06 |    3.264 ns/day |    7.353 h/ns |   75.553 step/s
2026-05-19 13:29:09,362 INFO     [mdrun.py:1750] <main> Thermo | T=  140.9337 K | P=    0.0000 bar | Ekin=   36.911315 | Eb=   16.334764 | Ea=   22.881007 | Ed=   24.654939 | ELJ=   24.912482 | Eelec= -444.799912
2026-05-19 13:29:09,447 INFO     [file_io.py:1048] <store_data> 
         step         time         temp        tot E        kin E        pot E         LJ E       Elec E       bond E        ang E        dih E           Px           Py           Pz
          480         0.24       163.59      -319.11       42.846      -361.96       25.004      -445.53       13.327       22.324       22.914  -1.0349e-10  -2.3535e-10  -3.4527e-10
2026-05-19 13:29:09,447 INFO     [mdrun.py:1749] <main> Step      480/20000000 | Elapsed 0-00:00:06 |    3.288 ns/day |    7.298 h/ns |   76.119 step/s
2026-05-19 13:29:09,447 INFO     [mdrun.py:1750] <main> Thermo | T=  163.5929 K | P=    0.0000 bar | Ekin=   42.845889 | Eb=   13.326924 | Ea=   22.324054 | Ed=   22.913645 | ELJ=   25.004062 | Eelec= -445.526844
2026-05-19 13:29:09,532 INFO     [file_io.py:1048] <store_data> 
         step         time         temp        tot E        kin E        pot E         LJ E       Elec E       bond E        ang E        dih E           Px           Py           Pz
          490        0.245       137.78      -319.07       36.085      -355.16       24.621      -446.69        18.42       20.926       27.561  -2.1024e-11  -2.2973e-11  -3.0911e-10
2026-05-19 13:29:09,532 INFO     [mdrun.py:1749] <main> Step      490/20000000 | Elapsed 0-00:00:06 |    3.312 ns/day |    7.246 h/ns |   76.670 step/s
2026-05-19 13:29:09,532 INFO     [mdrun.py:1750] <main> Thermo | T=  137.7779 K | P=    0.0000 bar | Ekin=   36.084792 | Eb=   18.420124 | Ea=   20.925983 | Ed=   27.561040 | ELJ=   24.620801 | Eelec= -446.687036
2026-05-19 13:29:09,616 INFO     [file_io.py:1048] <store_data> 
         step         time         temp        tot E        kin E        pot E         LJ E       Elec E       bond E        ang E        dih E           Px           Py           Pz
          500         0.25       154.15      -319.12       40.372      -359.49       23.973      -443.97       12.995       14.844       32.672   4.1463e-12   2.6447e-10  -2.8426e-10
2026-05-19 13:29:09,616 INFO     [mdrun.py:1749] <main> Step      500/20000000 | Elapsed 0-00:00:06 |    3.336 ns/day |    7.195 h/ns |   77.215 step/s
2026-05-19 13:29:09,616 INFO     [mdrun.py:1750] <main> Thermo | T=  154.1461 K | P=    0.0000 bar | Ekin=   40.371711 | Eb=   12.994736 | Ea=   14.844294 | Ed=   32.672160 | ELJ=   23.973369 | Eelec= -443.971389
2026-05-19 13:29:09,700 INFO     [file_io.py:1048] <store_data> 
         step         time         temp        tot E        kin E        pot E         LJ E       Elec E       bond E        ang E        dih E           Px           Py           Pz
          510        0.255       137.22      -319.11       35.939      -355.05       24.458      -441.03       8.1829       16.512       36.825   5.5895e-11   2.1006e-10  -3.1565e-10
2026-05-19 13:29:09,701 INFO     [mdrun.py:1749] <main> Step      510/20000000 | Elapsed 0-00:00:06 |    3.359 ns/day |    7.146 h/ns |   77.745 step/s
2026-05-19 13:29:09,701 INFO     [mdrun.py:1750] <main> Thermo | T=  137.2223 K | P=    0.0000 bar | Ekin=   35.939287 | Eb=    8.182928 | Ea=   16.511615 | Ed=   36.824541 | ELJ=   24.457669 | Eelec= -441.029514
2026-05-19 13:29:09,786 INFO     [file_io.py:1048] <store_data> 
         step         time         temp        tot E        kin E        pot E         LJ E       Elec E       bond E        ang E        dih E           Px           Py           Pz
          520         0.26        96.93      -319.05       25.387      -344.44       25.405      -440.91       13.827       21.908       35.334   1.0625e-10   2.5363e-10  -3.1084e-10
2026-05-19 13:29:09,786 INFO     [mdrun.py:1749] <main> Step      520/20000000 | Elapsed 0-00:00:06 |    3.380 ns/day |    7.100 h/ns |   78.248 step/s
2026-05-19 13:29:09,786 INFO     [mdrun.py:1750] <main> Thermo | T=   96.9303 K | P=    0.0000 bar | Ekin=   25.386585 | Eb=   13.827199 | Ea=   21.908162 | Ed=   35.333720 | ELJ=   25.404564 | Eelec= -440.914314
2026-05-19 13:29:09,871 INFO     [file_io.py:1048] <store_data> 
         step         time         temp        tot E        kin E        pot E         LJ E       Elec E       bond E        ang E        dih E           Px           Py           Pz
          530        0.265       178.03      -319.13       46.628      -365.76       25.831      -442.05       7.7574       14.431       28.277   1.2635e-10    2.756e-10   -2.481e-10
2026-05-19 13:29:09,871 INFO     [mdrun.py:1749] <main> Step      530/20000000 | Elapsed 0-00:00:06 |    3.402 ns/day |    7.055 h/ns |   78.743 step/s
2026-05-19 13:29:09,871 INFO     [mdrun.py:1750] <main> Thermo | T=  178.0345 K | P=    0.0000 bar | Ekin=   46.628222 | Eb=    7.757353 | Ea=   14.430692 | Ed=   28.277127 | ELJ=   25.831166 | Eelec= -442.053001
2026-05-19 13:29:09,956 INFO     [file_io.py:1048] <store_data> 
         step         time         temp        tot E        kin E        pot E         LJ E       Elec E       bond E        ang E        dih E           Px           Py           Pz
          540         0.27       179.88      -319.13       47.111      -366.24       27.214      -445.77       9.7499       16.407       26.155   1.5159e-10   1.3632e-10  -2.2011e-10
2026-05-19 13:29:09,956 INFO     [mdrun.py:1749] <main> Step      540/20000000 | Elapsed 0-00:00:06 |    3.423 ns/day |    7.012 h/ns |   79.228 step/s
2026-05-19 13:29:09,956 INFO     [mdrun.py:1750] <main> Thermo | T=  179.8792 K | P=    0.0000 bar | Ekin=   47.111357 | Eb=    9.749946 | Ea=   16.406527 | Ed=   26.155391 | ELJ=   27.214179 | Eelec= -445.766743
2026-05-19 13:29:10,041 INFO     [file_io.py:1048] <store_data> 
         step         time         temp        tot E        kin E        pot E         LJ E       Elec E       bond E        ang E        dih E           Px           Py           Pz
          550        0.275       80.274      -319.05       21.024      -340.07       30.068      -449.59       16.549       31.017       31.886   2.5797e-10    1.079e-10  -2.2515e-10
2026-05-19 13:29:10,041 INFO     [mdrun.py:1749] <main> Step      550/20000000 | Elapsed 0-00:00:06 |    3.443 ns/day |    6.970 h/ns |   79.703 step/s
2026-05-19 13:29:10,041 INFO     [mdrun.py:1750] <main> Thermo | T=   80.2745 K | P=    0.0000 bar | Ekin=   21.024333 | Eb=   16.548573 | Ea=   31.016936 | Ed=   31.886312 | ELJ=   30.067771 | Eelec= -449.593348
2026-05-19 13:29:10,125 INFO     [file_io.py:1048] <store_data> 
         step         time         temp        tot E        kin E        pot E         LJ E       Elec E       bond E        ang E        dih E           Px           Py           Pz
          560         0.28       123.51      -319.11       32.348      -351.46       29.021      -447.82       6.8922       27.114       33.337   2.0236e-10   1.9043e-10  -2.6254e-10
2026-05-19 13:29:10,126 INFO     [mdrun.py:1749] <main> Step      560/20000000 | Elapsed 0-00:00:06 |    3.463 ns/day |    6.930 h/ns |   80.168 step/s
2026-05-19 13:29:10,126 INFO     [mdrun.py:1750] <main> Thermo | T=  123.5096 K | P=    0.0000 bar | Ekin=   32.347843 | Eb=    6.892218 | Ea=   27.114480 | Ed=   33.336882 | ELJ=   29.020931 | Eelec= -447.824522
2026-05-19 13:29:10,210 INFO     [file_io.py:1048] <store_data> 
         step         time         temp        tot E        kin E        pot E         LJ E       Elec E       bond E        ang E        dih E           Px           Py           Pz
          570        0.285       176.51      -319.12       46.228      -365.35        24.98      -443.76       8.4818       16.042       28.899  -2.2572e-10   8.7083e-11  -3.0596e-10
2026-05-19 13:29:10,210 INFO     [mdrun.py:1749] <main> Step      570/20000000 | Elapsed 0-00:00:07 |    3.483 ns/day |    6.891 h/ns |   80.625 step/s
2026-05-19 13:29:10,210 INFO     [mdrun.py:1750] <main> Thermo | T=  176.5062 K | P=    0.0000 bar | Ekin=   46.227951 | Eb=    8.481834 | Ea=   16.042417 | Ed=   28.899118 | ELJ=   24.979559 | Eelec= -443.755026
2026-05-19 13:29:10,295 INFO     [file_io.py:1048] <store_data> 
         step         time         temp        tot E        kin E        pot E         LJ E       Elec E       bond E        ang E        dih E           Px           Py           Pz
          580         0.29       137.74      -319.07       36.076      -355.15       22.758      -441.03       14.692       19.507       28.927   2.4451e-10   3.4015e-10  -2.5692e-10
2026-05-19 13:29:10,295 INFO     [mdrun.py:1749] <main> Step      580/20000000 | Elapsed 0-00:00:07 |    3.502 ns/day |    6.854 h/ns |   81.060 step/s
2026-05-19 13:29:10,295 INFO     [mdrun.py:1750] <main> Thermo | T=  137.7429 K | P=    0.0000 bar | Ekin=   36.075644 | Eb=   14.691695 | Ea=   19.507473 | Ed=   28.927136 | ELJ=   22.757944 | Eelec= -441.034886
2026-05-19 13:29:10,380 INFO     [file_io.py:1048] <store_data> 
         step         time         temp        tot E        kin E        pot E         LJ E       Elec E       bond E        ang E        dih E           Px           Py           Pz
          590        0.295        130.9      -319.11       34.284      -353.39       21.818      -439.95       8.0035       20.216       36.515   2.1517e-10   7.3434e-11    -2.16e-10
2026-05-19 13:29:10,381 INFO     [mdrun.py:1749] <main> Step      590/20000000 | Elapsed 0-00:00:07 |    3.520 ns/day |    6.818 h/ns |   81.486 step/s
2026-05-19 13:29:10,381 INFO     [mdrun.py:1750] <main> Thermo | T=  130.9023 K | P=    0.0000 bar | Ekin=   34.284038 | Eb=    8.003515 | Ea=   20.216048 | Ed=   36.514853 | ELJ=   21.817560 | Eelec= -439.946544
2026-05-19 13:29:10,467 INFO     [file_io.py:1048] <store_data> 
         step         time         temp        tot E        kin E        pot E         LJ E       Elec E       bond E        ang E        dih E           Px           Py           Pz
          600          0.3       118.07      -319.11       30.924      -350.03       22.021      -443.45        8.742       19.051       43.607   2.2795e-10   3.4814e-10  -1.5692e-10
2026-05-19 13:29:10,467 INFO     [mdrun.py:1749] <main> Step      600/20000000 | Elapsed 0-00:00:07 |    3.538 ns/day |    6.784 h/ns |   81.890 step/s
2026-05-19 13:29:10,467 INFO     [mdrun.py:1750] <main> Thermo | T=  118.0715 K | P=    0.0000 bar | Ekin=   30.923573 | Eb=    8.742031 | Ea=   19.051203 | Ed=   43.607109 | ELJ=   22.020734 | Eelec= -443.450375
2026-05-19 13:29:10,552 INFO     [file_io.py:1048] <store_data> 
         step         time         temp        tot E        kin E        pot E         LJ E       Elec E       bond E        ang E        dih E           Px           Py           Pz
          610        0.305       100.72      -319.08        26.38      -345.46       24.274      -448.96       10.761       28.124       40.339  -2.0343e-10   3.3179e-10  -1.4754e-10
2026-05-19 13:29:10,553 INFO     [mdrun.py:1749] <main> Step      610/20000000 | Elapsed 0-00:00:07 |    3.555 ns/day |    6.751 h/ns |   82.291 step/s
2026-05-19 13:29:10,553 INFO     [mdrun.py:1750] <main> Thermo | T=  100.7231 K | P=    0.0000 bar | Ekin=   26.379944 | Eb=   10.760733 | Ea=   28.124079 | Ed=   40.339419 | ELJ=   24.273612 | Eelec= -448.955530
2026-05-19 13:29:10,639 INFO     [file_io.py:1048] <store_data> 
         step         time         temp        tot E        kin E        pot E         LJ E       Elec E       bond E        ang E        dih E           Px           Py           Pz
          620         0.31       140.49      -319.11       36.795      -355.91        26.16      -449.94       9.8061       28.023        30.04   2.5508e-10   3.1681e-10  -1.8837e-10
2026-05-19 13:29:10,639 INFO     [mdrun.py:1749] <main> Step      620/20000000 | Elapsed 0-00:00:07 |    3.571 ns/day |    6.720 h/ns |   82.672 step/s
2026-05-19 13:29:10,640 INFO     [mdrun.py:1750] <main> Thermo | T=  140.4903 K | P=    0.0000 bar | Ekin=   36.795196 | Eb=    9.806147 | Ea=   28.023134 | Ed=   30.039620 | ELJ=   26.160205 | Eelec= -449.937524
2026-05-19 13:29:10,724 INFO     [file_io.py:1048] <store_data> 
         step         time         temp        tot E        kin E        pot E         LJ E       Elec E       bond E        ang E        dih E           Px           Py           Pz
          630        0.315       145.18      -319.11       38.024      -357.14       26.303      -448.66        19.25        18.22       27.747    3.196e-10    2.576e-11  -2.2739e-10
2026-05-19 13:29:10,724 INFO     [mdrun.py:1749] <main> Step      630/20000000 | Elapsed 0-00:00:07 |    3.589 ns/day |    6.688 h/ns |   83.067 step/s
2026-05-19 13:29:10,724 INFO     [mdrun.py:1750] <main> Thermo | T=  145.1815 K | P=    0.0000 bar | Ekin=   38.023848 | Eb=   19.250278 | Ea=   18.219601 | Ed=   27.747402 | ELJ=   26.302617 | Eelec= -448.655930
2026-05-19 13:29:10,818 INFO     [file_io.py:1048] <store_data> 
         step         time         temp        tot E        kin E        pot E         LJ E       Elec E       bond E        ang E        dih E           Px           Py           Pz
          640         0.32       108.12      -319.09       28.317      -347.41       27.516      -448.33       20.325       20.725       32.355   3.1545e-10  -1.1164e-10  -2.6236e-10
2026-05-19 13:29:10,818 INFO     [mdrun.py:1749] <main> Step      640/20000000 | Elapsed 0-00:00:07 |    3.601 ns/day |    6.665 h/ns |   83.351 step/s
2026-05-19 13:29:10,818 INFO     [mdrun.py:1750] <main> Thermo | T=  108.1209 K | P=    0.0000 bar | Ekin=   28.317468 | Eb=   20.325144 | Ea=   20.724586 | Ed=   32.355235 | ELJ=   27.515807 | Eelec= -448.327661
2026-05-19 13:29:10,914 INFO     [file_io.py:1048] <store_data> 
         step         time         temp        tot E        kin E        pot E         LJ E       Elec E       bond E        ang E        dih E           Px           Py           Pz
          650        0.325       113.31       -319.1       29.676      -348.77       29.783         -448       12.639       25.188       31.621   2.9676e-10  -1.3804e-10  -1.8938e-10
2026-05-19 13:29:10,914 INFO     [mdrun.py:1749] <main> Step      650/20000000 | Elapsed 0-00:00:07 |    3.612 ns/day |    6.645 h/ns |   83.610 step/s
2026-05-19 13:29:10,914 INFO     [mdrun.py:1750] <main> Thermo | T=  113.3083 K | P=    0.0000 bar | Ekin=   29.676088 | Eb=   12.639260 | Ea=   25.187591 | Ed=   31.620804 | ELJ=   29.783046 | Eelec= -448.003173
2026-05-19 13:29:11,011 INFO     [file_io.py:1048] <store_data> 
         step         time         temp        tot E        kin E        pot E         LJ E       Elec E       bond E        ang E        dih E           Px           Py           Pz
          660         0.33       140.81      -319.11        36.88      -355.99       31.911      -448.54       11.894       19.654       29.085   2.5876e-10  -2.1357e-10  -1.6141e-10
2026-05-19 13:29:11,012 INFO     [mdrun.py:1749] <main> Step      660/20000000 | Elapsed 0-00:00:07 |    3.622 ns/day |    6.626 h/ns |   83.844 step/s
2026-05-19 13:29:11,012 INFO     [mdrun.py:1750] <main> Thermo | T=  140.8136 K | P=    0.0000 bar | Ekin=   36.879856 | Eb=   11.894045 | Ea=   19.653799 | Ed=   29.085025 | ELJ=   31.911180 | Eelec= -448.537143
2026-05-19 13:29:11,098 INFO     [file_io.py:1048] <store_data> 
         step         time         temp        tot E        kin E        pot E         LJ E       Elec E       bond E        ang E        dih E           Px           Py           Pz
          670        0.335        141.3       -319.1       37.008      -356.11       33.181       -449.1       11.643       18.029       30.141    2.281e-10  -2.0074e-10  -1.6859e-10
2026-05-19 13:29:11,098 INFO     [mdrun.py:1749] <main> Step      670/20000000 | Elapsed 0-00:00:07 |    3.637 ns/day |    6.599 h/ns |   84.191 step/s
2026-05-19 13:29:11,098 INFO     [mdrun.py:1750] <main> Thermo | T=  141.3014 K | P=    0.0000 bar | Ekin=   37.007637 | Eb=   11.642795 | Ea=   18.029470 | Ed=   30.141179 | ELJ=   33.180530 | Eelec= -449.099094
2026-05-19 13:29:11,183 INFO     [file_io.py:1048] <store_data> 
         step         time         temp        tot E        kin E        pot E         LJ E       Elec E       bond E        ang E        dih E           Px           Py           Pz
          680         0.34        152.1       -319.1       39.836      -358.93       32.012      -447.59       7.2425       16.949       32.459    1.387e-10  -1.2361e-10  -1.3949e-10
2026-05-19 13:29:11,183 INFO     [mdrun.py:1749] <main> Step      680/20000000 | Elapsed 0-00:00:08 |    3.652 ns/day |    6.571 h/ns |   84.543 step/s
2026-05-19 13:29:11,183 INFO     [mdrun.py:1750] <main> Thermo | T=  152.0993 K | P=    0.0000 bar | Ekin=   39.835660 | Eb=    7.242454 | Ea=   16.949294 | Ed=   32.458757 | ELJ=   32.011798 | Eelec= -447.594713
2026-05-19 13:29:11,268 INFO     [file_io.py:1048] <store_data> 
         step         time         temp        tot E        kin E        pot E         LJ E       Elec E       bond E        ang E        dih E           Px           Py           Pz
          690        0.345       153.44      -319.12       40.187      -359.31       29.955      -447.55       9.4704       13.886       34.934   1.0764e-10  -6.9693e-10  -2.1716e-10
2026-05-19 13:29:11,268 INFO     [mdrun.py:1749] <main> Step      690/20000000 | Elapsed 0-00:00:08 |    3.667 ns/day |    6.545 h/ns |   84.888 step/s
2026-05-19 13:29:11,268 INFO     [mdrun.py:1750] <main> Thermo | T=  153.4395 K | P=    0.0000 bar | Ekin=   40.186669 | Eb=    9.470388 | Ea=   13.886263 | Ed=   34.933947 | ELJ=   29.954798 | Eelec= -447.551418
2026-05-19 13:29:11,352 INFO     [file_io.py:1048] <store_data> 
         step         time         temp        tot E        kin E        pot E         LJ E       Elec E       bond E        ang E        dih E           Px           Py           Pz
          700         0.35       119.86      -319.09       31.392      -350.48       28.117      -448.96       14.726        18.86       36.775   1.6381e-11  -6.2842e-11  -2.3534e-10
2026-05-19 13:29:11,352 INFO     [mdrun.py:1749] <main> Step      700/20000000 | Elapsed 0-00:00:08 |    3.682 ns/day |    6.518 h/ns |   85.232 step/s
2026-05-19 13:29:11,353 INFO     [mdrun.py:1750] <main> Thermo | T=  119.8612 K | P=    0.0000 bar | Ekin=   31.392314 | Eb=   14.725890 | Ea=   18.860114 | Ed=   36.774746 | ELJ=   28.117492 | Eelec= -448.962538
2026-05-19 13:29:11,437 INFO     [file_io.py:1048] <store_data> 
         step         time         temp        tot E        kin E        pot E         LJ E       Elec E       bond E        ang E        dih E           Px           Py           Pz
          710        0.355       134.76      -319.08       35.295      -354.38       25.568      -448.66       15.062       19.766       33.883   1.0426e-10   6.4746e-11  -2.3963e-10
2026-05-19 13:29:11,438 INFO     [mdrun.py:1749] <main> Step      710/20000000 | Elapsed 0-00:00:08 |    3.696 ns/day |    6.493 h/ns |   85.563 step/s
2026-05-19 13:29:11,438 INFO     [mdrun.py:1750] <main> Thermo | T=  134.7627 K | P=    0.0000 bar | Ekin=   35.295101 | Eb=   15.062204 | Ea=   19.765720 | Ed=   33.882523 | ELJ=   25.567734 | Eelec= -448.657323
2026-05-19 13:29:11,523 INFO     [file_io.py:1048] <store_data> 
         step         time         temp        tot E        kin E        pot E         LJ E       Elec E       bond E        ang E        dih E           Px           Py           Pz
          720         0.36       188.93      -319.13       49.481      -368.61       22.759      -447.22        13.82       15.492       26.537   1.5432e-10   1.9096e-10  -3.2877e-10
2026-05-19 13:29:11,523 INFO     [mdrun.py:1749] <main> Step      720/20000000 | Elapsed 0-00:00:08 |    3.710 ns/day |    6.469 h/ns |   85.885 step/s
2026-05-19 13:29:11,523 INFO     [mdrun.py:1750] <main> Thermo | T=  188.9262 K | P=    0.0000 bar | Ekin=   49.480820 | Eb=   13.820244 | Ea=   15.492471 | Ed=   26.536925 | ELJ=   22.759275 | Eelec= -447.222418
2026-05-19 13:29:11,607 INFO     [file_io.py:1048] <store_data> 
         step         time         temp        tot E        kin E        pot E         LJ E       Elec E       bond E        ang E        dih E           Px           Py           Pz
          730        0.365       162.19       -319.1       42.479      -361.58       21.165      -445.27        18.78       20.944       22.799  -1.7196e-10   1.2318e-10  -3.2597e-10
2026-05-19 13:29:11,608 INFO     [mdrun.py:1749] <main> Step      730/20000000 | Elapsed 0-00:00:08 |    3.724 ns/day |    6.445 h/ns |   86.206 step/s
2026-05-19 13:29:11,608 INFO     [mdrun.py:1750] <main> Thermo | T=  162.1907 K | P=    0.0000 bar | Ekin=   42.478635 | Eb=   18.780219 | Ea=   20.943556 | Ed=   22.798981 | ELJ=   21.165321 | Eelec= -445.270134
2026-05-19 13:29:11,693 INFO     [file_io.py:1048] <store_data> 
         step         time         temp        tot E        kin E        pot E         LJ E       Elec E       bond E        ang E        dih E           Px           Py           Pz
          740         0.37       120.42      -319.08       31.537      -350.61       21.039      -442.21       13.745       29.725       27.087  -1.6993e-10   1.9934e-10  -3.1583e-10
2026-05-19 13:29:11,693 INFO     [mdrun.py:1749] <main> Step      740/20000000 | Elapsed 0-00:00:08 |    3.737 ns/day |    6.422 h/ns |   86.512 step/s
2026-05-19 13:29:11,693 INFO     [mdrun.py:1750] <main> Thermo | T=  120.4152 K | P=    0.0000 bar | Ekin=   31.537421 | Eb=   13.745433 | Ea=   29.724681 | Ed=   27.086757 | ELJ=   21.038733 | Eelec= -442.210444
2026-05-19 13:29:11,779 INFO     [file_io.py:1048] <store_data> 
         step         time         temp        tot E        kin E        pot E         LJ E       Elec E       bond E        ang E        dih E           Px           Py           Pz
          750        0.375       154.27      -319.13       40.405      -359.53       21.944      -439.83       6.1681       21.657       30.529  -8.6025e-11   2.1055e-10   -2.037e-10
2026-05-19 13:29:11,779 INFO     [mdrun.py:1749] <main> Step      750/20000000 | Elapsed 0-00:00:08 |    3.750 ns/day |    6.400 h/ns |   86.811 step/s
2026-05-19 13:29:11,779 INFO     [mdrun.py:1750] <main> Thermo | T=  154.2749 K | P=    0.0000 bar | Ekin=   40.405452 | Eb=    6.168146 | Ea=   21.657105 | Ed=   30.529241 | ELJ=   21.944179 | Eelec= -439.829383
2026-05-19 13:29:11,865 INFO     [file_io.py:1048] <store_data> 
         step         time         temp        tot E        kin E        pot E         LJ E       Elec E       bond E        ang E        dih E           Px           Py           Pz
          760         0.38        172.4      -319.11       45.154      -364.26       23.623      -438.46       15.122       8.5939       26.858  -2.2651e-11  -5.0823e-12  -1.5324e-10
2026-05-19 13:29:11,865 INFO     [mdrun.py:1749] <main> Step      760/20000000 | Elapsed 0-00:00:08 |    3.763 ns/day |    6.378 h/ns |   87.101 step/s
2026-05-19 13:29:11,865 INFO     [mdrun.py:1750] <main> Thermo | T=  172.4042 K | P=    0.0000 bar | Ekin=   45.153623 | Eb=   15.122085 | Ea=    8.593940 | Ed=   26.857699 | ELJ=   23.622784 | Eelec= -438.459753
2026-05-19 13:29:11,953 INFO     [file_io.py:1048] <store_data> 
         step         time         temp        tot E        kin E        pot E         LJ E       Elec E       bond E        ang E        dih E           Px           Py           Pz
          770        0.385       141.51      -319.09       37.063      -356.16       24.448       -438.2       17.628       13.331       26.642  -7.8407e-11   3.7073e-11  -1.2526e-10
2026-05-19 13:29:11,954 INFO     [mdrun.py:1749] <main> Step      770/20000000 | Elapsed 0-00:00:08 |    3.774 ns/day |    6.359 h/ns |   87.359 step/s
2026-05-19 13:29:11,954 INFO     [mdrun.py:1750] <main> Thermo | T=  141.5135 K | P=    0.0000 bar | Ekin=   37.063167 | Eb=   17.628155 | Ea=   13.330709 | Ed=   26.641604 | ELJ=   24.448223 | Eelec= -438.204828
2026-05-19 13:29:12,038 INFO     [file_io.py:1048] <store_data> 
         step         time         temp        tot E        kin E        pot E         LJ E       Elec E       bond E        ang E        dih E           Px           Py           Pz
          780         0.39       124.06      -319.11       32.493      -351.61       23.077      -439.13       8.1552       21.708       34.578  -1.8429e-10  -1.5124e-10  -1.4326e-11
2026-05-19 13:29:12,038 INFO     [mdrun.py:1749] <main> Step      780/20000000 | Elapsed 0-00:00:08 |    3.787 ns/day |    6.338 h/ns |   87.652 step/s
2026-05-19 13:29:12,038 INFO     [mdrun.py:1750] <main> Thermo | T=  124.0649 K | P=    0.0000 bar | Ekin=   32.493286 | Eb=    8.155245 | Ea=   21.707915 | Ed=   34.577582 | ELJ=   23.077300 | Eelec= -439.126273
2026-05-19 13:29:12,124 INFO     [file_io.py:1048] <store_data> 
         step         time         temp        tot E        kin E        pot E         LJ E       Elec E       bond E        ang E        dih E           Px           Py           Pz
          790        0.395       129.06       -319.1         33.8       -352.9         20.5      -438.99       9.2388       20.371       35.985  -5.6965e-11   1.2689e-10  -1.0119e-10
2026-05-19 13:29:12,124 INFO     [mdrun.py:1749] <main> Step      790/20000000 | Elapsed 0-00:00:08 |    3.798 ns/day |    6.318 h/ns |   87.928 step/s
2026-05-19 13:29:12,124 INFO     [mdrun.py:1750] <main> Thermo | T=  129.0552 K | P=    0.0000 bar | Ekin=   33.800267 | Eb=    9.238836 | Ea=   20.370916 | Ed=   35.985049 | ELJ=   20.499701 | Eelec= -438.991751
2026-05-19 13:29:12,210 INFO     [file_io.py:1048] <store_data> 
         step         time         temp        tot E        kin E        pot E         LJ E       Elec E       bond E        ang E        dih E           Px           Py           Pz
          800          0.4       137.62      -319.09       36.043      -355.13        18.28      -437.14       13.129       21.556       29.045  -6.4553e-11   1.7526e-10  -1.5548e-10
2026-05-19 13:29:12,211 INFO     [mdrun.py:1749] <main> Step      800/20000000 | Elapsed 0-00:00:09 |    3.810 ns/day |    6.300 h/ns |   88.189 step/s
2026-05-19 13:29:12,211 INFO     [mdrun.py:1750] <main> Thermo | T=  137.6189 K | P=    0.0000 bar | Ekin=   36.043149 | Eb=   13.129080 | Ea=   21.555514 | Ed=   29.044677 | ELJ=   18.280179 | Eelec= -437.141982
2026-05-19 13:29:12,296 INFO     [file_io.py:1048] <store_data> 
         step         time         temp        tot E        kin E        pot E         LJ E       Elec E       bond E        ang E        dih E           Px           Py           Pz
          810        0.405       159.59      -319.13       41.797      -360.93       17.103      -434.76       9.5332       19.612       27.585  -1.2563e-10   2.3401e-10  -2.6746e-10
2026-05-19 13:29:12,296 INFO     [mdrun.py:1749] <main> Step      810/20000000 | Elapsed 0-00:00:09 |    3.821 ns/day |    6.280 h/ns |   88.460 step/s
2026-05-19 13:29:12,296 INFO     [mdrun.py:1750] <main> Thermo | T=  159.5891 K | P=    0.0000 bar | Ekin=   41.797271 | Eb=    9.533186 | Ea=   19.611966 | Ed=   27.585469 | ELJ=   17.103161 | Eelec= -434.759835
2026-05-19 13:29:12,406 INFO     [file_io.py:1048] <store_data> 
         step         time         temp        tot E        kin E        pot E         LJ E       Elec E       bond E        ang E        dih E           Px           Py           Pz
          820         0.41       145.65       -319.1       38.145      -357.24       16.779      -433.36       14.972       12.765       31.605  -2.3409e-10   2.7659e-10  -1.8739e-10
2026-05-19 13:29:12,406 INFO     [mdrun.py:1749] <main> Step      820/20000000 | Elapsed 0-00:00:09 |    3.823 ns/day |    6.278 h/ns |   88.486 step/s
2026-05-19 13:29:12,406 INFO     [mdrun.py:1750] <main> Thermo | T=  145.6452 K | P=    0.0000 bar | Ekin=   38.145281 | Eb=   14.972148 | Ea=   12.765215 | Ed=   31.604602 | ELJ=   16.778973 | Eelec= -433.363715
2026-05-19 13:29:12,516 INFO     [file_io.py:1048] <store_data> 
         step         time         temp        tot E        kin E        pot E         LJ E       Elec E       bond E        ang E        dih E           Px           Py           Pz
          830        0.415       126.88      -319.09        33.23      -352.32       16.806      -435.04       16.955       17.116       31.843  -1.8485e-10   3.5985e-10  -2.3547e-10
2026-05-19 13:29:12,517 INFO     [mdrun.py:1749] <main> Step      830/20000000 | Elapsed 0-00:00:09 |    3.824 ns/day |    6.277 h/ns |   88.511 step/s
2026-05-19 13:29:12,517 INFO     [mdrun.py:1750] <main> Thermo | T=  126.8778 K | P=    0.0000 bar | Ekin=   33.230016 | Eb=   16.955192 | Ea=   17.115932 | Ed=   31.843218 | ELJ=   16.805686 | Eelec= -435.037027
2026-05-19 13:29:12,604 INFO     [file_io.py:1048] <store_data> 
         step         time         temp        tot E        kin E        pot E         LJ E       Elec E       bond E        ang E        dih E           Px           Py           Pz
          840         0.42        141.9      -319.13       37.165      -356.29       17.173      -438.24       8.2294       25.132       31.414   -1.866e-10   4.3017e-10  -4.1621e-11
2026-05-19 13:29:12,604 INFO     [mdrun.py:1749] <main> Step      840/20000000 | Elapsed 0-00:00:09 |    3.834 ns/day |    6.260 h/ns |   88.750 step/s
2026-05-19 13:29:12,604 INFO     [mdrun.py:1750] <main> Thermo | T=  141.9018 K | P=    0.0000 bar | Ekin=   37.164881 | Eb=    8.229406 | Ea=   25.131760 | Ed=   31.414447 | ELJ=   17.172995 | Eelec= -438.238519
2026-05-19 13:29:12,690 INFO     [file_io.py:1048] <store_data> 
         step         time         temp        tot E        kin E        pot E         LJ E       Elec E       bond E        ang E        dih E           Px           Py           Pz
          850        0.425       136.64       -319.1       35.787      -354.89       17.653      -439.42       10.347       23.747       32.792   -1.813e-10   1.9038e-10   8.4478e-11
2026-05-19 13:29:12,690 INFO     [mdrun.py:1749] <main> Step      850/20000000 | Elapsed 0-00:00:09 |    3.845 ns/day |    6.242 h/ns |   88.997 step/s
2026-05-19 13:29:12,690 INFO     [mdrun.py:1750] <main> Thermo | T=  136.6401 K | P=    0.0000 bar | Ekin=   35.786813 | Eb=   10.347217 | Ea=   23.746867 | Ed=   32.792323 | ELJ=   17.652922 | Eelec= -439.424343
2026-05-19 13:29:12,775 INFO     [file_io.py:1048] <store_data> 
         step         time         temp        tot E        kin E        pot E         LJ E       Elec E       bond E        ang E        dih E           Px           Py           Pz
          860         0.43       133.35      -319.09       34.926      -354.02       18.851      -439.26       12.264       20.786       33.338  -2.1849e-10   1.4098e-10   5.0803e-11
2026-05-19 13:29:12,775 INFO     [mdrun.py:1749] <main> Step      860/20000000 | Elapsed 0-00:00:09 |    3.855 ns/day |    6.225 h/ns |   89.245 step/s
2026-05-19 13:29:12,776 INFO     [mdrun.py:1750] <main> Thermo | T=  133.3520 K | P=    0.0000 bar | Ekin=   34.925640 | Eb=   12.263757 | Ea=   20.786474 | Ed=   33.338143 | ELJ=   18.850670 | Eelec= -439.255285
