# Diff-MD energy log
# step | time_fs | temp_K | E_total_kJmol | E_potential_kJmol | E_kin_kJmol | E_LJ_kJmol | E_elec_kJmol | E_bond_kJmol | E_angle_kJmol | E_torsional_kJmol | E_improper_torsional_kJmol
0          0.000    319.8845   -19623.459595   -24745.979614     5122.520020   -26230.972656  -191.989075     1008.036438   668.945679        0.000000        0.000000
         1          0.500    320.4667   -19615.334045   -24747.176819     5131.842773   -26232.181641     -192.037231     1008.079895      668.962158        0.000000        0.000000
         2          1.000    320.5482   -19615.241150   -24748.389587     5133.148438   -26233.406250     -192.085693     1008.123474      668.978882        0.000000        0.000000
         3          1.500    320.5266   -19616.816101   -24749.617859     5132.801758   -26234.646484     -192.134644     1008.167175      668.996094        0.000000        0.000000
         4          2.000    320.6954   -19615.353516   -24750.859375     5135.505859   -26235.900391     -192.183838     1008.211182      669.013672        0.000000        0.000000
         5          2.500    320.6012   -19618.118713   -24752.115784     5133.997070   -26237.169922     -192.233337     1008.256042      669.031433        0.000000        0.000000
         6          3.000    320.7635   -19616.786194   -24753.381897     5136.595703   -26238.449219     -192.283264     1008.300964      669.049622        0.000000        0.000000
         7          3.500    321.0342   -19613.730835   -24754.661499     5140.930664   -26239.742188     -192.333313     1008.345764      669.068237        0.000000        0.000000
         8          4.000    320.9914   -19615.709351   -24755.954468     5140.245117   -26241.048828     -192.383667     1008.390747      669.087280        0.000000        0.000000
         9          4.500    321.1949   -19613.753540   -24757.258423     5143.504883   -26242.367188     -192.434387     1008.436462      669.106689        0.000000        0.000000
        10          5.000    321.3508   -19612.574646   -24758.575623     5146.000977   -26243.699219     -192.485168     1008.482483      669.126282        0.000000        0.000000
        11          5.500    321.1635   -19616.902527   -24759.904480     5143.001953   -26245.042969     -192.536499     1008.528687      669.146301        0.000000        0.000000
        12          6.000    321.7126   -19609.448853   -24761.244263     5151.795410   -26246.398438     -192.588013     1008.575439      669.166748        0.000000        0.000000
        13          6.500    321.4512   -19614.992432   -24762.600342     5147.607910   -26247.769531     -192.640015     1008.621582      669.187622        0.000000        0.000000
        14          7.000    321.7842   -19611.023987   -24763.964417     5152.940430   -26249.148438     -192.692261     1008.667542      669.208740        0.000000        0.000000
        15          7.500    321.7878   -19612.341309   -24765.339355     5152.998047   -26250.539062     -192.744812     1008.714172      669.230347        0.000000        0.000000
        16          8.000    321.8078   -19613.405945   -24766.725281     5153.319336   -26251.941406     -192.797485     1008.761475      669.252136        0.000000        0.000000
        17          8.500    321.9124   -19613.130371   -24768.123535     5154.993164   -26253.355469     -192.850586     1008.808167      669.274353        0.000000        0.000000
        18          9.000    322.3204   -19608.002319   -24769.529663     5161.527344   -26254.777344     -192.903992     1008.854797      669.296875        0.000000        0.000000
        19          9.500    322.2606   -19610.377747   -24770.947083     5160.569336   -26256.210938     -192.957458     1008.901489      669.319824        0.000000        0.000000
        20         10.000    322.6108   -19606.201111   -24772.379822     5166.178711   -26257.660156     -193.011475     1008.948669      669.343140        0.000000        0.000000
        21         10.500    322.5641   -19608.381653   -24773.812317     5165.430664   -26259.109375     -193.065613     1008.995972      669.366699        0.000000        0.000000
        22         11.000    322.7913   -19606.188721   -24775.256592     5169.067871   -26260.570312     -193.119995     1009.043091      669.390625        0.000000        0.000000
        23         11.500    322.6654   -19609.662903   -24776.714661     5167.051758   -26262.044922     -193.174683     1009.090027      669.414917        0.000000        0.000000
        24         12.000    322.8590   -19608.022156   -24778.174500     5170.152344   -26263.521484     -193.229614     1009.136963      669.439636        0.000000        0.000000
        25         12.500    322.9529   -19607.989014   -24779.644287     5171.655273   -26265.007812     -193.284729     1009.183655      669.464600        0.000000        0.000000
        26         13.000    323.2982   -19603.931274   -24781.116821     5177.185547   -26266.496094     -193.339905     1009.229248      669.489929        0.000000        0.000000
        27         13.500    323.3160   -19605.130249   -24782.600952     5177.470703   -26267.996094     -193.395386     1009.274902      669.515625        0.000000        0.000000
        28         14.000    323.4642   -19604.244202   -24784.088440     5179.844238   -26269.500000     -193.450928     1009.320923      669.541565        0.000000        0.000000
        29         14.500    323.6555   -19602.675842   -24785.583557     5182.907715   -26271.011719     -193.506836     1009.367126      669.567871        0.000000        0.000000
        30         15.000    323.6140   -19604.840149   -24787.083313     5182.243164   -26272.527344     -193.563049     1009.412415      669.594666        0.000000        0.000000
        31         15.500    323.4659   -19608.718933   -24788.591003     5179.872070   -26274.050781     -193.619446     1009.457520      669.621704        0.000000        0.000000
        32         16.000    323.6739   -19606.898071   -24790.099243     5183.201172   -26275.574219     -193.676025     1009.502075      669.648926        0.000000        0.000000
        33         16.500    323.9230   -19604.423950   -24791.615356     5187.191406   -26277.105469     -193.732788     1009.546143      669.676758        0.000000        0.000000
        34         17.000    323.9167   -19606.041443   -24793.131287     5187.089844   -26278.636719     -193.790039     1009.590759      669.704712        0.000000        0.000000
        35         17.500    323.7732   -19609.864319   -24794.656311     5184.791992   -26280.175781     -193.847412     1009.633789      669.733093        0.000000        0.000000
        36         18.000    323.6203   -19613.833557   -24796.176819     5182.343262   -26281.710938     -193.905029     1009.677307      669.761841        0.000000        0.000000
        37         18.500    323.6584   -19614.746887   -24797.701477     5182.954590   -26283.250000     -193.962769     1009.720703      669.790588        0.000000        0.000000
        38         19.000    323.5254   -19618.403931   -24799.227173     5180.823242   -26284.789062     -194.020691     1009.762512      669.820068        0.000000        0.000000
        39         19.500    324.0668   -19611.260071   -24800.753723     5189.493652   -26286.328125     -194.079102     1009.803894      669.849609        0.000000        0.000000
        40         20.000    324.4736   -19606.279907   -24802.288208     5196.008301   -26287.875000     -194.137390     1009.844666      669.879517        0.000000        0.000000
        41         20.500    324.3794   -19609.318481   -24803.817505     5194.499023   -26289.416016     -194.196167     1009.884888      669.909790        0.000000        0.000000
        42         21.000    324.3694   -19611.012756   -24805.351624     5194.338867   -26290.960938     -194.255188     1009.924072      669.940430        0.000000        0.000000
        43         21.500    324.7453   -19606.523865   -24806.882263     5200.358398   -26292.501953     -194.314514     1009.962891      669.971313        0.000000        0.000000
        44         22.000    324.5539   -19611.120483   -24808.413940     5197.293457   -26294.042969     -194.373901     1010.000366      670.002563        0.000000        0.000000
        45         22.500    324.6245   -19611.524353   -24809.948181     5198.423828   -26295.585938     -194.433472     1010.037048      670.034180        0.000000        0.000000
        46         23.000    324.7173   -19611.563599   -24811.474731     5199.911133   -26297.121094     -194.493347     1010.073792      670.065918        0.000000        0.000000
        47         23.500    324.5899   -19615.135742   -24813.006348     5197.870605   -26298.660156     -194.553467     1010.109253      670.098022        0.000000        0.000000
        48         24.000    324.4378   -19619.094971   -24814.530518     5195.435547   -26300.191406     -194.613647     1010.143982      670.130554        0.000000        0.000000
        49         24.500    324.3934   -19621.330750   -24816.053894     5194.723145   -26301.720703     -194.673889     1010.177368      670.163330        0.000000        0.000000
        50         25.000    323.9674   -19629.676880   -24817.578247     5187.901367   -26303.250000     -194.734619     1010.210083      670.196289        0.000000        0.000000
        51         25.500    324.1133   -19628.855835   -24819.094116     5190.238281   -26304.769531     -194.795349     1010.241150      670.229614        0.000000        0.000000
        52         26.000    324.2692   -19627.875610   -24820.610474     5192.734863   -26306.289062     -194.856445     1010.271790      670.263245        0.000000        0.000000
        53         26.500    324.3933   -19627.393311   -24822.115967     5194.722656   -26307.796875     -194.917603     1010.301392      670.297119        0.000000        0.000000
        54         27.000    324.3582   -19629.462891   -24823.622559     5194.159668   -26309.304688     -194.979004     1010.329834      670.331299        0.000000        0.000000
        55         27.500    324.6317   -19626.588806   -24825.128845     5198.540039   -26310.810547     -195.040710     1010.356628      670.365784        0.000000        0.000000
        56         28.000    324.9738   -19622.607788   -24826.625854     5204.018066   -26312.306641     -195.102600     1010.382751      670.400635        0.000000        0.000000
        57         28.500    325.0665   -19622.618652   -24828.120605     5205.501953   -26313.798828     -195.164551     1010.407104      670.435669        0.000000        0.000000
        58         29.000    325.4473   -19618.007019   -24829.607117     5211.600098   -26315.281250     -195.226807     1010.429749      670.471191        0.000000        0.000000
        59         29.500    325.6646   -19616.011841   -24831.092407     5215.080566   -26316.761719     -195.289429     1010.451965      670.506775        0.000000        0.000000
        60         30.000    325.6578   -19617.598572   -24832.570740     5214.972168   -26318.234375     -195.351868     1010.472778      670.542725        0.000000        0.000000
        61         30.500    325.6924   -19618.512512   -24834.038879     5215.526367   -26319.695312     -195.414734     1010.492065      670.579102        0.000000        0.000000
        62         31.000    326.0061   -19614.951294   -24835.500122     5220.548828   -26321.148438     -195.477722     1010.510315      670.615723        0.000000        0.000000
        63         31.500    326.0555   -19615.616699   -24836.957520     5221.340820   -26322.595703     -195.541138     1010.526855      670.652466        0.000000        0.000000
        64         32.000    326.2011   -19614.729431   -24838.401794     5223.672363   -26324.029297     -195.604492     1010.542419      670.689575        0.000000        0.000000
        65         32.500    326.0615   -19618.404236   -24839.840759     5221.436523   -26325.457031     -195.668091     1010.557312      670.727051        0.000000        0.000000
        66         33.000    325.8881   -19622.613342   -24841.272522     5218.659180   -26326.875000     -195.732117     1010.569885      670.764709        0.000000        0.000000
        67         33.500    326.3483   -19616.667236   -24842.696533     5226.029297   -26328.285156     -195.796509     1010.582397      670.802734        0.000000        0.000000
        68         34.000    326.6383   -19613.438232   -24844.111084     5230.672852   -26329.683594     -195.860840     1010.592285      670.841064        0.000000        0.000000
        69         34.500    326.9030   -19610.602417   -24845.514526     5234.912109   -26331.070312     -195.925415     1010.601624      670.879578        0.000000        0.000000
        70         35.000    326.9793   -19610.778687   -24846.912476     5236.133789   -26332.449219     -195.990356     1010.608643      670.918457        0.000000        0.000000
        71         35.500    327.1124   -19610.029907   -24848.294556     5238.264648   -26333.812500     -196.055298     1010.615540      670.957703        0.000000        0.000000
        72         36.000    327.1974   -19610.040222   -24849.667175     5239.626953   -26335.164062     -196.120422     1010.620178      670.997131        0.000000        0.000000
        73         36.500    327.0774   -19613.328735   -24851.032837     5237.704102   -26336.507812     -196.185669     1010.623901      671.036743        0.000000        0.000000
        74         37.000    326.9089   -19617.377075   -24852.383911     5235.006836   -26337.835938     -196.251221     1010.626404      671.076843        0.000000        0.000000
        75         37.500    326.8598   -19619.506165   -24853.726868     5234.220703   -26339.154297     -196.316833     1010.627319      671.116943        0.000000        0.000000
        76         38.000    326.5843   -19625.246094   -24855.054688     5229.808594   -26340.457031     -196.382324     1010.627136      671.157532        0.000000        0.000000
        77         38.500    326.5735   -19626.739807   -24856.374573     5229.634766   -26341.750000     -196.448242     1010.625427      671.198242        0.000000        0.000000
        78         39.000    326.7518   -19625.189941   -24857.680176     5232.490234   -26343.027344     -196.514221     1010.622131      671.239258        0.000000        0.000000
        79         39.500    326.8784   -19624.457153   -24858.975708     5234.518555   -26344.292969     -196.580200     1010.616943      671.280518        0.000000        0.000000
        80         40.000    326.7694   -19627.488892   -24860.260864     5232.771973   -26345.546875     -196.646362     1010.610596      671.321777        0.000000        0.000000
        81         40.500    326.7885   -19628.453613   -24861.531738     5233.078125   -26346.785156     -196.712524     1010.602295      671.363647        0.000000        0.000000
        82         41.000    326.9271   -19627.494751   -24862.792603     5235.297852   -26348.011719     -196.778809     1010.592285      671.405640        0.000000        0.000000
        83         41.500    326.5726   -19634.423035   -24864.043152     5229.620117   -26349.226562     -196.845398     1010.580872      671.447937        0.000000        0.000000
        84         42.000    326.3176   -19639.742126   -24865.279724     5225.537598   -26350.425781     -196.911987     1010.567688      671.490356        0.000000        0.000000
        85         42.500    326.2692   -19641.740479   -24866.502197     5224.761719   -26351.609375     -196.978638     1010.552734      671.533081        0.000000        0.000000
